<?xml version="1.0" encoding="UTF-8"?>
<TestRun id="05dae4b0-3c68-4cf0-943e-5f84aa5b197e" name="Santos@ACERSANTOS 2014-01-10 01:32:05" runUser="ACERSANTOS\Santos" xmlns="http://microsoft.com/schemas/VisualStudio/TeamTest/2010">
  <TestSettings name="Local" id="66962cd2-99c7-4af5-b1c3-3f24a3ebdd1e">
    <Description>These are default test settings for a local test run.</Description>
    <Deployment enabled="false" runDeploymentRoot="Santos_ACERSANTOS 2014-01-10 01_32_05">
      <DeploymentItem filename="E:\Projects\SGIInventory\SGInvetory\SGInventory.Interfaces\bin\Debug\SGInventory.Common.Interfaces.dll" />
      <DeploymentItem filename="E:\Projects\SGIInventory\SGInvetory\SGInventory.Business.Model\bin\Debug\SGInventory.Business.Model.dll" />
      <DeploymentItem filename="E:\Projects\SGIInventory\SGInvetory\SGInventory.Enums\bin\Debug\SGInventory.Enums.dll" />
      <DeploymentItem filename="E:\Projects\SGIInventory\SGInvetory\SGInventory.Presenter\bin\Debug\SGInventory.Presenters.dll" />
      <DeploymentItem filename="E:\Projects\SGIInventory\SGInvetory\packages\Moq.4.0.10827\lib\NET40\Moq.dll" />
      <DeploymentItem filename="E:\Projects\SGIInventory\SGInvetory\Views\bin\Debug\SGInventory.Views.dll" />
      <DeploymentItem filename="E:\Projects\SGIInventory\SGInvetory\SGInventory.Model\bin\Debug\SGInventory.Model.dll" />
      <DeploymentItem filename="E:\Projects\SGIInventory\SGInvetory\SGInventory.Test.Data\bin\Debug\SGInventory.Test.Data.dll" />
      <DeploymentItem filename="E:\Projects\SGIInventory\SGInvetory\SGInventory.Helpers\bin\Debug\SGInventory.Helpers.dll" />
    </Deployment>
    <Execution>
      <TestTypeSpecific />
      <AgentRule name="Execution Agents">
      </AgentRule>
    </Execution>
  </TestSettings>
  <Times creation="2014-01-10T01:32:05.7411022+08:00" queuing="2014-01-10T01:32:05.7879772+08:00" start="2014-01-10T01:32:05.8192272+08:00" finish="2014-01-10T01:32:07.8817272+08:00" />
  <ResultSummary outcome="Completed">
    <Counters total="50" executed="50" passed="50" error="0" failed="0" timeout="0" aborted="0" inconclusive="0" passedButRunAborted="0" notRunnable="0" notExecuted="0" disconnected="0" warning="0" completed="0" inProgress="0" pending="0" />
  </ResultSummary>
  <TestDefinitions>
    <UnitTest name="LoadCost_Given_Washing_Is_Given_Test" storage="e:\projects\sgiinventory\sginvetory\sginventory.presenters.test\bin\debug\sginventory.presenters.test.dll" id="c96a23c4-7149-5feb-e6c2-9f64455f0f9f">
      <Execution id="9fc89013-f1ee-4bab-901a-7aca7ee42a83" />
      <TestMethod codeBase="E:/Projects/SGIInventory/SGInvetory/SGInventory.Presenters.Test/bin/Debug/SGInventory.Presenters.Test.DLL" adapterTypeName="Microsoft.VisualStudio.TestTools.TestTypes.Unit.UnitTestAdapter, Microsoft.VisualStudio.QualityTools.Tips.UnitTest.Adapter, Version=10.0.0.0, Culture=neutral, PublicKeyToken=b03f5f7f11d50a3a" className="SGInventory.Presenters.Test.DeliveryPresenterTest, SGInventory.Presenters.Test, Version=1.0.0.0, Culture=neutral, PublicKeyToken=null" name="LoadCost_Given_Washing_Is_Given_Test" />
    </UnitTest>
    <UnitTest name="SaveDeliveryDetail_Given_ItemIsDamageAndNonOthers_Test" storage="e:\projects\sgiinventory\sginvetory\sginventory.presenters.test\bin\debug\sginventory.presenters.test.dll" id="955b49e0-f828-eceb-3c2a-e295da2bb199">
      <Execution id="d16c5081-53b8-41ba-b01c-7f771f9f270b" />
      <TestMethod codeBase="E:/Projects/SGIInventory/SGInvetory/SGInventory.Presenters.Test/bin/Debug/SGInventory.Presenters.Test.DLL" adapterTypeName="Microsoft.VisualStudio.TestTools.TestTypes.Unit.UnitTestAdapter, Microsoft.VisualStudio.QualityTools.Tips.UnitTest.Adapter, Version=10.0.0.0, Culture=neutral, PublicKeyToken=b03f5f7f11d50a3a" className="SGInventory.Presenters.Test.DeliveryPresenterTest, SGInventory.Presenters.Test, Version=1.0.0.0, Culture=neutral, PublicKeyToken=null" name="SaveDeliveryDetail_Given_ItemIsDamageAndNonOthers_Test" />
    </UnitTest>
    <UnitTest name="SaveDeliveryDetail_Given_ItemIsGood_Test" storage="e:\projects\sgiinventory\sginvetory\sginventory.presenters.test\bin\debug\sginventory.presenters.test.dll" id="698ffbe7-b725-a227-e9f4-5258393318b2">
      <Execution id="93a58afa-6b86-43a7-804b-30c465ae9287" />
      <TestMethod codeBase="E:/Projects/SGIInventory/SGInvetory/SGInventory.Presenters.Test/bin/Debug/SGInventory.Presenters.Test.DLL" adapterTypeName="Microsoft.VisualStudio.TestTools.TestTypes.Unit.UnitTestAdapter, Microsoft.VisualStudio.QualityTools.Tips.UnitTest.Adapter, Version=10.0.0.0, Culture=neutral, PublicKeyToken=b03f5f7f11d50a3a" className="SGInventory.Presenters.Test.DeliveryPresenterTest, SGInventory.Presenters.Test, Version=1.0.0.0, Culture=neutral, PublicKeyToken=null" name="SaveDeliveryDetail_Given_ItemIsGood_Test" />
    </UnitTest>
    <UnitTest name="BuildDeliveryDetailsPanelWithAnInitialNonEmptyDeliveryAndNoDamageTest" storage="e:\projects\sgiinventory\sginvetory\sginventory.presenters.test\bin\debug\sginventory.presenters.test.dll" id="08dc6b0f-3858-decb-7953-b26cf57e7287">
      <Execution id="2c2db886-7421-4f98-b1e7-ec163330c306" />
      <TestMethod codeBase="E:/Projects/SGIInventory/SGInvetory/SGInventory.Presenters.Test/bin/Debug/SGInventory.Presenters.Test.DLL" adapterTypeName="Microsoft.VisualStudio.TestTools.TestTypes.Unit.UnitTestAdapter, Microsoft.VisualStudio.QualityTools.Tips.UnitTest.Adapter, Version=10.0.0.0, Culture=neutral, PublicKeyToken=b03f5f7f11d50a3a" className="SGInventory.Presenters.Test.DeliveryPresenterTest, SGInventory.Presenters.Test, Version=1.0.0.0, Culture=neutral, PublicKeyToken=null" name="BuildDeliveryDetailsPanelWithAnInitialNonEmptyDeliveryAndNoDamageTest" />
    </UnitTest>
    <UnitTest name="ProcessItemCodeAfterScanning_ProductDetailNotExists_Test" storage="e:\projects\sgiinventory\sginvetory\sginventory.presenters.test\bin\debug\sginventory.presenters.test.dll" id="b589c64f-2b20-2250-9e4b-8559e7595006">
      <Execution id="155ab527-5f68-4fba-8104-fc555d37f608" />
      <TestMethod codeBase="E:/Projects/SGIInventory/SGInvetory/SGInventory.Presenters.Test/bin/Debug/SGInventory.Presenters.Test.DLL" adapterTypeName="Microsoft.VisualStudio.TestTools.TestTypes.Unit.UnitTestAdapter, Microsoft.VisualStudio.QualityTools.Tips.UnitTest.Adapter, Version=10.0.0.0, Culture=neutral, PublicKeyToken=b03f5f7f11d50a3a" className="SGInventory.Presenters.Test.DeliveryPresenterTest, SGInventory.Presenters.Test, Version=1.0.0.0, Culture=neutral, PublicKeyToken=null" name="ProcessItemCodeAfterScanning_ProductDetailNotExists_Test" />
    </UnitTest>
    <UnitTest name="LoadProductStatusTest" storage="e:\projects\sgiinventory\sginvetory\sginventory.presenters.test\bin\debug\sginventory.presenters.test.dll" id="4eb87f62-6044-b074-ea4d-e895f913a38d">
      <Execution id="c1b2eb81-d83b-4dd6-8261-5a3ac5665010" />
      <TestMethod codeBase="E:/Projects/SGIInventory/SGInvetory/SGInventory.Presenters.Test/bin/Debug/SGInventory.Presenters.Test.DLL" adapterTypeName="Microsoft.VisualStudio.TestTools.TestTypes.Unit.UnitTestAdapter, Microsoft.VisualStudio.QualityTools.Tips.UnitTest.Adapter, Version=10.0.0.0, Culture=neutral, PublicKeyToken=b03f5f7f11d50a3a" className="SGInventory.Presenters.Test.DeliveryPresenterTest, SGInventory.Presenters.Test, Version=1.0.0.0, Culture=neutral, PublicKeyToken=null" name="LoadProductStatusTest" />
    </UnitTest>
    <UnitTest name="LoadSelectedProductProductDetailTest" storage="e:\projects\sgiinventory\sginvetory\sginventory.presenters.test\bin\debug\sginventory.presenters.test.dll" id="d9de7a0e-b476-721e-1ad3-17f7ad46f19c">
      <Execution id="795f2353-c339-45b4-aacf-686a2ebc3e3b" />
      <TestMethod codeBase="E:/Projects/SGIInventory/SGInvetory/SGInventory.Presenters.Test/bin/Debug/SGInventory.Presenters.Test.DLL" adapterTypeName="Microsoft.VisualStudio.TestTools.TestTypes.Unit.UnitTestAdapter, Microsoft.VisualStudio.QualityTools.Tips.UnitTest.Adapter, Version=10.0.0.0, Culture=neutral, PublicKeyToken=b03f5f7f11d50a3a" className="SGInventory.Presenters.Test.DeliveryPresenterTest, SGInventory.Presenters.Test, Version=1.0.0.0, Culture=neutral, PublicKeyToken=null" name="LoadSelectedProductProductDetailTest" />
    </UnitTest>
    <UnitTest name="BuildDeliveryDetailsPanelTest" storage="e:\projects\sgiinventory\sginvetory\sginventory.presenters.test\bin\debug\sginventory.presenters.test.dll" id="db04381d-9eba-9777-cc16-6508ab5fd323">
      <Execution id="87b00946-4363-47e3-8594-80fcd9a3e1c7" />
      <TestMethod codeBase="E:/Projects/SGIInventory/SGInvetory/SGInventory.Presenters.Test/bin/Debug/SGInventory.Presenters.Test.DLL" adapterTypeName="Microsoft.VisualStudio.TestTools.TestTypes.Unit.UnitTestAdapter, Microsoft.VisualStudio.QualityTools.Tips.UnitTest.Adapter, Version=10.0.0.0, Culture=neutral, PublicKeyToken=b03f5f7f11d50a3a" className="SGInventory.Presenters.Test.DeliveryPresenterTest, SGInventory.Presenters.Test, Version=1.0.0.0, Culture=neutral, PublicKeyToken=null" name="BuildDeliveryDetailsPanelTest" />
    </UnitTest>
    <UnitTest name="SwitchSearchMode_GivenTrue_Test" storage="e:\projects\sgiinventory\sginvetory\sginventory.presenters.test\bin\debug\sginventory.presenters.test.dll" id="2e6cd78c-f356-f6bb-2338-7d56e4dfef0c">
      <Execution id="c0b1e5e6-607d-4a65-bb92-2ee391045b19" />
      <TestMethod codeBase="E:/Projects/SGIInventory/SGInvetory/SGInventory.Presenters.Test/bin/Debug/SGInventory.Presenters.Test.DLL" adapterTypeName="Microsoft.VisualStudio.TestTools.TestTypes.Unit.UnitTestAdapter, Microsoft.VisualStudio.QualityTools.Tips.UnitTest.Adapter, Version=10.0.0.0, Culture=neutral, PublicKeyToken=b03f5f7f11d50a3a" className="SGInventory.Presenters.Test.DeliveryPresenterTest, SGInventory.Presenters.Test, Version=1.0.0.0, Culture=neutral, PublicKeyToken=null" name="SwitchSearchMode_GivenTrue_Test" />
    </UnitTest>
    <UnitTest name="BuildDeliveryDetailsPanelWithAnInitialNonEmptyDeliveryAndNoDamageAndAddedSameSizeTest" storage="e:\projects\sgiinventory\sginvetory\sginventory.presenters.test\bin\debug\sginventory.presenters.test.dll" id="776083fb-40d9-ace0-cafd-b575a93717af">
      <Execution id="d860db94-9843-4237-8b5c-0ec45746469d" />
      <TestMethod codeBase="E:/Projects/SGIInventory/SGInvetory/SGInventory.Presenters.Test/bin/Debug/SGInventory.Presenters.Test.DLL" adapterTypeName="Microsoft.VisualStudio.TestTools.TestTypes.Unit.UnitTestAdapter, Microsoft.VisualStudio.QualityTools.Tips.UnitTest.Adapter, Version=10.0.0.0, Culture=neutral, PublicKeyToken=b03f5f7f11d50a3a" className="SGInventory.Presenters.Test.DeliveryPresenterTest, SGInventory.Presenters.Test, Version=1.0.0.0, Culture=neutral, PublicKeyToken=null" name="BuildDeliveryDetailsPanelWithAnInitialNonEmptyDeliveryAndNoDamageAndAddedSameSizeTest" />
    </UnitTest>
    <UnitTest name="ProcessItemCodeAfterScanning_ProductDetailExists_Test" storage="e:\projects\sgiinventory\sginvetory\sginventory.presenters.test\bin\debug\sginventory.presenters.test.dll" id="3b4616a9-73ef-420a-08b6-6dcff08c24e1">
      <Execution id="fe345414-e894-4579-9b0c-3435e22aac27" />
      <TestMethod codeBase="E:/Projects/SGIInventory/SGInvetory/SGInventory.Presenters.Test/bin/Debug/SGInventory.Presenters.Test.DLL" adapterTypeName="Microsoft.VisualStudio.TestTools.TestTypes.Unit.UnitTestAdapter, Microsoft.VisualStudio.QualityTools.Tips.UnitTest.Adapter, Version=10.0.0.0, Culture=neutral, PublicKeyToken=b03f5f7f11d50a3a" className="SGInventory.Presenters.Test.DeliveryPresenterTest, SGInventory.Presenters.Test, Version=1.0.0.0, Culture=neutral, PublicKeyToken=null" name="ProcessItemCodeAfterScanning_ProductDetailExists_Test" />
    </UnitTest>
    <UnitTest name="SaveDelivery_Given_Delivery_Detail_IsNull" storage="e:\projects\sgiinventory\sginvetory\sginventory.presenters.test\bin\debug\sginventory.presenters.test.dll" id="9b4b7832-1dfe-9ab1-20b0-314be6fd0d43">
      <Execution id="332591c9-3352-4288-bfab-6414c837c4a5" />
      <TestMethod codeBase="E:/Projects/SGIInventory/SGInvetory/SGInventory.Presenters.Test/bin/Debug/SGInventory.Presenters.Test.DLL" adapterTypeName="Microsoft.VisualStudio.TestTools.TestTypes.Unit.UnitTestAdapter, Microsoft.VisualStudio.QualityTools.Tips.UnitTest.Adapter, Version=10.0.0.0, Culture=neutral, PublicKeyToken=b03f5f7f11d50a3a" className="SGInventory.Presenters.Test.DeliveryPresenterTest, SGInventory.Presenters.Test, Version=1.0.0.0, Culture=neutral, PublicKeyToken=null" name="SaveDelivery_Given_Delivery_Detail_IsNull" />
    </UnitTest>
    <UnitTest name="BuildDeliveryDetailsPanelWithAnInitialNonEmptyDeliveryAndDamageWithSameSDamageDescriptionTest" storage="e:\projects\sgiinventory\sginvetory\sginventory.presenters.test\bin\debug\sginventory.presenters.test.dll" id="284e77e3-a7f2-0e57-8ddf-dc3ad1476560">
      <Execution id="93d8c688-d5f0-4b1a-b046-1dd88c121580" />
      <TestMethod codeBase="E:/Projects/SGIInventory/SGInvetory/SGInventory.Presenters.Test/bin/Debug/SGInventory.Presenters.Test.DLL" adapterTypeName="Microsoft.VisualStudio.TestTools.TestTypes.Unit.UnitTestAdapter, Microsoft.VisualStudio.QualityTools.Tips.UnitTest.Adapter, Version=10.0.0.0, Culture=neutral, PublicKeyToken=b03f5f7f11d50a3a" className="SGInventory.Presenters.Test.DeliveryPresenterTest, SGInventory.Presenters.Test, Version=1.0.0.0, Culture=neutral, PublicKeyToken=null" name="BuildDeliveryDetailsPanelWithAnInitialNonEmptyDeliveryAndDamageWithSameSDamageDescriptionTest" />
    </UnitTest>
    <UnitTest name="YearGeneratorTest" storage="e:\projects\sgiinventory\sginvetory\sginventory.presenters.test\bin\debug\sginventory.presenters.test.dll" id="3efa30ea-c6d0-e809-4767-f9b87a4423fd">
      <Execution id="750ec50c-35c6-4232-803d-7d31ad103411" />
      <TestMethod codeBase="E:/Projects/SGIInventory/SGInvetory/SGInventory.Presenters.Test/bin/Debug/SGInventory.Presenters.Test.DLL" adapterTypeName="Microsoft.VisualStudio.TestTools.TestTypes.Unit.UnitTestAdapter, Microsoft.VisualStudio.QualityTools.Tips.UnitTest.Adapter, Version=10.0.0.0, Culture=neutral, PublicKeyToken=b03f5f7f11d50a3a" className="SGInventory.Presenters.Test.DeliveryPresenterTest, SGInventory.Presenters.Test, Version=1.0.0.0, Culture=neutral, PublicKeyToken=null" name="YearGeneratorTest" />
    </UnitTest>
    <UnitTest name="DisableOrEnableSaveDeliveryButton_Given_SupplierName_IsIncorrectlyInput_Test" storage="e:\projects\sgiinventory\sginvetory\sginventory.presenters.test\bin\debug\sginventory.presenters.test.dll" id="faed0243-f7e8-cdd9-b5b9-3933b9a315c5">
      <Execution id="7bec3ef2-25ab-4166-94c9-994a62a4e9f2" />
      <TestMethod codeBase="E:/Projects/SGIInventory/SGInvetory/SGInventory.Presenters.Test/bin/Debug/SGInventory.Presenters.Test.DLL" adapterTypeName="Microsoft.VisualStudio.TestTools.TestTypes.Unit.UnitTestAdapter, Microsoft.VisualStudio.QualityTools.Tips.UnitTest.Adapter, Version=10.0.0.0, Culture=neutral, PublicKeyToken=b03f5f7f11d50a3a" className="SGInventory.Presenters.Test.DeliveryPresenterTest, SGInventory.Presenters.Test, Version=1.0.0.0, Culture=neutral, PublicKeyToken=null" name="DisableOrEnableSaveDeliveryButton_Given_SupplierName_IsIncorrectlyInput_Test" />
    </UnitTest>
    <UnitTest name="SwitchSearchMode_GivenFalse_Test" storage="e:\projects\sgiinventory\sginvetory\sginventory.presenters.test\bin\debug\sginventory.presenters.test.dll" id="d4371ab4-4581-fe2f-5f25-170497c8a690">
      <Execution id="cdb3e9e9-aaf6-4431-ad3d-634f7b1bc153" />
      <TestMethod codeBase="E:/Projects/SGIInventory/SGInvetory/SGInventory.Presenters.Test/bin/Debug/SGInventory.Presenters.Test.DLL" adapterTypeName="Microsoft.VisualStudio.TestTools.TestTypes.Unit.UnitTestAdapter, Microsoft.VisualStudio.QualityTools.Tips.UnitTest.Adapter, Version=10.0.0.0, Culture=neutral, PublicKeyToken=b03f5f7f11d50a3a" className="SGInventory.Presenters.Test.DeliveryPresenterTest, SGInventory.Presenters.Test, Version=1.0.0.0, Culture=neutral, PublicKeyToken=null" name="SwitchSearchMode_GivenFalse_Test" />
    </UnitTest>
    <UnitTest name="BuildDeliveryDetailsPanelWithAnInitialNonEmptyDeliveryAndWithAdditionalDamageTest" storage="e:\projects\sgiinventory\sginvetory\sginventory.presenters.test\bin\debug\sginventory.presenters.test.dll" id="5135972e-6238-db4e-d032-88e725990ef7">
      <Execution id="ac0de680-5408-43e1-b9da-6298998a2c37" />
      <TestMethod codeBase="E:/Projects/SGIInventory/SGInvetory/SGInventory.Presenters.Test/bin/Debug/SGInventory.Presenters.Test.DLL" adapterTypeName="Microsoft.VisualStudio.TestTools.TestTypes.Unit.UnitTestAdapter, Microsoft.VisualStudio.QualityTools.Tips.UnitTest.Adapter, Version=10.0.0.0, Culture=neutral, PublicKeyToken=b03f5f7f11d50a3a" className="SGInventory.Presenters.Test.DeliveryPresenterTest, SGInventory.Presenters.Test, Version=1.0.0.0, Culture=neutral, PublicKeyToken=null" name="BuildDeliveryDetailsPanelWithAnInitialNonEmptyDeliveryAndWithAdditionalDamageTest" />
    </UnitTest>
    <UnitTest name="SelectDamageIsNotOtherTest" storage="e:\projects\sgiinventory\sginvetory\sginventory.presenters.test\bin\debug\sginventory.presenters.test.dll" id="2b6dab54-cc59-ad3c-8563-37eb80167637">
      <Execution id="a534888e-aea2-41a2-8fc4-98a60994f0aa" />
      <TestMethod codeBase="E:/Projects/SGIInventory/SGInvetory/SGInventory.Presenters.Test/bin/Debug/SGInventory.Presenters.Test.DLL" adapterTypeName="Microsoft.VisualStudio.TestTools.TestTypes.Unit.UnitTestAdapter, Microsoft.VisualStudio.QualityTools.Tips.UnitTest.Adapter, Version=10.0.0.0, Culture=neutral, PublicKeyToken=b03f5f7f11d50a3a" className="SGInventory.Presenters.Test.DeliveryPresenterTest, SGInventory.Presenters.Test, Version=1.0.0.0, Culture=neutral, PublicKeyToken=null" name="SelectDamageIsNotOtherTest" />
    </UnitTest>
    <UnitTest name="BuildDeliveryDetailsPanelWithAnInitialEmptyDeliveryTest" storage="e:\projects\sgiinventory\sginvetory\sginventory.presenters.test\bin\debug\sginventory.presenters.test.dll" id="2099bdbf-5489-2689-5f62-4f14732e624e">
      <Execution id="a5e8bcfd-e6df-4be8-83cc-ff87ecb80d91" />
      <TestMethod codeBase="E:/Projects/SGIInventory/SGInvetory/SGInventory.Presenters.Test/bin/Debug/SGInventory.Presenters.Test.DLL" adapterTypeName="Microsoft.VisualStudio.TestTools.TestTypes.Unit.UnitTestAdapter, Microsoft.VisualStudio.QualityTools.Tips.UnitTest.Adapter, Version=10.0.0.0, Culture=neutral, PublicKeyToken=b03f5f7f11d50a3a" className="SGInventory.Presenters.Test.DeliveryPresenterTest, SGInventory.Presenters.Test, Version=1.0.0.0, Culture=neutral, PublicKeyToken=null" name="BuildDeliveryDetailsPanelWithAnInitialEmptyDeliveryTest" />
    </UnitTest>
    <UnitTest name="LoadCost_Given_Size_Is_Given_Test" storage="e:\projects\sgiinventory\sginvetory\sginventory.presenters.test\bin\debug\sginventory.presenters.test.dll" id="02169cf8-af27-3859-a0f5-77839280f6b1">
      <Execution id="3893c75e-f2d6-49c5-aaa9-1d3b42640010" />
      <TestMethod codeBase="E:/Projects/SGIInventory/SGInvetory/SGInventory.Presenters.Test/bin/Debug/SGInventory.Presenters.Test.DLL" adapterTypeName="Microsoft.VisualStudio.TestTools.TestTypes.Unit.UnitTestAdapter, Microsoft.VisualStudio.QualityTools.Tips.UnitTest.Adapter, Version=10.0.0.0, Culture=neutral, PublicKeyToken=b03f5f7f11d50a3a" className="SGInventory.Presenters.Test.DeliveryPresenterTest, SGInventory.Presenters.Test, Version=1.0.0.0, Culture=neutral, PublicKeyToken=null" name="LoadCost_Given_Size_Is_Given_Test" />
    </UnitTest>
    <UnitTest name="DisableOrEnableSaveDeliveryButton_GivenInputDamageIsFabric_Test" storage="e:\projects\sgiinventory\sginvetory\sginventory.presenters.test\bin\debug\sginventory.presenters.test.dll" id="0caf0e9b-f83b-5c73-8740-3c54cefa2c31">
      <Execution id="55482525-5fdf-439a-a35a-0a94d0ae8080" />
      <TestMethod codeBase="E:/Projects/SGIInventory/SGInvetory/SGInventory.Presenters.Test/bin/Debug/SGInventory.Presenters.Test.DLL" adapterTypeName="Microsoft.VisualStudio.TestTools.TestTypes.Unit.UnitTestAdapter, Microsoft.VisualStudio.QualityTools.Tips.UnitTest.Adapter, Version=10.0.0.0, Culture=neutral, PublicKeyToken=b03f5f7f11d50a3a" className="SGInventory.Presenters.Test.DeliveryPresenterTest, SGInventory.Presenters.Test, Version=1.0.0.0, Culture=neutral, PublicKeyToken=null" name="DisableOrEnableSaveDeliveryButton_GivenInputDamageIsFabric_Test" />
    </UnitTest>
    <UnitTest name="LoadSelectedProductByProductTest" storage="e:\projects\sgiinventory\sginvetory\sginventory.presenters.test\bin\debug\sginventory.presenters.test.dll" id="8c1e773a-137a-9b93-574d-7de86f793fdf">
      <Execution id="bdc54839-a9a1-4fd6-95e6-2133dfa2739e" />
      <TestMethod codeBase="E:/Projects/SGIInventory/SGInvetory/SGInventory.Presenters.Test/bin/Debug/SGInventory.Presenters.Test.DLL" adapterTypeName="Microsoft.VisualStudio.TestTools.TestTypes.Unit.UnitTestAdapter, Microsoft.VisualStudio.QualityTools.Tips.UnitTest.Adapter, Version=10.0.0.0, Culture=neutral, PublicKeyToken=b03f5f7f11d50a3a" className="SGInventory.Presenters.Test.DeliveryPresenterTest, SGInventory.Presenters.Test, Version=1.0.0.0, Culture=neutral, PublicKeyToken=null" name="LoadSelectedProductByProductTest" />
    </UnitTest>
    <UnitTest name="LoadProductsByInputSearchByStockNumberNotEmptyTest" storage="e:\projects\sgiinventory\sginvetory\sginventory.presenters.test\bin\debug\sginventory.presenters.test.dll" id="36dc92e3-5d37-9a51-923b-71f3c61bef58">
      <Execution id="e70ee011-555b-4ea0-84c4-6172535e0378" />
      <TestMethod codeBase="E:/Projects/SGIInventory/SGInvetory/SGInventory.Presenters.Test/bin/Debug/SGInventory.Presenters.Test.DLL" adapterTypeName="Microsoft.VisualStudio.TestTools.TestTypes.Unit.UnitTestAdapter, Microsoft.VisualStudio.QualityTools.Tips.UnitTest.Adapter, Version=10.0.0.0, Culture=neutral, PublicKeyToken=b03f5f7f11d50a3a" className="SGInventory.Presenters.Test.DeliveryPresenterTest, SGInventory.Presenters.Test, Version=1.0.0.0, Culture=neutral, PublicKeyToken=null" name="LoadProductsByInputSearchByStockNumberNotEmptyTest" />
    </UnitTest>
    <UnitTest name="SelectDamageIsOtherTest" storage="e:\projects\sgiinventory\sginvetory\sginventory.presenters.test\bin\debug\sginventory.presenters.test.dll" id="affc3c7b-2282-a1a7-f6ae-ff585a6ff85e">
      <Execution id="f8a3a003-8fcd-4c7e-b311-b09223d47b23" />
      <TestMethod codeBase="E:/Projects/SGIInventory/SGInvetory/SGInventory.Presenters.Test/bin/Debug/SGInventory.Presenters.Test.DLL" adapterTypeName="Microsoft.VisualStudio.TestTools.TestTypes.Unit.UnitTestAdapter, Microsoft.VisualStudio.QualityTools.Tips.UnitTest.Adapter, Version=10.0.0.0, Culture=neutral, PublicKeyToken=b03f5f7f11d50a3a" className="SGInventory.Presenters.Test.DeliveryPresenterTest, SGInventory.Presenters.Test, Version=1.0.0.0, Culture=neutral, PublicKeyToken=null" name="SelectDamageIsOtherTest" />
    </UnitTest>
    <UnitTest name="UseScannerIsOn_Test" storage="e:\projects\sgiinventory\sginvetory\sginventory.presenters.test\bin\debug\sginventory.presenters.test.dll" id="35909553-f0f2-4fa1-c52c-d6ba661a299b">
      <Execution id="991f3f13-9aa2-46c5-903f-9dd2240fec7d" />
      <TestMethod codeBase="E:/Projects/SGIInventory/SGInvetory/SGInventory.Presenters.Test/bin/Debug/SGInventory.Presenters.Test.DLL" adapterTypeName="Microsoft.VisualStudio.TestTools.TestTypes.Unit.UnitTestAdapter, Microsoft.VisualStudio.QualityTools.Tips.UnitTest.Adapter, Version=10.0.0.0, Culture=neutral, PublicKeyToken=b03f5f7f11d50a3a" className="SGInventory.Presenters.Test.DeliveryPresenterTest, SGInventory.Presenters.Test, Version=1.0.0.0, Culture=neutral, PublicKeyToken=null" name="UseScannerIsOn_Test" />
    </UnitTest>
    <UnitTest name="LoadAllProductDetailsTest" storage="e:\projects\sgiinventory\sginvetory\sginventory.presenters.test\bin\debug\sginventory.presenters.test.dll" id="dd88d382-a029-26c8-5280-fb736f8309c7">
      <Execution id="a65d8197-241d-4b49-935c-e128dcf2ad70" />
      <TestMethod codeBase="E:/Projects/SGIInventory/SGInvetory/SGInventory.Presenters.Test/bin/Debug/SGInventory.Presenters.Test.DLL" adapterTypeName="Microsoft.VisualStudio.TestTools.TestTypes.Unit.UnitTestAdapter, Microsoft.VisualStudio.QualityTools.Tips.UnitTest.Adapter, Version=10.0.0.0, Culture=neutral, PublicKeyToken=b03f5f7f11d50a3a" className="SGInventory.Presenters.Test.DeliveryPresenterTest, SGInventory.Presenters.Test, Version=1.0.0.0, Culture=neutral, PublicKeyToken=null" name="LoadAllProductDetailsTest" />
    </UnitTest>
    <UnitTest name="SelectProductStatusIsDamageTest" storage="e:\projects\sgiinventory\sginvetory\sginventory.presenters.test\bin\debug\sginventory.presenters.test.dll" id="00cac12b-3959-d21b-cb9f-46e69e8d1f24">
      <Execution id="49d924d3-9a44-4286-ae19-ddd4785c3612" />
      <TestMethod codeBase="E:/Projects/SGIInventory/SGInvetory/SGInventory.Presenters.Test/bin/Debug/SGInventory.Presenters.Test.DLL" adapterTypeName="Microsoft.VisualStudio.TestTools.TestTypes.Unit.UnitTestAdapter, Microsoft.VisualStudio.QualityTools.Tips.UnitTest.Adapter, Version=10.0.0.0, Culture=neutral, PublicKeyToken=b03f5f7f11d50a3a" className="SGInventory.Presenters.Test.DeliveryPresenterTest, SGInventory.Presenters.Test, Version=1.0.0.0, Culture=neutral, PublicKeyToken=null" name="SelectProductStatusIsDamageTest" />
    </UnitTest>
    <UnitTest name="BuildDeliveryDetails_Issue_002_Test" storage="e:\projects\sgiinventory\sginvetory\sginventory.presenters.test\bin\debug\sginventory.presenters.test.dll" id="cfd73a2f-2089-bc77-de68-2eabe8bebc4e">
      <Execution id="0af445f2-a823-42ff-941a-48b962ced71a" />
      <TestMethod codeBase="E:/Projects/SGIInventory/SGInvetory/SGInventory.Presenters.Test/bin/Debug/SGInventory.Presenters.Test.DLL" adapterTypeName="Microsoft.VisualStudio.TestTools.TestTypes.Unit.UnitTestAdapter, Microsoft.VisualStudio.QualityTools.Tips.UnitTest.Adapter, Version=10.0.0.0, Culture=neutral, PublicKeyToken=b03f5f7f11d50a3a" className="SGInventory.Presenters.Test.DeliveryPresenterTest, SGInventory.Presenters.Test, Version=1.0.0.0, Culture=neutral, PublicKeyToken=null" name="BuildDeliveryDetails_Issue_002_Test" />
    </UnitTest>
    <UnitTest name="DisableOrEnableSaveDeliveryButton_Given_EmptyOrNumber_Test" storage="e:\projects\sgiinventory\sginvetory\sginventory.presenters.test\bin\debug\sginventory.presenters.test.dll" id="53ca1852-49a0-a11c-e7e8-a284473e42dd">
      <Execution id="e828c246-6c19-4cec-aa7e-b38a68d29435" />
      <TestMethod codeBase="E:/Projects/SGIInventory/SGInvetory/SGInventory.Presenters.Test/bin/Debug/SGInventory.Presenters.Test.DLL" adapterTypeName="Microsoft.VisualStudio.TestTools.TestTypes.Unit.UnitTestAdapter, Microsoft.VisualStudio.QualityTools.Tips.UnitTest.Adapter, Version=10.0.0.0, Culture=neutral, PublicKeyToken=b03f5f7f11d50a3a" className="SGInventory.Presenters.Test.DeliveryPresenterTest, SGInventory.Presenters.Test, Version=1.0.0.0, Culture=neutral, PublicKeyToken=null" name="DisableOrEnableSaveDeliveryButton_Given_EmptyOrNumber_Test" />
    </UnitTest>
    <UnitTest name="BuildDeliveryDetailsPanelWithAnInitialNonEmptyDeliveryAndDamageWithSameSDamageDescriptionAndNoGoodProductTest" storage="e:\projects\sgiinventory\sginvetory\sginventory.presenters.test\bin\debug\sginventory.presenters.test.dll" id="136c57e6-f71e-252a-8a0a-6577bfe34217">
      <Execution id="5c662e68-8767-4d5d-b039-ef824444f9b8" />
      <TestMethod codeBase="E:/Projects/SGIInventory/SGInvetory/SGInventory.Presenters.Test/bin/Debug/SGInventory.Presenters.Test.DLL" adapterTypeName="Microsoft.VisualStudio.TestTools.TestTypes.Unit.UnitTestAdapter, Microsoft.VisualStudio.QualityTools.Tips.UnitTest.Adapter, Version=10.0.0.0, Culture=neutral, PublicKeyToken=b03f5f7f11d50a3a" className="SGInventory.Presenters.Test.DeliveryPresenterTest, SGInventory.Presenters.Test, Version=1.0.0.0, Culture=neutral, PublicKeyToken=null" name="BuildDeliveryDetailsPanelWithAnInitialNonEmptyDeliveryAndDamageWithSameSDamageDescriptionAndNoGoodProductTest" />
    </UnitTest>
    <UnitTest name="DisableOrEnableSaveDeliveryButton_GivenInputDamageSizeIsNull_Test" storage="e:\projects\sgiinventory\sginvetory\sginventory.presenters.test\bin\debug\sginventory.presenters.test.dll" id="af609df7-1ee3-6905-d4fe-3aa5fcb650a7">
      <Execution id="4b5c59c6-bc8c-422e-a2c7-bc77d2fbab44" />
      <TestMethod codeBase="E:/Projects/SGIInventory/SGInvetory/SGInventory.Presenters.Test/bin/Debug/SGInventory.Presenters.Test.DLL" adapterTypeName="Microsoft.VisualStudio.TestTools.TestTypes.Unit.UnitTestAdapter, Microsoft.VisualStudio.QualityTools.Tips.UnitTest.Adapter, Version=10.0.0.0, Culture=neutral, PublicKeyToken=b03f5f7f11d50a3a" className="SGInventory.Presenters.Test.DeliveryPresenterTest, SGInventory.Presenters.Test, Version=1.0.0.0, Culture=neutral, PublicKeyToken=null" name="DisableOrEnableSaveDeliveryButton_GivenInputDamageSizeIsNull_Test" />
    </UnitTest>
    <UnitTest name="LoadDamageStatusTest" storage="e:\projects\sgiinventory\sginvetory\sginventory.presenters.test\bin\debug\sginventory.presenters.test.dll" id="542dead6-ed10-9222-74f9-a41b9a960344">
      <Execution id="662fb616-ecef-4bec-a03b-af1119a1103e" />
      <TestMethod codeBase="E:/Projects/SGIInventory/SGInvetory/SGInventory.Presenters.Test/bin/Debug/SGInventory.Presenters.Test.DLL" adapterTypeName="Microsoft.VisualStudio.TestTools.TestTypes.Unit.UnitTestAdapter, Microsoft.VisualStudio.QualityTools.Tips.UnitTest.Adapter, Version=10.0.0.0, Culture=neutral, PublicKeyToken=b03f5f7f11d50a3a" className="SGInventory.Presenters.Test.DeliveryPresenterTest, SGInventory.Presenters.Test, Version=1.0.0.0, Culture=neutral, PublicKeyToken=null" name="LoadDamageStatusTest" />
    </UnitTest>
    <UnitTest name="DisableOrEnableSaveDeliveryButton_GivenInputDamageIsFabricAndEmptyDescription_Test" storage="e:\projects\sgiinventory\sginvetory\sginventory.presenters.test\bin\debug\sginventory.presenters.test.dll" id="0c517588-31c4-72ad-5cbd-e8cda94d0273">
      <Execution id="614177b0-62ae-4748-b911-62b7449b9f49" />
      <TestMethod codeBase="E:/Projects/SGIInventory/SGInvetory/SGInventory.Presenters.Test/bin/Debug/SGInventory.Presenters.Test.DLL" adapterTypeName="Microsoft.VisualStudio.TestTools.TestTypes.Unit.UnitTestAdapter, Microsoft.VisualStudio.QualityTools.Tips.UnitTest.Adapter, Version=10.0.0.0, Culture=neutral, PublicKeyToken=b03f5f7f11d50a3a" className="SGInventory.Presenters.Test.DeliveryPresenterTest, SGInventory.Presenters.Test, Version=1.0.0.0, Culture=neutral, PublicKeyToken=null" name="DisableOrEnableSaveDeliveryButton_GivenInputDamageIsFabricAndEmptyDescription_Test" />
    </UnitTest>
    <UnitTest name="InitialLoad_EditMode_Test" storage="e:\projects\sgiinventory\sginvetory\sginventory.presenters.test\bin\debug\sginventory.presenters.test.dll" id="ccf1d8fd-6364-029c-2047-b39fe5f42649">
      <Execution id="f007f92c-7645-4efa-ad73-1d41b655a95a" />
      <TestMethod codeBase="E:/Projects/SGIInventory/SGInvetory/SGInventory.Presenters.Test/bin/Debug/SGInventory.Presenters.Test.DLL" adapterTypeName="Microsoft.VisualStudio.TestTools.TestTypes.Unit.UnitTestAdapter, Microsoft.VisualStudio.QualityTools.Tips.UnitTest.Adapter, Version=10.0.0.0, Culture=neutral, PublicKeyToken=b03f5f7f11d50a3a" className="SGInventory.Presenters.Test.DeliveryPresenterTest, SGInventory.Presenters.Test, Version=1.0.0.0, Culture=neutral, PublicKeyToken=null" name="InitialLoad_EditMode_Test" />
    </UnitTest>
    <UnitTest name="DisableOrEnableSaveDeliveryButton_GivenInputIsGoodTest" storage="e:\projects\sgiinventory\sginvetory\sginventory.presenters.test\bin\debug\sginventory.presenters.test.dll" id="04df712c-5b07-cd02-4c71-4dd31747814f">
      <Execution id="8f9d4159-7ab9-4932-afd5-e3d61b5ecd79" />
      <TestMethod codeBase="E:/Projects/SGIInventory/SGInvetory/SGInventory.Presenters.Test/bin/Debug/SGInventory.Presenters.Test.DLL" adapterTypeName="Microsoft.VisualStudio.TestTools.TestTypes.Unit.UnitTestAdapter, Microsoft.VisualStudio.QualityTools.Tips.UnitTest.Adapter, Version=10.0.0.0, Culture=neutral, PublicKeyToken=b03f5f7f11d50a3a" className="SGInventory.Presenters.Test.DeliveryPresenterTest, SGInventory.Presenters.Test, Version=1.0.0.0, Culture=neutral, PublicKeyToken=null" name="DisableOrEnableSaveDeliveryButton_GivenInputIsGoodTest" />
    </UnitTest>
    <UnitTest name="UseScannerIsOff_Test" storage="e:\projects\sgiinventory\sginvetory\sginventory.presenters.test\bin\debug\sginventory.presenters.test.dll" id="615a6b46-1aee-dd6e-cd06-60e43626c58e">
      <Execution id="8c6a60d5-ada8-48ef-8313-595a9c0b5349" />
      <TestMethod codeBase="E:/Projects/SGIInventory/SGInvetory/SGInventory.Presenters.Test/bin/Debug/SGInventory.Presenters.Test.DLL" adapterTypeName="Microsoft.VisualStudio.TestTools.TestTypes.Unit.UnitTestAdapter, Microsoft.VisualStudio.QualityTools.Tips.UnitTest.Adapter, Version=10.0.0.0, Culture=neutral, PublicKeyToken=b03f5f7f11d50a3a" className="SGInventory.Presenters.Test.DeliveryPresenterTest, SGInventory.Presenters.Test, Version=1.0.0.0, Culture=neutral, PublicKeyToken=null" name="UseScannerIsOff_Test" />
    </UnitTest>
    <UnitTest name="SelectProductStatusIsGoodTest" storage="e:\projects\sgiinventory\sginvetory\sginventory.presenters.test\bin\debug\sginventory.presenters.test.dll" id="aef8684c-96d9-ce55-c302-0c7e0b2dc74a">
      <Execution id="ac4e4c43-a86b-43f8-899c-421b4ec9be65" />
      <TestMethod codeBase="E:/Projects/SGIInventory/SGInvetory/SGInventory.Presenters.Test/bin/Debug/SGInventory.Presenters.Test.DLL" adapterTypeName="Microsoft.VisualStudio.TestTools.TestTypes.Unit.UnitTestAdapter, Microsoft.VisualStudio.QualityTools.Tips.UnitTest.Adapter, Version=10.0.0.0, Culture=neutral, PublicKeyToken=b03f5f7f11d50a3a" className="SGInventory.Presenters.Test.DeliveryPresenterTest, SGInventory.Presenters.Test, Version=1.0.0.0, Culture=neutral, PublicKeyToken=null" name="SelectProductStatusIsGoodTest" />
    </UnitTest>
    <UnitTest name="DisableOrEnableSaveDeliveryButton_GivenAllInputsIsValid_Test" storage="e:\projects\sgiinventory\sginvetory\sginventory.presenters.test\bin\debug\sginventory.presenters.test.dll" id="cc497315-0e0f-da31-785d-e872c7d04ce1">
      <Execution id="675deb56-775c-4778-846c-0d37aefe9d7c" />
      <TestMethod codeBase="E:/Projects/SGIInventory/SGInvetory/SGInventory.Presenters.Test/bin/Debug/SGInventory.Presenters.Test.DLL" adapterTypeName="Microsoft.VisualStudio.TestTools.TestTypes.Unit.UnitTestAdapter, Microsoft.VisualStudio.QualityTools.Tips.UnitTest.Adapter, Version=10.0.0.0, Culture=neutral, PublicKeyToken=b03f5f7f11d50a3a" className="SGInventory.Presenters.Test.DeliveryPresenterTest, SGInventory.Presenters.Test, Version=1.0.0.0, Culture=neutral, PublicKeyToken=null" name="DisableOrEnableSaveDeliveryButton_GivenAllInputsIsValid_Test" />
    </UnitTest>
    <UnitTest name="LoadProductsByInputSearchByBarcodeNotEmptyTest" storage="e:\projects\sgiinventory\sginvetory\sginventory.presenters.test\bin\debug\sginventory.presenters.test.dll" id="567d3c2b-4962-3d47-96ab-601a74aaffe5">
      <Execution id="7f68105e-dc8f-4aff-aca5-c3c7274d3d3e" />
      <TestMethod codeBase="E:/Projects/SGIInventory/SGInvetory/SGInventory.Presenters.Test/bin/Debug/SGInventory.Presenters.Test.DLL" adapterTypeName="Microsoft.VisualStudio.TestTools.TestTypes.Unit.UnitTestAdapter, Microsoft.VisualStudio.QualityTools.Tips.UnitTest.Adapter, Version=10.0.0.0, Culture=neutral, PublicKeyToken=b03f5f7f11d50a3a" className="SGInventory.Presenters.Test.DeliveryPresenterTest, SGInventory.Presenters.Test, Version=1.0.0.0, Culture=neutral, PublicKeyToken=null" name="LoadProductsByInputSearchByBarcodeNotEmptyTest" />
    </UnitTest>
    <UnitTest name="SaveDeliveryDetail_Given_ItemIsDamageAndOthers_Test" storage="e:\projects\sgiinventory\sginvetory\sginventory.presenters.test\bin\debug\sginventory.presenters.test.dll" id="e0bd1a5e-b53c-ba27-af82-db933039b2c8">
      <Execution id="580ccfcd-6b4d-4668-82a8-cda96489e89e" />
      <TestMethod codeBase="E:/Projects/SGIInventory/SGInvetory/SGInventory.Presenters.Test/bin/Debug/SGInventory.Presenters.Test.DLL" adapterTypeName="Microsoft.VisualStudio.TestTools.TestTypes.Unit.UnitTestAdapter, Microsoft.VisualStudio.QualityTools.Tips.UnitTest.Adapter, Version=10.0.0.0, Culture=neutral, PublicKeyToken=b03f5f7f11d50a3a" className="SGInventory.Presenters.Test.DeliveryPresenterTest, SGInventory.Presenters.Test, Version=1.0.0.0, Culture=neutral, PublicKeyToken=null" name="SaveDeliveryDetail_Given_ItemIsDamageAndOthers_Test" />
    </UnitTest>
    <UnitTest name="BuildDeliveryDetailsPanelWithAnInitialNonEmptyDeliveryTest" storage="e:\projects\sgiinventory\sginvetory\sginventory.presenters.test\bin\debug\sginventory.presenters.test.dll" id="5c93c3b8-238e-e9ac-d3a5-9a2ef47a74cc">
      <Execution id="486c626d-f305-4cd8-8be7-7089000729b6" />
      <TestMethod codeBase="E:/Projects/SGIInventory/SGInvetory/SGInventory.Presenters.Test/bin/Debug/SGInventory.Presenters.Test.DLL" adapterTypeName="Microsoft.VisualStudio.TestTools.TestTypes.Unit.UnitTestAdapter, Microsoft.VisualStudio.QualityTools.Tips.UnitTest.Adapter, Version=10.0.0.0, Culture=neutral, PublicKeyToken=b03f5f7f11d50a3a" className="SGInventory.Presenters.Test.DeliveryPresenterTest, SGInventory.Presenters.Test, Version=1.0.0.0, Culture=neutral, PublicKeyToken=null" name="BuildDeliveryDetailsPanelWithAnInitialNonEmptyDeliveryTest" />
    </UnitTest>
    <UnitTest name="MonthGeneratorTest" storage="e:\projects\sgiinventory\sginvetory\sginventory.presenters.test\bin\debug\sginventory.presenters.test.dll" id="e44b57e1-5457-3e9a-ff44-547849a192a4">
      <Execution id="84a78586-9b87-4eac-876d-e3a284522ec9" />
      <TestMethod codeBase="E:/Projects/SGIInventory/SGInvetory/SGInventory.Presenters.Test/bin/Debug/SGInventory.Presenters.Test.DLL" adapterTypeName="Microsoft.VisualStudio.TestTools.TestTypes.Unit.UnitTestAdapter, Microsoft.VisualStudio.QualityTools.Tips.UnitTest.Adapter, Version=10.0.0.0, Culture=neutral, PublicKeyToken=b03f5f7f11d50a3a" className="SGInventory.Presenters.Test.DeliveryPresenterTest, SGInventory.Presenters.Test, Version=1.0.0.0, Culture=neutral, PublicKeyToken=null" name="MonthGeneratorTest" />
    </UnitTest>
    <UnitTest name="LoadSuppliersTest" storage="e:\projects\sgiinventory\sginvetory\sginventory.presenters.test\bin\debug\sginventory.presenters.test.dll" id="18879252-c743-f793-9403-301b2ccee4d1">
      <Execution id="67cddeb9-dbba-46f2-b191-1b61e19b119d" />
      <TestMethod codeBase="E:/Projects/SGIInventory/SGInvetory/SGInventory.Presenters.Test/bin/Debug/SGInventory.Presenters.Test.DLL" adapterTypeName="Microsoft.VisualStudio.TestTools.TestTypes.Unit.UnitTestAdapter, Microsoft.VisualStudio.QualityTools.Tips.UnitTest.Adapter, Version=10.0.0.0, Culture=neutral, PublicKeyToken=b03f5f7f11d50a3a" className="SGInventory.Presenters.Test.DeliveryPresenterTest, SGInventory.Presenters.Test, Version=1.0.0.0, Culture=neutral, PublicKeyToken=null" name="LoadSuppliersTest" />
    </UnitTest>
    <UnitTest name="LoadCost_Given_All_Is_Given_And_ProductDetail_Null_Test" storage="e:\projects\sgiinventory\sginvetory\sginventory.presenters.test\bin\debug\sginventory.presenters.test.dll" id="1b737d7a-9771-3cc0-0a3c-20b6711fea3e">
      <Execution id="c97a4cb6-2a59-4bda-a512-187026e8a90e" />
      <TestMethod codeBase="E:/Projects/SGIInventory/SGInvetory/SGInventory.Presenters.Test/bin/Debug/SGInventory.Presenters.Test.DLL" adapterTypeName="Microsoft.VisualStudio.TestTools.TestTypes.Unit.UnitTestAdapter, Microsoft.VisualStudio.QualityTools.Tips.UnitTest.Adapter, Version=10.0.0.0, Culture=neutral, PublicKeyToken=b03f5f7f11d50a3a" className="SGInventory.Presenters.Test.DeliveryPresenterTest, SGInventory.Presenters.Test, Version=1.0.0.0, Culture=neutral, PublicKeyToken=null" name="LoadCost_Given_All_Is_Given_And_ProductDetail_Null_Test" />
    </UnitTest>
    <UnitTest name="DisableOrEnableSaveDeliveryButton_Given_EmptySupplierName_Test" storage="e:\projects\sgiinventory\sginvetory\sginventory.presenters.test\bin\debug\sginventory.presenters.test.dll" id="c05dc14b-034b-5fd2-fd0b-143e3edaf55a">
      <Execution id="8949e84d-a1e0-4d46-ba20-3465576cfef5" />
      <TestMethod codeBase="E:/Projects/SGIInventory/SGInvetory/SGInventory.Presenters.Test/bin/Debug/SGInventory.Presenters.Test.DLL" adapterTypeName="Microsoft.VisualStudio.TestTools.TestTypes.Unit.UnitTestAdapter, Microsoft.VisualStudio.QualityTools.Tips.UnitTest.Adapter, Version=10.0.0.0, Culture=neutral, PublicKeyToken=b03f5f7f11d50a3a" className="SGInventory.Presenters.Test.DeliveryPresenterTest, SGInventory.Presenters.Test, Version=1.0.0.0, Culture=neutral, PublicKeyToken=null" name="DisableOrEnableSaveDeliveryButton_Given_EmptySupplierName_Test" />
    </UnitTest>
    <UnitTest name="DisableOrEnableSaveDeliveryButton_Given_All_Has_Values_And_Status_Is_Good_Enable_Test" storage="e:\projects\sgiinventory\sginvetory\sginventory.presenters.test\bin\debug\sginventory.presenters.test.dll" id="3723b7e7-788b-5811-09c3-e80dac9c435b">
      <Execution id="bc39496e-aab4-4719-ae0a-77e26791e0b6" />
      <TestMethod codeBase="E:/Projects/SGIInventory/SGInvetory/SGInventory.Presenters.Test/bin/Debug/SGInventory.Presenters.Test.DLL" adapterTypeName="Microsoft.VisualStudio.TestTools.TestTypes.Unit.UnitTestAdapter, Microsoft.VisualStudio.QualityTools.Tips.UnitTest.Adapter, Version=10.0.0.0, Culture=neutral, PublicKeyToken=b03f5f7f11d50a3a" className="SGInventory.Presenters.Test.DeliveryPresenterTest, SGInventory.Presenters.Test, Version=1.0.0.0, Culture=neutral, PublicKeyToken=null" name="DisableOrEnableSaveDeliveryButton_Given_All_Has_Values_And_Status_Is_Good_Enable_Test" />
    </UnitTest>
    <UnitTest name="BuildDeliveryDetails_Issue_001_Test" storage="e:\projects\sgiinventory\sginvetory\sginventory.presenters.test\bin\debug\sginventory.presenters.test.dll" id="8a737c96-b1b7-c951-5c82-9f4289c05abe">
      <Execution id="9628bd8a-46fe-4f46-b80e-9c24e0c7f5ea" />
      <TestMethod codeBase="E:/Projects/SGIInventory/SGInvetory/SGInventory.Presenters.Test/bin/Debug/SGInventory.Presenters.Test.DLL" adapterTypeName="Microsoft.VisualStudio.TestTools.TestTypes.Unit.UnitTestAdapter, Microsoft.VisualStudio.QualityTools.Tips.UnitTest.Adapter, Version=10.0.0.0, Culture=neutral, PublicKeyToken=b03f5f7f11d50a3a" className="SGInventory.Presenters.Test.DeliveryPresenterTest, SGInventory.Presenters.Test, Version=1.0.0.0, Culture=neutral, PublicKeyToken=null" name="BuildDeliveryDetails_Issue_001_Test" />
    </UnitTest>
    <UnitTest name="LoadCost_Given_All_Is_Given_And_ProductDetailOverrideCost_IsNotNull_Test" storage="e:\projects\sgiinventory\sginvetory\sginventory.presenters.test\bin\debug\sginventory.presenters.test.dll" id="85341c1c-02dc-c0cd-6e24-42de4de3c486">
      <Execution id="78bf0d04-a976-42c5-8fd0-0c9757379af3" />
      <TestMethod codeBase="E:/Projects/SGIInventory/SGInvetory/SGInventory.Presenters.Test/bin/Debug/SGInventory.Presenters.Test.DLL" adapterTypeName="Microsoft.VisualStudio.TestTools.TestTypes.Unit.UnitTestAdapter, Microsoft.VisualStudio.QualityTools.Tips.UnitTest.Adapter, Version=10.0.0.0, Culture=neutral, PublicKeyToken=b03f5f7f11d50a3a" className="SGInventory.Presenters.Test.DeliveryPresenterTest, SGInventory.Presenters.Test, Version=1.0.0.0, Culture=neutral, PublicKeyToken=null" name="LoadCost_Given_All_Is_Given_And_ProductDetailOverrideCost_IsNotNull_Test" />
    </UnitTest>
    <UnitTest name="LoadCost_Given_Color_Is_Given_Test" storage="e:\projects\sgiinventory\sginvetory\sginventory.presenters.test\bin\debug\sginventory.presenters.test.dll" id="247951d6-e32c-7ff8-32a0-e21fd0d47202">
      <Execution id="22fb5b62-3176-423c-8d93-fbf4aa656349" />
      <TestMethod codeBase="E:/Projects/SGIInventory/SGInvetory/SGInventory.Presenters.Test/bin/Debug/SGInventory.Presenters.Test.DLL" adapterTypeName="Microsoft.VisualStudio.TestTools.TestTypes.Unit.UnitTestAdapter, Microsoft.VisualStudio.QualityTools.Tips.UnitTest.Adapter, Version=10.0.0.0, Culture=neutral, PublicKeyToken=b03f5f7f11d50a3a" className="SGInventory.Presenters.Test.DeliveryPresenterTest, SGInventory.Presenters.Test, Version=1.0.0.0, Culture=neutral, PublicKeyToken=null" name="LoadCost_Given_Color_Is_Given_Test" />
    </UnitTest>
    <UnitTest name="LoadCost_Given_All_Is_Given_And_ProductDetailOverrideCost_IsNull_Test" storage="e:\projects\sgiinventory\sginvetory\sginventory.presenters.test\bin\debug\sginventory.presenters.test.dll" id="a90dcb5c-5bc9-f719-7efd-3e8ef04ccecd">
      <Execution id="f2e8bc09-3683-46bd-b4e9-fe380106a968" />
      <TestMethod codeBase="E:/Projects/SGIInventory/SGInvetory/SGInventory.Presenters.Test/bin/Debug/SGInventory.Presenters.Test.DLL" adapterTypeName="Microsoft.VisualStudio.TestTools.TestTypes.Unit.UnitTestAdapter, Microsoft.VisualStudio.QualityTools.Tips.UnitTest.Adapter, Version=10.0.0.0, Culture=neutral, PublicKeyToken=b03f5f7f11d50a3a" className="SGInventory.Presenters.Test.DeliveryPresenterTest, SGInventory.Presenters.Test, Version=1.0.0.0, Culture=neutral, PublicKeyToken=null" name="LoadCost_Given_All_Is_Given_And_ProductDetailOverrideCost_IsNull_Test" />
    </UnitTest>
  </TestDefinitions>
  <TestLists>
    <TestList name="Results Not in a List" id="8c84fa94-04c1-424b-9868-57a2d4851a1d" />
    <TestList name="All Loaded Results" id="19431567-8539-422a-85d7-44ee4e166bda" />
  </TestLists>
  <TestEntries>
    <TestEntry testId="00cac12b-3959-d21b-cb9f-46e69e8d1f24" executionId="49d924d3-9a44-4286-ae19-ddd4785c3612" testListId="8c84fa94-04c1-424b-9868-57a2d4851a1d" />
    <TestEntry testId="02169cf8-af27-3859-a0f5-77839280f6b1" executionId="3893c75e-f2d6-49c5-aaa9-1d3b42640010" testListId="8c84fa94-04c1-424b-9868-57a2d4851a1d" />
    <TestEntry testId="04df712c-5b07-cd02-4c71-4dd31747814f" executionId="8f9d4159-7ab9-4932-afd5-e3d61b5ecd79" testListId="8c84fa94-04c1-424b-9868-57a2d4851a1d" />
    <TestEntry testId="08dc6b0f-3858-decb-7953-b26cf57e7287" executionId="2c2db886-7421-4f98-b1e7-ec163330c306" testListId="8c84fa94-04c1-424b-9868-57a2d4851a1d" />
    <TestEntry testId="0c517588-31c4-72ad-5cbd-e8cda94d0273" executionId="614177b0-62ae-4748-b911-62b7449b9f49" testListId="8c84fa94-04c1-424b-9868-57a2d4851a1d" />
    <TestEntry testId="0caf0e9b-f83b-5c73-8740-3c54cefa2c31" executionId="55482525-5fdf-439a-a35a-0a94d0ae8080" testListId="8c84fa94-04c1-424b-9868-57a2d4851a1d" />
    <TestEntry testId="136c57e6-f71e-252a-8a0a-6577bfe34217" executionId="5c662e68-8767-4d5d-b039-ef824444f9b8" testListId="8c84fa94-04c1-424b-9868-57a2d4851a1d" />
    <TestEntry testId="18879252-c743-f793-9403-301b2ccee4d1" executionId="67cddeb9-dbba-46f2-b191-1b61e19b119d" testListId="8c84fa94-04c1-424b-9868-57a2d4851a1d" />
    <TestEntry testId="1b737d7a-9771-3cc0-0a3c-20b6711fea3e" executionId="c97a4cb6-2a59-4bda-a512-187026e8a90e" testListId="8c84fa94-04c1-424b-9868-57a2d4851a1d" />
    <TestEntry testId="2099bdbf-5489-2689-5f62-4f14732e624e" executionId="a5e8bcfd-e6df-4be8-83cc-ff87ecb80d91" testListId="8c84fa94-04c1-424b-9868-57a2d4851a1d" />
    <TestEntry testId="247951d6-e32c-7ff8-32a0-e21fd0d47202" executionId="22fb5b62-3176-423c-8d93-fbf4aa656349" testListId="8c84fa94-04c1-424b-9868-57a2d4851a1d" />
    <TestEntry testId="284e77e3-a7f2-0e57-8ddf-dc3ad1476560" executionId="93d8c688-d5f0-4b1a-b046-1dd88c121580" testListId="8c84fa94-04c1-424b-9868-57a2d4851a1d" />
    <TestEntry testId="2b6dab54-cc59-ad3c-8563-37eb80167637" executionId="a534888e-aea2-41a2-8fc4-98a60994f0aa" testListId="8c84fa94-04c1-424b-9868-57a2d4851a1d" />
    <TestEntry testId="2e6cd78c-f356-f6bb-2338-7d56e4dfef0c" executionId="c0b1e5e6-607d-4a65-bb92-2ee391045b19" testListId="8c84fa94-04c1-424b-9868-57a2d4851a1d" />
    <TestEntry testId="35909553-f0f2-4fa1-c52c-d6ba661a299b" executionId="991f3f13-9aa2-46c5-903f-9dd2240fec7d" testListId="8c84fa94-04c1-424b-9868-57a2d4851a1d" />
    <TestEntry testId="36dc92e3-5d37-9a51-923b-71f3c61bef58" executionId="e70ee011-555b-4ea0-84c4-6172535e0378" testListId="8c84fa94-04c1-424b-9868-57a2d4851a1d" />
    <TestEntry testId="3723b7e7-788b-5811-09c3-e80dac9c435b" executionId="bc39496e-aab4-4719-ae0a-77e26791e0b6" testListId="8c84fa94-04c1-424b-9868-57a2d4851a1d" />
    <TestEntry testId="3b4616a9-73ef-420a-08b6-6dcff08c24e1" executionId="fe345414-e894-4579-9b0c-3435e22aac27" testListId="8c84fa94-04c1-424b-9868-57a2d4851a1d" />
    <TestEntry testId="3efa30ea-c6d0-e809-4767-f9b87a4423fd" executionId="750ec50c-35c6-4232-803d-7d31ad103411" testListId="8c84fa94-04c1-424b-9868-57a2d4851a1d" />
    <TestEntry testId="4eb87f62-6044-b074-ea4d-e895f913a38d" executionId="c1b2eb81-d83b-4dd6-8261-5a3ac5665010" testListId="8c84fa94-04c1-424b-9868-57a2d4851a1d" />
    <TestEntry testId="5135972e-6238-db4e-d032-88e725990ef7" executionId="ac0de680-5408-43e1-b9da-6298998a2c37" testListId="8c84fa94-04c1-424b-9868-57a2d4851a1d" />
    <TestEntry testId="53ca1852-49a0-a11c-e7e8-a284473e42dd" executionId="e828c246-6c19-4cec-aa7e-b38a68d29435" testListId="8c84fa94-04c1-424b-9868-57a2d4851a1d" />
    <TestEntry testId="542dead6-ed10-9222-74f9-a41b9a960344" executionId="662fb616-ecef-4bec-a03b-af1119a1103e" testListId="8c84fa94-04c1-424b-9868-57a2d4851a1d" />
    <TestEntry testId="567d3c2b-4962-3d47-96ab-601a74aaffe5" executionId="7f68105e-dc8f-4aff-aca5-c3c7274d3d3e" testListId="8c84fa94-04c1-424b-9868-57a2d4851a1d" />
    <TestEntry testId="5c93c3b8-238e-e9ac-d3a5-9a2ef47a74cc" executionId="486c626d-f305-4cd8-8be7-7089000729b6" testListId="8c84fa94-04c1-424b-9868-57a2d4851a1d" />
    <TestEntry testId="615a6b46-1aee-dd6e-cd06-60e43626c58e" executionId="8c6a60d5-ada8-48ef-8313-595a9c0b5349" testListId="8c84fa94-04c1-424b-9868-57a2d4851a1d" />
    <TestEntry testId="698ffbe7-b725-a227-e9f4-5258393318b2" executionId="93a58afa-6b86-43a7-804b-30c465ae9287" testListId="8c84fa94-04c1-424b-9868-57a2d4851a1d" />
    <TestEntry testId="776083fb-40d9-ace0-cafd-b575a93717af" executionId="d860db94-9843-4237-8b5c-0ec45746469d" testListId="8c84fa94-04c1-424b-9868-57a2d4851a1d" />
    <TestEntry testId="85341c1c-02dc-c0cd-6e24-42de4de3c486" executionId="78bf0d04-a976-42c5-8fd0-0c9757379af3" testListId="8c84fa94-04c1-424b-9868-57a2d4851a1d" />
    <TestEntry testId="8a737c96-b1b7-c951-5c82-9f4289c05abe" executionId="9628bd8a-46fe-4f46-b80e-9c24e0c7f5ea" testListId="8c84fa94-04c1-424b-9868-57a2d4851a1d" />
    <TestEntry testId="8c1e773a-137a-9b93-574d-7de86f793fdf" executionId="bdc54839-a9a1-4fd6-95e6-2133dfa2739e" testListId="8c84fa94-04c1-424b-9868-57a2d4851a1d" />
    <TestEntry testId="955b49e0-f828-eceb-3c2a-e295da2bb199" executionId="d16c5081-53b8-41ba-b01c-7f771f9f270b" testListId="8c84fa94-04c1-424b-9868-57a2d4851a1d" />
    <TestEntry testId="9b4b7832-1dfe-9ab1-20b0-314be6fd0d43" executionId="332591c9-3352-4288-bfab-6414c837c4a5" testListId="8c84fa94-04c1-424b-9868-57a2d4851a1d" />
    <TestEntry testId="a90dcb5c-5bc9-f719-7efd-3e8ef04ccecd" executionId="f2e8bc09-3683-46bd-b4e9-fe380106a968" testListId="8c84fa94-04c1-424b-9868-57a2d4851a1d" />
    <TestEntry testId="aef8684c-96d9-ce55-c302-0c7e0b2dc74a" executionId="ac4e4c43-a86b-43f8-899c-421b4ec9be65" testListId="8c84fa94-04c1-424b-9868-57a2d4851a1d" />
    <TestEntry testId="af609df7-1ee3-6905-d4fe-3aa5fcb650a7" executionId="4b5c59c6-bc8c-422e-a2c7-bc77d2fbab44" testListId="8c84fa94-04c1-424b-9868-57a2d4851a1d" />
    <TestEntry testId="affc3c7b-2282-a1a7-f6ae-ff585a6ff85e" executionId="f8a3a003-8fcd-4c7e-b311-b09223d47b23" testListId="8c84fa94-04c1-424b-9868-57a2d4851a1d" />
    <TestEntry testId="b589c64f-2b20-2250-9e4b-8559e7595006" executionId="155ab527-5f68-4fba-8104-fc555d37f608" testListId="8c84fa94-04c1-424b-9868-57a2d4851a1d" />
    <TestEntry testId="c05dc14b-034b-5fd2-fd0b-143e3edaf55a" executionId="8949e84d-a1e0-4d46-ba20-3465576cfef5" testListId="8c84fa94-04c1-424b-9868-57a2d4851a1d" />
    <TestEntry testId="c96a23c4-7149-5feb-e6c2-9f64455f0f9f" executionId="9fc89013-f1ee-4bab-901a-7aca7ee42a83" testListId="8c84fa94-04c1-424b-9868-57a2d4851a1d" />
    <TestEntry testId="cc497315-0e0f-da31-785d-e872c7d04ce1" executionId="675deb56-775c-4778-846c-0d37aefe9d7c" testListId="8c84fa94-04c1-424b-9868-57a2d4851a1d" />
    <TestEntry testId="ccf1d8fd-6364-029c-2047-b39fe5f42649" executionId="f007f92c-7645-4efa-ad73-1d41b655a95a" testListId="8c84fa94-04c1-424b-9868-57a2d4851a1d" />
    <TestEntry testId="cfd73a2f-2089-bc77-de68-2eabe8bebc4e" executionId="0af445f2-a823-42ff-941a-48b962ced71a" testListId="8c84fa94-04c1-424b-9868-57a2d4851a1d" />
    <TestEntry testId="d4371ab4-4581-fe2f-5f25-170497c8a690" executionId="cdb3e9e9-aaf6-4431-ad3d-634f7b1bc153" testListId="8c84fa94-04c1-424b-9868-57a2d4851a1d" />
    <TestEntry testId="d9de7a0e-b476-721e-1ad3-17f7ad46f19c" executionId="795f2353-c339-45b4-aacf-686a2ebc3e3b" testListId="8c84fa94-04c1-424b-9868-57a2d4851a1d" />
    <TestEntry testId="db04381d-9eba-9777-cc16-6508ab5fd323" executionId="87b00946-4363-47e3-8594-80fcd9a3e1c7" testListId="8c84fa94-04c1-424b-9868-57a2d4851a1d" />
    <TestEntry testId="dd88d382-a029-26c8-5280-fb736f8309c7" executionId="a65d8197-241d-4b49-935c-e128dcf2ad70" testListId="8c84fa94-04c1-424b-9868-57a2d4851a1d" />
    <TestEntry testId="e0bd1a5e-b53c-ba27-af82-db933039b2c8" executionId="580ccfcd-6b4d-4668-82a8-cda96489e89e" testListId="8c84fa94-04c1-424b-9868-57a2d4851a1d" />
    <TestEntry testId="e44b57e1-5457-3e9a-ff44-547849a192a4" executionId="84a78586-9b87-4eac-876d-e3a284522ec9" testListId="8c84fa94-04c1-424b-9868-57a2d4851a1d" />
    <TestEntry testId="faed0243-f7e8-cdd9-b5b9-3933b9a315c5" executionId="7bec3ef2-25ab-4166-94c9-994a62a4e9f2" testListId="8c84fa94-04c1-424b-9868-57a2d4851a1d" />
  </TestEntries>
  <Results>
    <UnitTestResult executionId="49d924d3-9a44-4286-ae19-ddd4785c3612" testId="00cac12b-3959-d21b-cb9f-46e69e8d1f24" testName="SelectProductStatusIsDamageTest" computerName="ACERSANTOS" duration="00:00:00.5856051" startTime="2014-01-10T01:32:05.8192272+08:00" endTime="2014-01-10T01:32:06.7723522+08:00" testType="13cdc9d9-ddb5-4fa4-a97d-d965ccfc6d4b" outcome="Passed" testListId="8c84fa94-04c1-424b-9868-57a2d4851a1d" relativeResultsDirectory="49d924d3-9a44-4286-ae19-ddd4785c3612">
    </UnitTestResult>
    <UnitTestResult executionId="3893c75e-f2d6-49c5-aaa9-1d3b42640010" testId="02169cf8-af27-3859-a0f5-77839280f6b1" testName="LoadCost_Given_Size_Is_Given_Test" computerName="ACERSANTOS" duration="00:00:00.0279848" startTime="2014-01-10T01:32:06.7723522+08:00" endTime="2014-01-10T01:32:06.8036022+08:00" testType="13cdc9d9-ddb5-4fa4-a97d-d965ccfc6d4b" outcome="Passed" testListId="8c84fa94-04c1-424b-9868-57a2d4851a1d" relativeResultsDirectory="3893c75e-f2d6-49c5-aaa9-1d3b42640010">
    </UnitTestResult>
    <UnitTestResult executionId="8f9d4159-7ab9-4932-afd5-e3d61b5ecd79" testId="04df712c-5b07-cd02-4c71-4dd31747814f" testName="DisableOrEnableSaveDeliveryButton_GivenInputIsGoodTest" computerName="ACERSANTOS" duration="00:00:00.0252948" startTime="2014-01-10T01:32:06.8036022+08:00" endTime="2014-01-10T01:32:06.8348522+08:00" testType="13cdc9d9-ddb5-4fa4-a97d-d965ccfc6d4b" outcome="Passed" testListId="8c84fa94-04c1-424b-9868-57a2d4851a1d" relativeResultsDirectory="8f9d4159-7ab9-4932-afd5-e3d61b5ecd79">
    </UnitTestResult>
    <UnitTestResult executionId="2c2db886-7421-4f98-b1e7-ec163330c306" testId="08dc6b0f-3858-decb-7953-b26cf57e7287" testName="BuildDeliveryDetailsPanelWithAnInitialNonEmptyDeliveryAndNoDamageTest" computerName="ACERSANTOS" duration="00:00:00.0465310" startTime="2014-01-10T01:32:06.8504772+08:00" endTime="2014-01-10T01:32:06.8973522+08:00" testType="13cdc9d9-ddb5-4fa4-a97d-d965ccfc6d4b" outcome="Passed" testListId="8c84fa94-04c1-424b-9868-57a2d4851a1d" relativeResultsDirectory="2c2db886-7421-4f98-b1e7-ec163330c306">
    </UnitTestResult>
    <UnitTestResult executionId="614177b0-62ae-4748-b911-62b7449b9f49" testId="0c517588-31c4-72ad-5cbd-e8cda94d0273" testName="DisableOrEnableSaveDeliveryButton_GivenInputDamageIsFabricAndEmptyDescription_Test" computerName="ACERSANTOS" duration="00:00:00.0056535" startTime="2014-01-10T01:32:06.8973522+08:00" endTime="2014-01-10T01:32:06.9129772+08:00" testType="13cdc9d9-ddb5-4fa4-a97d-d965ccfc6d4b" outcome="Passed" testListId="8c84fa94-04c1-424b-9868-57a2d4851a1d" relativeResultsDirectory="614177b0-62ae-4748-b911-62b7449b9f49">
    </UnitTestResult>
    <UnitTestResult executionId="55482525-5fdf-439a-a35a-0a94d0ae8080" testId="0caf0e9b-f83b-5c73-8740-3c54cefa2c31" testName="DisableOrEnableSaveDeliveryButton_GivenInputDamageIsFabric_Test" computerName="ACERSANTOS" duration="00:00:00.0055236" startTime="2014-01-10T01:32:06.9129772+08:00" endTime="2014-01-10T01:32:06.9286022+08:00" testType="13cdc9d9-ddb5-4fa4-a97d-d965ccfc6d4b" outcome="Passed" testListId="8c84fa94-04c1-424b-9868-57a2d4851a1d" relativeResultsDirectory="55482525-5fdf-439a-a35a-0a94d0ae8080">
    </UnitTestResult>
    <UnitTestResult executionId="5c662e68-8767-4d5d-b039-ef824444f9b8" testId="136c57e6-f71e-252a-8a0a-6577bfe34217" testName="BuildDeliveryDetailsPanelWithAnInitialNonEmptyDeliveryAndDamageWithSameSDamageDescriptionAndNoGoodProductTest" computerName="ACERSANTOS" duration="00:00:00.0114835" startTime="2014-01-10T01:32:06.9286022+08:00" endTime="2014-01-10T01:32:06.9442272+08:00" testType="13cdc9d9-ddb5-4fa4-a97d-d965ccfc6d4b" outcome="Passed" testListId="8c84fa94-04c1-424b-9868-57a2d4851a1d" relativeResultsDirectory="5c662e68-8767-4d5d-b039-ef824444f9b8">
    </UnitTestResult>
    <UnitTestResult executionId="67cddeb9-dbba-46f2-b191-1b61e19b119d" testId="18879252-c743-f793-9403-301b2ccee4d1" testName="LoadSuppliersTest" computerName="ACERSANTOS" duration="00:00:00.0161297" startTime="2014-01-10T01:32:06.9598522+08:00" endTime="2014-01-10T01:32:06.9754772+08:00" testType="13cdc9d9-ddb5-4fa4-a97d-d965ccfc6d4b" outcome="Passed" testListId="8c84fa94-04c1-424b-9868-57a2d4851a1d" relativeResultsDirectory="67cddeb9-dbba-46f2-b191-1b61e19b119d">
    </UnitTestResult>
    <UnitTestResult executionId="c97a4cb6-2a59-4bda-a512-187026e8a90e" testId="1b737d7a-9771-3cc0-0a3c-20b6711fea3e" testName="LoadCost_Given_All_Is_Given_And_ProductDetail_Null_Test" computerName="ACERSANTOS" duration="00:00:00.0145395" startTime="2014-01-10T01:32:06.9754772+08:00" endTime="2014-01-10T01:32:07.0067272+08:00" testType="13cdc9d9-ddb5-4fa4-a97d-d965ccfc6d4b" outcome="Passed" testListId="8c84fa94-04c1-424b-9868-57a2d4851a1d" relativeResultsDirectory="c97a4cb6-2a59-4bda-a512-187026e8a90e">
    </UnitTestResult>
    <UnitTestResult executionId="a5e8bcfd-e6df-4be8-83cc-ff87ecb80d91" testId="2099bdbf-5489-2689-5f62-4f14732e624e" testName="BuildDeliveryDetailsPanelWithAnInitialEmptyDeliveryTest" computerName="ACERSANTOS" duration="00:00:00.0020547" startTime="2014-01-10T01:32:07.0067272+08:00" endTime="2014-01-10T01:32:07.0223522+08:00" testType="13cdc9d9-ddb5-4fa4-a97d-d965ccfc6d4b" outcome="Passed" testListId="8c84fa94-04c1-424b-9868-57a2d4851a1d" relativeResultsDirectory="a5e8bcfd-e6df-4be8-83cc-ff87ecb80d91">
    </UnitTestResult>
    <UnitTestResult executionId="22fb5b62-3176-423c-8d93-fbf4aa656349" testId="247951d6-e32c-7ff8-32a0-e21fd0d47202" testName="LoadCost_Given_Color_Is_Given_Test" computerName="ACERSANTOS" duration="00:00:00.0059588" startTime="2014-01-10T01:32:07.0223522+08:00" endTime="2014-01-10T01:32:07.0379772+08:00" testType="13cdc9d9-ddb5-4fa4-a97d-d965ccfc6d4b" outcome="Passed" testListId="8c84fa94-04c1-424b-9868-57a2d4851a1d" relativeResultsDirectory="22fb5b62-3176-423c-8d93-fbf4aa656349">
    </UnitTestResult>
    <UnitTestResult executionId="93d8c688-d5f0-4b1a-b046-1dd88c121580" testId="284e77e3-a7f2-0e57-8ddf-dc3ad1476560" testName="BuildDeliveryDetailsPanelWithAnInitialNonEmptyDeliveryAndDamageWithSameSDamageDescriptionTest" computerName="ACERSANTOS" duration="00:00:00.0044874" startTime="2014-01-10T01:32:07.0379772+08:00" endTime="2014-01-10T01:32:07.0536022+08:00" testType="13cdc9d9-ddb5-4fa4-a97d-d965ccfc6d4b" outcome="Passed" testListId="8c84fa94-04c1-424b-9868-57a2d4851a1d" relativeResultsDirectory="93d8c688-d5f0-4b1a-b046-1dd88c121580">
    </UnitTestResult>
    <UnitTestResult executionId="a534888e-aea2-41a2-8fc4-98a60994f0aa" testId="2b6dab54-cc59-ad3c-8563-37eb80167637" testName="SelectDamageIsNotOtherTest" computerName="ACERSANTOS" duration="00:00:00.0047567" startTime="2014-01-10T01:32:07.0536022+08:00" endTime="2014-01-10T01:32:07.0692272+08:00" testType="13cdc9d9-ddb5-4fa4-a97d-d965ccfc6d4b" outcome="Passed" testListId="8c84fa94-04c1-424b-9868-57a2d4851a1d" relativeResultsDirectory="a534888e-aea2-41a2-8fc4-98a60994f0aa">
    </UnitTestResult>
    <UnitTestResult executionId="c0b1e5e6-607d-4a65-bb92-2ee391045b19" testId="2e6cd78c-f356-f6bb-2338-7d56e4dfef0c" testName="SwitchSearchMode_GivenTrue_Test" computerName="ACERSANTOS" duration="00:00:00.0139995" startTime="2014-01-10T01:32:07.0692272+08:00" endTime="2014-01-10T01:32:07.0848522+08:00" testType="13cdc9d9-ddb5-4fa4-a97d-d965ccfc6d4b" outcome="Passed" testListId="8c84fa94-04c1-424b-9868-57a2d4851a1d" relativeResultsDirectory="c0b1e5e6-607d-4a65-bb92-2ee391045b19">
    </UnitTestResult>
    <UnitTestResult executionId="991f3f13-9aa2-46c5-903f-9dd2240fec7d" testId="35909553-f0f2-4fa1-c52c-d6ba661a299b" testName="UseScannerIsOn_Test" computerName="ACERSANTOS" duration="00:00:00.0079454" startTime="2014-01-10T01:32:07.0848522+08:00" endTime="2014-01-10T01:32:07.1004772+08:00" testType="13cdc9d9-ddb5-4fa4-a97d-d965ccfc6d4b" outcome="Passed" testListId="8c84fa94-04c1-424b-9868-57a2d4851a1d" relativeResultsDirectory="991f3f13-9aa2-46c5-903f-9dd2240fec7d">
    </UnitTestResult>
    <UnitTestResult executionId="e70ee011-555b-4ea0-84c4-6172535e0378" testId="36dc92e3-5d37-9a51-923b-71f3c61bef58" testName="LoadProductsByInputSearchByStockNumberNotEmptyTest" computerName="ACERSANTOS" duration="00:00:00.0167356" startTime="2014-01-10T01:32:07.1004772+08:00" endTime="2014-01-10T01:32:07.1317272+08:00" testType="13cdc9d9-ddb5-4fa4-a97d-d965ccfc6d4b" outcome="Passed" testListId="8c84fa94-04c1-424b-9868-57a2d4851a1d" relativeResultsDirectory="e70ee011-555b-4ea0-84c4-6172535e0378">
    </UnitTestResult>
    <UnitTestResult executionId="bc39496e-aab4-4719-ae0a-77e26791e0b6" testId="3723b7e7-788b-5811-09c3-e80dac9c435b" testName="DisableOrEnableSaveDeliveryButton_Given_All_Has_Values_And_Status_Is_Good_Enable_Test" computerName="ACERSANTOS" duration="00:00:00.0085223" startTime="2014-01-10T01:32:07.1317272+08:00" endTime="2014-01-10T01:32:07.1786022+08:00" testType="13cdc9d9-ddb5-4fa4-a97d-d965ccfc6d4b" outcome="Passed" testListId="8c84fa94-04c1-424b-9868-57a2d4851a1d" relativeResultsDirectory="bc39496e-aab4-4719-ae0a-77e26791e0b6">
    </UnitTestResult>
    <UnitTestResult executionId="fe345414-e894-4579-9b0c-3435e22aac27" testId="3b4616a9-73ef-420a-08b6-6dcff08c24e1" testName="ProcessItemCodeAfterScanning_ProductDetailExists_Test" computerName="ACERSANTOS" duration="00:00:00.0108586" startTime="2014-01-10T01:32:07.1786022+08:00" endTime="2014-01-10T01:32:07.1942272+08:00" testType="13cdc9d9-ddb5-4fa4-a97d-d965ccfc6d4b" outcome="Passed" testListId="8c84fa94-04c1-424b-9868-57a2d4851a1d" relativeResultsDirectory="fe345414-e894-4579-9b0c-3435e22aac27">
    </UnitTestResult>
    <UnitTestResult executionId="750ec50c-35c6-4232-803d-7d31ad103411" testId="3efa30ea-c6d0-e809-4767-f9b87a4423fd" testName="YearGeneratorTest" computerName="ACERSANTOS" duration="00:00:00.0015208" startTime="2014-01-10T01:32:07.1942272+08:00" endTime="2014-01-10T01:32:07.2098522+08:00" testType="13cdc9d9-ddb5-4fa4-a97d-d965ccfc6d4b" outcome="Passed" testListId="8c84fa94-04c1-424b-9868-57a2d4851a1d" relativeResultsDirectory="750ec50c-35c6-4232-803d-7d31ad103411">
    </UnitTestResult>
    <UnitTestResult executionId="c1b2eb81-d83b-4dd6-8261-5a3ac5665010" testId="4eb87f62-6044-b074-ea4d-e895f913a38d" testName="LoadProductStatusTest" computerName="ACERSANTOS" duration="00:00:00.0078487" startTime="2014-01-10T01:32:07.2098522+08:00" endTime="2014-01-10T01:32:07.2254772+08:00" testType="13cdc9d9-ddb5-4fa4-a97d-d965ccfc6d4b" outcome="Passed" testListId="8c84fa94-04c1-424b-9868-57a2d4851a1d" relativeResultsDirectory="c1b2eb81-d83b-4dd6-8261-5a3ac5665010">
    </UnitTestResult>
    <UnitTestResult executionId="ac0de680-5408-43e1-b9da-6298998a2c37" testId="5135972e-6238-db4e-d032-88e725990ef7" testName="BuildDeliveryDetailsPanelWithAnInitialNonEmptyDeliveryAndWithAdditionalDamageTest" computerName="ACERSANTOS" duration="00:00:00.0077196" startTime="2014-01-10T01:32:07.2254772+08:00" endTime="2014-01-10T01:32:07.2411022+08:00" testType="13cdc9d9-ddb5-4fa4-a97d-d965ccfc6d4b" outcome="Passed" testListId="8c84fa94-04c1-424b-9868-57a2d4851a1d" relativeResultsDirectory="ac0de680-5408-43e1-b9da-6298998a2c37">
    </UnitTestResult>
    <UnitTestResult executionId="e828c246-6c19-4cec-aa7e-b38a68d29435" testId="53ca1852-49a0-a11c-e7e8-a284473e42dd" testName="DisableOrEnableSaveDeliveryButton_Given_EmptyOrNumber_Test" computerName="ACERSANTOS" duration="00:00:00.0030470" startTime="2014-01-10T01:32:07.2411022+08:00" endTime="2014-01-10T01:32:07.2567272+08:00" testType="13cdc9d9-ddb5-4fa4-a97d-d965ccfc6d4b" outcome="Passed" testListId="8c84fa94-04c1-424b-9868-57a2d4851a1d" relativeResultsDirectory="e828c246-6c19-4cec-aa7e-b38a68d29435">
    </UnitTestResult>
    <UnitTestResult executionId="662fb616-ecef-4bec-a03b-af1119a1103e" testId="542dead6-ed10-9222-74f9-a41b9a960344" testName="LoadDamageStatusTest" computerName="ACERSANTOS" duration="00:00:00.0058708" startTime="2014-01-10T01:32:07.2567272+08:00" endTime="2014-01-10T01:32:07.2723522+08:00" testType="13cdc9d9-ddb5-4fa4-a97d-d965ccfc6d4b" outcome="Passed" testListId="8c84fa94-04c1-424b-9868-57a2d4851a1d" relativeResultsDirectory="662fb616-ecef-4bec-a03b-af1119a1103e">
    </UnitTestResult>
    <UnitTestResult executionId="7f68105e-dc8f-4aff-aca5-c3c7274d3d3e" testId="567d3c2b-4962-3d47-96ab-601a74aaffe5" testName="LoadProductsByInputSearchByBarcodeNotEmptyTest" computerName="ACERSANTOS" duration="00:00:00.0081046" startTime="2014-01-10T01:32:07.2723522+08:00" endTime="2014-01-10T01:32:07.2879772+08:00" testType="13cdc9d9-ddb5-4fa4-a97d-d965ccfc6d4b" outcome="Passed" testListId="8c84fa94-04c1-424b-9868-57a2d4851a1d" relativeResultsDirectory="7f68105e-dc8f-4aff-aca5-c3c7274d3d3e">
    </UnitTestResult>
    <UnitTestResult executionId="486c626d-f305-4cd8-8be7-7089000729b6" testId="5c93c3b8-238e-e9ac-d3a5-9a2ef47a74cc" testName="BuildDeliveryDetailsPanelWithAnInitialNonEmptyDeliveryTest" computerName="ACERSANTOS" duration="00:00:00.0050889" startTime="2014-01-10T01:32:07.2879772+08:00" endTime="2014-01-10T01:32:07.3036022+08:00" testType="13cdc9d9-ddb5-4fa4-a97d-d965ccfc6d4b" outcome="Passed" testListId="8c84fa94-04c1-424b-9868-57a2d4851a1d" relativeResultsDirectory="486c626d-f305-4cd8-8be7-7089000729b6">
    </UnitTestResult>
    <UnitTestResult executionId="8c6a60d5-ada8-48ef-8313-595a9c0b5349" testId="615a6b46-1aee-dd6e-cd06-60e43626c58e" testName="UseScannerIsOff_Test" computerName="ACERSANTOS" duration="00:00:00.0066885" startTime="2014-01-10T01:32:07.3036022+08:00" endTime="2014-01-10T01:32:07.3192272+08:00" testType="13cdc9d9-ddb5-4fa4-a97d-d965ccfc6d4b" outcome="Passed" testListId="8c84fa94-04c1-424b-9868-57a2d4851a1d" relativeResultsDirectory="8c6a60d5-ada8-48ef-8313-595a9c0b5349">
    </UnitTestResult>
    <UnitTestResult executionId="93a58afa-6b86-43a7-804b-30c465ae9287" testId="698ffbe7-b725-a227-e9f4-5258393318b2" testName="SaveDeliveryDetail_Given_ItemIsGood_Test" computerName="ACERSANTOS" duration="00:00:00.0434256" startTime="2014-01-10T01:32:07.3192272+08:00" endTime="2014-01-10T01:32:07.3817272+08:00" testType="13cdc9d9-ddb5-4fa4-a97d-d965ccfc6d4b" outcome="Passed" testListId="8c84fa94-04c1-424b-9868-57a2d4851a1d" relativeResultsDirectory="93a58afa-6b86-43a7-804b-30c465ae9287">
    </UnitTestResult>
    <UnitTestResult executionId="d860db94-9843-4237-8b5c-0ec45746469d" testId="776083fb-40d9-ace0-cafd-b575a93717af" testName="BuildDeliveryDetailsPanelWithAnInitialNonEmptyDeliveryAndNoDamageAndAddedSameSizeTest" computerName="ACERSANTOS" duration="00:00:00.0039731" startTime="2014-01-10T01:32:07.3817272+08:00" endTime="2014-01-10T01:32:07.3817272+08:00" testType="13cdc9d9-ddb5-4fa4-a97d-d965ccfc6d4b" outcome="Passed" testListId="8c84fa94-04c1-424b-9868-57a2d4851a1d" relativeResultsDirectory="d860db94-9843-4237-8b5c-0ec45746469d">
    </UnitTestResult>
    <UnitTestResult executionId="78bf0d04-a976-42c5-8fd0-0c9757379af3" testId="85341c1c-02dc-c0cd-6e24-42de4de3c486" testName="LoadCost_Given_All_Is_Given_And_ProductDetailOverrideCost_IsNotNull_Test" computerName="ACERSANTOS" duration="00:00:00.0098325" startTime="2014-01-10T01:32:07.3973522+08:00" endTime="2014-01-10T01:32:07.4129772+08:00" testType="13cdc9d9-ddb5-4fa4-a97d-d965ccfc6d4b" outcome="Passed" testListId="8c84fa94-04c1-424b-9868-57a2d4851a1d" relativeResultsDirectory="78bf0d04-a976-42c5-8fd0-0c9757379af3">
    </UnitTestResult>
    <UnitTestResult executionId="9628bd8a-46fe-4f46-b80e-9c24e0c7f5ea" testId="8a737c96-b1b7-c951-5c82-9f4289c05abe" testName="BuildDeliveryDetails_Issue_001_Test" computerName="ACERSANTOS" duration="00:00:00.0028358" startTime="2014-01-10T01:32:07.4129772+08:00" endTime="2014-01-10T01:32:07.4286022+08:00" testType="13cdc9d9-ddb5-4fa4-a97d-d965ccfc6d4b" outcome="Passed" testListId="8c84fa94-04c1-424b-9868-57a2d4851a1d" relativeResultsDirectory="9628bd8a-46fe-4f46-b80e-9c24e0c7f5ea">
    </UnitTestResult>
    <UnitTestResult executionId="bdc54839-a9a1-4fd6-95e6-2133dfa2739e" testId="8c1e773a-137a-9b93-574d-7de86f793fdf" testName="LoadSelectedProductByProductTest" computerName="ACERSANTOS" duration="00:00:00.0072456" startTime="2014-01-10T01:32:07.4286022+08:00" endTime="2014-01-10T01:32:07.4442272+08:00" testType="13cdc9d9-ddb5-4fa4-a97d-d965ccfc6d4b" outcome="Passed" testListId="8c84fa94-04c1-424b-9868-57a2d4851a1d" relativeResultsDirectory="bdc54839-a9a1-4fd6-95e6-2133dfa2739e">
    </UnitTestResult>
    <UnitTestResult executionId="d16c5081-53b8-41ba-b01c-7f771f9f270b" testId="955b49e0-f828-eceb-3c2a-e295da2bb199" testName="SaveDeliveryDetail_Given_ItemIsDamageAndNonOthers_Test" computerName="ACERSANTOS" duration="00:00:00.0162246" startTime="2014-01-10T01:32:07.4442272+08:00" endTime="2014-01-10T01:32:07.4598522+08:00" testType="13cdc9d9-ddb5-4fa4-a97d-d965ccfc6d4b" outcome="Passed" testListId="8c84fa94-04c1-424b-9868-57a2d4851a1d" relativeResultsDirectory="d16c5081-53b8-41ba-b01c-7f771f9f270b">
    </UnitTestResult>
    <UnitTestResult executionId="332591c9-3352-4288-bfab-6414c837c4a5" testId="9b4b7832-1dfe-9ab1-20b0-314be6fd0d43" testName="SaveDelivery_Given_Delivery_Detail_IsNull" computerName="ACERSANTOS" duration="00:00:00.0229911" startTime="2014-01-10T01:32:07.4754772+08:00" endTime="2014-01-10T01:32:07.5067272+08:00" testType="13cdc9d9-ddb5-4fa4-a97d-d965ccfc6d4b" outcome="Passed" testListId="8c84fa94-04c1-424b-9868-57a2d4851a1d" relativeResultsDirectory="332591c9-3352-4288-bfab-6414c837c4a5">
    </UnitTestResult>
    <UnitTestResult executionId="f2e8bc09-3683-46bd-b4e9-fe380106a968" testId="a90dcb5c-5bc9-f719-7efd-3e8ef04ccecd" testName="LoadCost_Given_All_Is_Given_And_ProductDetailOverrideCost_IsNull_Test" computerName="ACERSANTOS" duration="00:00:00.0095081" startTime="2014-01-10T01:32:07.5067272+08:00" endTime="2014-01-10T01:32:07.5223522+08:00" testType="13cdc9d9-ddb5-4fa4-a97d-d965ccfc6d4b" outcome="Passed" testListId="8c84fa94-04c1-424b-9868-57a2d4851a1d" relativeResultsDirectory="f2e8bc09-3683-46bd-b4e9-fe380106a968">
    </UnitTestResult>
    <UnitTestResult executionId="ac4e4c43-a86b-43f8-899c-421b4ec9be65" testId="aef8684c-96d9-ce55-c302-0c7e0b2dc74a" testName="SelectProductStatusIsGoodTest" computerName="ACERSANTOS" duration="00:00:00.0015775" startTime="2014-01-10T01:32:07.5223522+08:00" endTime="2014-01-10T01:32:07.5223522+08:00" testType="13cdc9d9-ddb5-4fa4-a97d-d965ccfc6d4b" outcome="Passed" testListId="8c84fa94-04c1-424b-9868-57a2d4851a1d" relativeResultsDirectory="ac4e4c43-a86b-43f8-899c-421b4ec9be65">
    </UnitTestResult>
    <UnitTestResult executionId="4b5c59c6-bc8c-422e-a2c7-bc77d2fbab44" testId="af609df7-1ee3-6905-d4fe-3aa5fcb650a7" testName="DisableOrEnableSaveDeliveryButton_GivenInputDamageSizeIsNull_Test" computerName="ACERSANTOS" duration="00:00:00.0068964" startTime="2014-01-10T01:32:07.5379772+08:00" endTime="2014-01-10T01:32:07.5536022+08:00" testType="13cdc9d9-ddb5-4fa4-a97d-d965ccfc6d4b" outcome="Passed" testListId="8c84fa94-04c1-424b-9868-57a2d4851a1d" relativeResultsDirectory="4b5c59c6-bc8c-422e-a2c7-bc77d2fbab44">
    </UnitTestResult>
    <UnitTestResult executionId="f8a3a003-8fcd-4c7e-b311-b09223d47b23" testId="affc3c7b-2282-a1a7-f6ae-ff585a6ff85e" testName="SelectDamageIsOtherTest" computerName="ACERSANTOS" duration="00:00:00.0015948" startTime="2014-01-10T01:32:07.5536022+08:00" endTime="2014-01-10T01:32:07.5692272+08:00" testType="13cdc9d9-ddb5-4fa4-a97d-d965ccfc6d4b" outcome="Passed" testListId="8c84fa94-04c1-424b-9868-57a2d4851a1d" relativeResultsDirectory="f8a3a003-8fcd-4c7e-b311-b09223d47b23">
    </UnitTestResult>
    <UnitTestResult executionId="155ab527-5f68-4fba-8104-fc555d37f608" testId="b589c64f-2b20-2250-9e4b-8559e7595006" testName="ProcessItemCodeAfterScanning_ProductDetailNotExists_Test" computerName="ACERSANTOS" duration="00:00:00.0044650" startTime="2014-01-10T01:32:07.5692272+08:00" endTime="2014-01-10T01:32:07.5848522+08:00" testType="13cdc9d9-ddb5-4fa4-a97d-d965ccfc6d4b" outcome="Passed" testListId="8c84fa94-04c1-424b-9868-57a2d4851a1d" relativeResultsDirectory="155ab527-5f68-4fba-8104-fc555d37f608">
    </UnitTestResult>
    <UnitTestResult executionId="8949e84d-a1e0-4d46-ba20-3465576cfef5" testId="c05dc14b-034b-5fd2-fd0b-143e3edaf55a" testName="DisableOrEnableSaveDeliveryButton_Given_EmptySupplierName_Test" computerName="ACERSANTOS" duration="00:00:00.0030028" startTime="2014-01-10T01:32:07.5848522+08:00" endTime="2014-01-10T01:32:07.6004772+08:00" testType="13cdc9d9-ddb5-4fa4-a97d-d965ccfc6d4b" outcome="Passed" testListId="8c84fa94-04c1-424b-9868-57a2d4851a1d" relativeResultsDirectory="8949e84d-a1e0-4d46-ba20-3465576cfef5">
    </UnitTestResult>
    <UnitTestResult executionId="9fc89013-f1ee-4bab-901a-7aca7ee42a83" testId="c96a23c4-7149-5feb-e6c2-9f64455f0f9f" testName="LoadCost_Given_Washing_Is_Given_Test" computerName="ACERSANTOS" duration="00:00:00.0059937" startTime="2014-01-10T01:32:07.6004772+08:00" endTime="2014-01-10T01:32:07.6161022+08:00" testType="13cdc9d9-ddb5-4fa4-a97d-d965ccfc6d4b" outcome="Passed" testListId="8c84fa94-04c1-424b-9868-57a2d4851a1d" relativeResultsDirectory="9fc89013-f1ee-4bab-901a-7aca7ee42a83">
    </UnitTestResult>
    <UnitTestResult executionId="675deb56-775c-4778-846c-0d37aefe9d7c" testId="cc497315-0e0f-da31-785d-e872c7d04ce1" testName="DisableOrEnableSaveDeliveryButton_GivenAllInputsIsValid_Test" computerName="ACERSANTOS" duration="00:00:00.0056755" startTime="2014-01-10T01:32:07.6161022+08:00" endTime="2014-01-10T01:32:07.6317272+08:00" testType="13cdc9d9-ddb5-4fa4-a97d-d965ccfc6d4b" outcome="Passed" testListId="8c84fa94-04c1-424b-9868-57a2d4851a1d" relativeResultsDirectory="675deb56-775c-4778-846c-0d37aefe9d7c">
    </UnitTestResult>
    <UnitTestResult executionId="f007f92c-7645-4efa-ad73-1d41b655a95a" testId="ccf1d8fd-6364-029c-2047-b39fe5f42649" testName="InitialLoad_EditMode_Test" computerName="ACERSANTOS" duration="00:00:00.0265215" startTime="2014-01-10T01:32:07.6317272+08:00" endTime="2014-01-10T01:32:07.6629772+08:00" testType="13cdc9d9-ddb5-4fa4-a97d-d965ccfc6d4b" outcome="Passed" testListId="8c84fa94-04c1-424b-9868-57a2d4851a1d" relativeResultsDirectory="f007f92c-7645-4efa-ad73-1d41b655a95a">
    </UnitTestResult>
    <UnitTestResult executionId="0af445f2-a823-42ff-941a-48b962ced71a" testId="cfd73a2f-2089-bc77-de68-2eabe8bebc4e" testName="BuildDeliveryDetails_Issue_002_Test" computerName="ACERSANTOS" duration="00:00:00.0026369" startTime="2014-01-10T01:32:07.6629772+08:00" endTime="2014-01-10T01:32:07.6786022+08:00" testType="13cdc9d9-ddb5-4fa4-a97d-d965ccfc6d4b" outcome="Passed" testListId="8c84fa94-04c1-424b-9868-57a2d4851a1d" relativeResultsDirectory="0af445f2-a823-42ff-941a-48b962ced71a">
    </UnitTestResult>
    <UnitTestResult executionId="cdb3e9e9-aaf6-4431-ad3d-634f7b1bc153" testId="d4371ab4-4581-fe2f-5f25-170497c8a690" testName="SwitchSearchMode_GivenFalse_Test" computerName="ACERSANTOS" duration="00:00:00.0041781" startTime="2014-01-10T01:32:07.6786022+08:00" endTime="2014-01-10T01:32:07.6942272+08:00" testType="13cdc9d9-ddb5-4fa4-a97d-d965ccfc6d4b" outcome="Passed" testListId="8c84fa94-04c1-424b-9868-57a2d4851a1d" relativeResultsDirectory="cdb3e9e9-aaf6-4431-ad3d-634f7b1bc153">
    </UnitTestResult>
    <UnitTestResult executionId="795f2353-c339-45b4-aacf-686a2ebc3e3b" testId="d9de7a0e-b476-721e-1ad3-17f7ad46f19c" testName="LoadSelectedProductProductDetailTest" computerName="ACERSANTOS" duration="00:00:00.0069668" startTime="2014-01-10T01:32:07.6942272+08:00" endTime="2014-01-10T01:32:07.7098522+08:00" testType="13cdc9d9-ddb5-4fa4-a97d-d965ccfc6d4b" outcome="Passed" testListId="8c84fa94-04c1-424b-9868-57a2d4851a1d" relativeResultsDirectory="795f2353-c339-45b4-aacf-686a2ebc3e3b">
    </UnitTestResult>
    <UnitTestResult executionId="87b00946-4363-47e3-8594-80fcd9a3e1c7" testId="db04381d-9eba-9777-cc16-6508ab5fd323" testName="BuildDeliveryDetailsPanelTest" computerName="ACERSANTOS" duration="00:00:00.0030333" startTime="2014-01-10T01:32:07.7098522+08:00" endTime="2014-01-10T01:32:07.7254772+08:00" testType="13cdc9d9-ddb5-4fa4-a97d-d965ccfc6d4b" outcome="Passed" testListId="8c84fa94-04c1-424b-9868-57a2d4851a1d" relativeResultsDirectory="87b00946-4363-47e3-8594-80fcd9a3e1c7">
    </UnitTestResult>
    <UnitTestResult executionId="a65d8197-241d-4b49-935c-e128dcf2ad70" testId="dd88d382-a029-26c8-5280-fb736f8309c7" testName="LoadAllProductDetailsTest" computerName="ACERSANTOS" duration="00:00:00.0069318" startTime="2014-01-10T01:32:07.7254772+08:00" endTime="2014-01-10T01:32:07.7411022+08:00" testType="13cdc9d9-ddb5-4fa4-a97d-d965ccfc6d4b" outcome="Passed" testListId="8c84fa94-04c1-424b-9868-57a2d4851a1d" relativeResultsDirectory="a65d8197-241d-4b49-935c-e128dcf2ad70">
    </UnitTestResult>
    <UnitTestResult executionId="580ccfcd-6b4d-4668-82a8-cda96489e89e" testId="e0bd1a5e-b53c-ba27-af82-db933039b2c8" testName="SaveDeliveryDetail_Given_ItemIsDamageAndOthers_Test" computerName="ACERSANTOS" duration="00:00:00.0166725" startTime="2014-01-10T01:32:07.7411022+08:00" endTime="2014-01-10T01:32:07.7723522+08:00" testType="13cdc9d9-ddb5-4fa4-a97d-d965ccfc6d4b" outcome="Passed" testListId="8c84fa94-04c1-424b-9868-57a2d4851a1d" relativeResultsDirectory="580ccfcd-6b4d-4668-82a8-cda96489e89e">
    </UnitTestResult>
    <UnitTestResult executionId="84a78586-9b87-4eac-876d-e3a284522ec9" testId="e44b57e1-5457-3e9a-ff44-547849a192a4" testName="MonthGeneratorTest" computerName="ACERSANTOS" duration="00:00:00.0012250" startTime="2014-01-10T01:32:07.7723522+08:00" endTime="2014-01-10T01:32:07.8192272+08:00" testType="13cdc9d9-ddb5-4fa4-a97d-d965ccfc6d4b" outcome="Passed" testListId="8c84fa94-04c1-424b-9868-57a2d4851a1d" relativeResultsDirectory="84a78586-9b87-4eac-876d-e3a284522ec9">
    </UnitTestResult>
    <UnitTestResult executionId="7bec3ef2-25ab-4166-94c9-994a62a4e9f2" testId="faed0243-f7e8-cdd9-b5b9-3933b9a315c5" testName="DisableOrEnableSaveDeliveryButton_Given_SupplierName_IsIncorrectlyInput_Test" computerName="ACERSANTOS" duration="00:00:00.0045530" startTime="2014-01-10T01:32:07.8192272+08:00" endTime="2014-01-10T01:32:07.8348522+08:00" testType="13cdc9d9-ddb5-4fa4-a97d-d965ccfc6d4b" outcome="Passed" testListId="8c84fa94-04c1-424b-9868-57a2d4851a1d" relativeResultsDirectory="7bec3ef2-25ab-4166-94c9-994a62a4e9f2">
    </UnitTestResult>
  </Results>
</TestRun>