<?xml version="1.0" encoding="UTF-8"?>
<TestRun id="f3b32f8f-d78f-47c4-8adc-e5935a168ae8" name="Santos@ACERSANTOS 2014-01-10 01:30:26" runUser="ACERSANTOS\Santos" xmlns="http://microsoft.com/schemas/VisualStudio/TeamTest/2010">
  <TestSettings name="Local" id="66962cd2-99c7-4af5-b1c3-3f24a3ebdd1e">
    <Description>These are default test settings for a local test run.</Description>
    <Deployment enabled="false" runDeploymentRoot="Santos_ACERSANTOS 2014-01-10 01_30_26">
      <DeploymentItem filename="E:\Projects\SGIInventory\SGInvetory\SGInventory.Interfaces\bin\Debug\SGInventory.Common.Interfaces.dll" />
      <DeploymentItem filename="E:\Projects\SGIInventory\SGInvetory\SGInventory.Business.Model\bin\Debug\SGInventory.Business.Model.dll" />
      <DeploymentItem filename="E:\Projects\SGIInventory\SGInvetory\SGInventory.Enums\bin\Debug\SGInventory.Enums.dll" />
      <DeploymentItem filename="E:\Projects\SGIInventory\SGInvetory\SGInventory.Presenter\bin\Debug\SGInventory.Presenters.dll" />
      <DeploymentItem filename="E:\Projects\SGIInventory\SGInvetory\packages\Moq.4.0.10827\lib\NET40\Moq.dll" />
      <DeploymentItem filename="E:\Projects\SGIInventory\SGInvetory\Views\bin\Debug\SGInventory.Views.dll" />
      <DeploymentItem filename="E:\Projects\SGIInventory\SGInvetory\SGInventory.Model\bin\Debug\SGInventory.Model.dll" />
      <DeploymentItem filename="E:\Projects\SGIInventory\SGInvetory\SGInventory.Test.Data\bin\Debug\SGInventory.Test.Data.dll" />
      <DeploymentItem filename="E:\Projects\SGIInventory\SGInvetory\SGInventory.Helpers\bin\Debug\SGInventory.Helpers.dll" />
    </Deployment>
    <Execution>
      <TestTypeSpecific />
      <AgentRule name="Execution Agents">
      </AgentRule>
    </Execution>
  </TestSettings>
  <Times creation="2014-01-10T01:30:26.1942272+08:00" queuing="2014-01-10T01:30:26.2254772+08:00" start="2014-01-10T01:30:26.2723522+08:00" finish="2014-01-10T01:30:28.7567272+08:00" />
  <ResultSummary outcome="Failed">
    <Counters total="50" executed="50" passed="49" error="0" failed="1" timeout="0" aborted="0" inconclusive="0" passedButRunAborted="0" notRunnable="0" notExecuted="0" disconnected="0" warning="0" completed="0" inProgress="0" pending="0" />
  </ResultSummary>
  <TestDefinitions>
    <UnitTest name="LoadCost_Given_Washing_Is_Given_Test" storage="e:\projects\sgiinventory\sginvetory\sginventory.presenters.test\bin\debug\sginventory.presenters.test.dll" id="c96a23c4-7149-5feb-e6c2-9f64455f0f9f">
      <Execution id="9c62ebd0-336c-4f69-837a-4e1f5611b23b" />
      <TestMethod codeBase="E:/Projects/SGIInventory/SGInvetory/SGInventory.Presenters.Test/bin/Debug/SGInventory.Presenters.Test.DLL" adapterTypeName="Microsoft.VisualStudio.TestTools.TestTypes.Unit.UnitTestAdapter, Microsoft.VisualStudio.QualityTools.Tips.UnitTest.Adapter, Version=10.0.0.0, Culture=neutral, PublicKeyToken=b03f5f7f11d50a3a" className="SGInventory.Presenters.Test.DeliveryPresenterTest, SGInventory.Presenters.Test, Version=1.0.0.0, Culture=neutral, PublicKeyToken=null" name="LoadCost_Given_Washing_Is_Given_Test" />
    </UnitTest>
    <UnitTest name="SaveDeliveryDetail_Given_ItemIsDamageAndNonOthers_Test" storage="e:\projects\sgiinventory\sginvetory\sginventory.presenters.test\bin\debug\sginventory.presenters.test.dll" id="955b49e0-f828-eceb-3c2a-e295da2bb199">
      <Execution id="d5518e1e-1866-4d0c-ba0e-423b79ae02a2" />
      <TestMethod codeBase="E:/Projects/SGIInventory/SGInvetory/SGInventory.Presenters.Test/bin/Debug/SGInventory.Presenters.Test.DLL" adapterTypeName="Microsoft.VisualStudio.TestTools.TestTypes.Unit.UnitTestAdapter, Microsoft.VisualStudio.QualityTools.Tips.UnitTest.Adapter, Version=10.0.0.0, Culture=neutral, PublicKeyToken=b03f5f7f11d50a3a" className="SGInventory.Presenters.Test.DeliveryPresenterTest, SGInventory.Presenters.Test, Version=1.0.0.0, Culture=neutral, PublicKeyToken=null" name="SaveDeliveryDetail_Given_ItemIsDamageAndNonOthers_Test" />
    </UnitTest>
    <UnitTest name="SaveDeliveryDetail_Given_ItemIsGood_Test" storage="e:\projects\sgiinventory\sginvetory\sginventory.presenters.test\bin\debug\sginventory.presenters.test.dll" id="698ffbe7-b725-a227-e9f4-5258393318b2">
      <Execution id="01526616-c420-40eb-905a-db4508c69b2d" />
      <TestMethod codeBase="E:/Projects/SGIInventory/SGInvetory/SGInventory.Presenters.Test/bin/Debug/SGInventory.Presenters.Test.DLL" adapterTypeName="Microsoft.VisualStudio.TestTools.TestTypes.Unit.UnitTestAdapter, Microsoft.VisualStudio.QualityTools.Tips.UnitTest.Adapter, Version=10.0.0.0, Culture=neutral, PublicKeyToken=b03f5f7f11d50a3a" className="SGInventory.Presenters.Test.DeliveryPresenterTest, SGInventory.Presenters.Test, Version=1.0.0.0, Culture=neutral, PublicKeyToken=null" name="SaveDeliveryDetail_Given_ItemIsGood_Test" />
    </UnitTest>
    <UnitTest name="BuildDeliveryDetailsPanelWithAnInitialNonEmptyDeliveryAndNoDamageTest" storage="e:\projects\sgiinventory\sginvetory\sginventory.presenters.test\bin\debug\sginventory.presenters.test.dll" id="08dc6b0f-3858-decb-7953-b26cf57e7287">
      <Execution id="c719de2f-5d64-4bf4-9eaf-ad22a5523915" />
      <TestMethod codeBase="E:/Projects/SGIInventory/SGInvetory/SGInventory.Presenters.Test/bin/Debug/SGInventory.Presenters.Test.DLL" adapterTypeName="Microsoft.VisualStudio.TestTools.TestTypes.Unit.UnitTestAdapter, Microsoft.VisualStudio.QualityTools.Tips.UnitTest.Adapter, Version=10.0.0.0, Culture=neutral, PublicKeyToken=b03f5f7f11d50a3a" className="SGInventory.Presenters.Test.DeliveryPresenterTest, SGInventory.Presenters.Test, Version=1.0.0.0, Culture=neutral, PublicKeyToken=null" name="BuildDeliveryDetailsPanelWithAnInitialNonEmptyDeliveryAndNoDamageTest" />
    </UnitTest>
    <UnitTest name="ProcessItemCodeAfterScanning_ProductDetailNotExists_Test" storage="e:\projects\sgiinventory\sginvetory\sginventory.presenters.test\bin\debug\sginventory.presenters.test.dll" id="b589c64f-2b20-2250-9e4b-8559e7595006">
      <Execution id="ecd8b18d-943c-4d09-8d8a-4f371fecedcd" />
      <TestMethod codeBase="E:/Projects/SGIInventory/SGInvetory/SGInventory.Presenters.Test/bin/Debug/SGInventory.Presenters.Test.DLL" adapterTypeName="Microsoft.VisualStudio.TestTools.TestTypes.Unit.UnitTestAdapter, Microsoft.VisualStudio.QualityTools.Tips.UnitTest.Adapter, Version=10.0.0.0, Culture=neutral, PublicKeyToken=b03f5f7f11d50a3a" className="SGInventory.Presenters.Test.DeliveryPresenterTest, SGInventory.Presenters.Test, Version=1.0.0.0, Culture=neutral, PublicKeyToken=null" name="ProcessItemCodeAfterScanning_ProductDetailNotExists_Test" />
    </UnitTest>
    <UnitTest name="LoadProductStatusTest" storage="e:\projects\sgiinventory\sginvetory\sginventory.presenters.test\bin\debug\sginventory.presenters.test.dll" id="4eb87f62-6044-b074-ea4d-e895f913a38d">
      <Execution id="c9cf4c8b-919a-4bf7-8c18-750f9bd0c8cc" />
      <TestMethod codeBase="E:/Projects/SGIInventory/SGInvetory/SGInventory.Presenters.Test/bin/Debug/SGInventory.Presenters.Test.DLL" adapterTypeName="Microsoft.VisualStudio.TestTools.TestTypes.Unit.UnitTestAdapter, Microsoft.VisualStudio.QualityTools.Tips.UnitTest.Adapter, Version=10.0.0.0, Culture=neutral, PublicKeyToken=b03f5f7f11d50a3a" className="SGInventory.Presenters.Test.DeliveryPresenterTest, SGInventory.Presenters.Test, Version=1.0.0.0, Culture=neutral, PublicKeyToken=null" name="LoadProductStatusTest" />
    </UnitTest>
    <UnitTest name="LoadSelectedProductProductDetailTest" storage="e:\projects\sgiinventory\sginvetory\sginventory.presenters.test\bin\debug\sginventory.presenters.test.dll" id="d9de7a0e-b476-721e-1ad3-17f7ad46f19c">
      <Execution id="e480aac7-5551-4bcc-814a-fafa0b9adbb3" />
      <TestMethod codeBase="E:/Projects/SGIInventory/SGInvetory/SGInventory.Presenters.Test/bin/Debug/SGInventory.Presenters.Test.DLL" adapterTypeName="Microsoft.VisualStudio.TestTools.TestTypes.Unit.UnitTestAdapter, Microsoft.VisualStudio.QualityTools.Tips.UnitTest.Adapter, Version=10.0.0.0, Culture=neutral, PublicKeyToken=b03f5f7f11d50a3a" className="SGInventory.Presenters.Test.DeliveryPresenterTest, SGInventory.Presenters.Test, Version=1.0.0.0, Culture=neutral, PublicKeyToken=null" name="LoadSelectedProductProductDetailTest" />
    </UnitTest>
    <UnitTest name="BuildDeliveryDetailsPanelTest" storage="e:\projects\sgiinventory\sginvetory\sginventory.presenters.test\bin\debug\sginventory.presenters.test.dll" id="db04381d-9eba-9777-cc16-6508ab5fd323">
      <Execution id="39802502-1d07-497e-a33b-3e09a35f9da4" />
      <TestMethod codeBase="E:/Projects/SGIInventory/SGInvetory/SGInventory.Presenters.Test/bin/Debug/SGInventory.Presenters.Test.DLL" adapterTypeName="Microsoft.VisualStudio.TestTools.TestTypes.Unit.UnitTestAdapter, Microsoft.VisualStudio.QualityTools.Tips.UnitTest.Adapter, Version=10.0.0.0, Culture=neutral, PublicKeyToken=b03f5f7f11d50a3a" className="SGInventory.Presenters.Test.DeliveryPresenterTest, SGInventory.Presenters.Test, Version=1.0.0.0, Culture=neutral, PublicKeyToken=null" name="BuildDeliveryDetailsPanelTest" />
    </UnitTest>
    <UnitTest name="SwitchSearchMode_GivenTrue_Test" storage="e:\projects\sgiinventory\sginvetory\sginventory.presenters.test\bin\debug\sginventory.presenters.test.dll" id="2e6cd78c-f356-f6bb-2338-7d56e4dfef0c">
      <Execution id="5c55568f-a22a-46bf-a910-2fc7b47b0e54" />
      <TestMethod codeBase="E:/Projects/SGIInventory/SGInvetory/SGInventory.Presenters.Test/bin/Debug/SGInventory.Presenters.Test.DLL" adapterTypeName="Microsoft.VisualStudio.TestTools.TestTypes.Unit.UnitTestAdapter, Microsoft.VisualStudio.QualityTools.Tips.UnitTest.Adapter, Version=10.0.0.0, Culture=neutral, PublicKeyToken=b03f5f7f11d50a3a" className="SGInventory.Presenters.Test.DeliveryPresenterTest, SGInventory.Presenters.Test, Version=1.0.0.0, Culture=neutral, PublicKeyToken=null" name="SwitchSearchMode_GivenTrue_Test" />
    </UnitTest>
    <UnitTest name="BuildDeliveryDetailsPanelWithAnInitialNonEmptyDeliveryAndNoDamageAndAddedSameSizeTest" storage="e:\projects\sgiinventory\sginvetory\sginventory.presenters.test\bin\debug\sginventory.presenters.test.dll" id="776083fb-40d9-ace0-cafd-b575a93717af">
      <Execution id="b3d537ad-3510-49a6-ada9-219575d803c4" />
      <TestMethod codeBase="E:/Projects/SGIInventory/SGInvetory/SGInventory.Presenters.Test/bin/Debug/SGInventory.Presenters.Test.DLL" adapterTypeName="Microsoft.VisualStudio.TestTools.TestTypes.Unit.UnitTestAdapter, Microsoft.VisualStudio.QualityTools.Tips.UnitTest.Adapter, Version=10.0.0.0, Culture=neutral, PublicKeyToken=b03f5f7f11d50a3a" className="SGInventory.Presenters.Test.DeliveryPresenterTest, SGInventory.Presenters.Test, Version=1.0.0.0, Culture=neutral, PublicKeyToken=null" name="BuildDeliveryDetailsPanelWithAnInitialNonEmptyDeliveryAndNoDamageAndAddedSameSizeTest" />
    </UnitTest>
    <UnitTest name="ProcessItemCodeAfterScanning_ProductDetailExists_Test" storage="e:\projects\sgiinventory\sginvetory\sginventory.presenters.test\bin\debug\sginventory.presenters.test.dll" id="3b4616a9-73ef-420a-08b6-6dcff08c24e1">
      <Execution id="3bc5e574-3298-4d60-aff4-4aee98d27813" />
      <TestMethod codeBase="E:/Projects/SGIInventory/SGInvetory/SGInventory.Presenters.Test/bin/Debug/SGInventory.Presenters.Test.DLL" adapterTypeName="Microsoft.VisualStudio.TestTools.TestTypes.Unit.UnitTestAdapter, Microsoft.VisualStudio.QualityTools.Tips.UnitTest.Adapter, Version=10.0.0.0, Culture=neutral, PublicKeyToken=b03f5f7f11d50a3a" className="SGInventory.Presenters.Test.DeliveryPresenterTest, SGInventory.Presenters.Test, Version=1.0.0.0, Culture=neutral, PublicKeyToken=null" name="ProcessItemCodeAfterScanning_ProductDetailExists_Test" />
    </UnitTest>
    <UnitTest name="SaveDelivery_Given_Delivery_Detail_IsNull" storage="e:\projects\sgiinventory\sginvetory\sginventory.presenters.test\bin\debug\sginventory.presenters.test.dll" id="9b4b7832-1dfe-9ab1-20b0-314be6fd0d43">
      <Execution id="b0d5779c-c764-4d1c-8440-0241213dedef" />
      <TestMethod codeBase="E:/Projects/SGIInventory/SGInvetory/SGInventory.Presenters.Test/bin/Debug/SGInventory.Presenters.Test.DLL" adapterTypeName="Microsoft.VisualStudio.TestTools.TestTypes.Unit.UnitTestAdapter, Microsoft.VisualStudio.QualityTools.Tips.UnitTest.Adapter, Version=10.0.0.0, Culture=neutral, PublicKeyToken=b03f5f7f11d50a3a" className="SGInventory.Presenters.Test.DeliveryPresenterTest, SGInventory.Presenters.Test, Version=1.0.0.0, Culture=neutral, PublicKeyToken=null" name="SaveDelivery_Given_Delivery_Detail_IsNull" />
    </UnitTest>
    <UnitTest name="BuildDeliveryDetailsPanelWithAnInitialNonEmptyDeliveryAndDamageWithSameSDamageDescriptionTest" storage="e:\projects\sgiinventory\sginvetory\sginventory.presenters.test\bin\debug\sginventory.presenters.test.dll" id="284e77e3-a7f2-0e57-8ddf-dc3ad1476560">
      <Execution id="690ecb9d-f54e-4fb1-bad1-9104e0fc9d53" />
      <TestMethod codeBase="E:/Projects/SGIInventory/SGInvetory/SGInventory.Presenters.Test/bin/Debug/SGInventory.Presenters.Test.DLL" adapterTypeName="Microsoft.VisualStudio.TestTools.TestTypes.Unit.UnitTestAdapter, Microsoft.VisualStudio.QualityTools.Tips.UnitTest.Adapter, Version=10.0.0.0, Culture=neutral, PublicKeyToken=b03f5f7f11d50a3a" className="SGInventory.Presenters.Test.DeliveryPresenterTest, SGInventory.Presenters.Test, Version=1.0.0.0, Culture=neutral, PublicKeyToken=null" name="BuildDeliveryDetailsPanelWithAnInitialNonEmptyDeliveryAndDamageWithSameSDamageDescriptionTest" />
    </UnitTest>
    <UnitTest name="YearGeneratorTest" storage="e:\projects\sgiinventory\sginvetory\sginventory.presenters.test\bin\debug\sginventory.presenters.test.dll" id="3efa30ea-c6d0-e809-4767-f9b87a4423fd">
      <Execution id="9ff60a2c-4b83-4dbd-92a2-f54a60b683cc" />
      <TestMethod codeBase="E:/Projects/SGIInventory/SGInvetory/SGInventory.Presenters.Test/bin/Debug/SGInventory.Presenters.Test.DLL" adapterTypeName="Microsoft.VisualStudio.TestTools.TestTypes.Unit.UnitTestAdapter, Microsoft.VisualStudio.QualityTools.Tips.UnitTest.Adapter, Version=10.0.0.0, Culture=neutral, PublicKeyToken=b03f5f7f11d50a3a" className="SGInventory.Presenters.Test.DeliveryPresenterTest, SGInventory.Presenters.Test, Version=1.0.0.0, Culture=neutral, PublicKeyToken=null" name="YearGeneratorTest" />
    </UnitTest>
    <UnitTest name="DisableOrEnableSaveDeliveryButton_Given_SupplierName_IsIncorrectlyInput_Test" storage="e:\projects\sgiinventory\sginvetory\sginventory.presenters.test\bin\debug\sginventory.presenters.test.dll" id="faed0243-f7e8-cdd9-b5b9-3933b9a315c5">
      <Execution id="0dee7ef2-12a4-402e-a72d-f4ef1abb95fa" />
      <TestMethod codeBase="E:/Projects/SGIInventory/SGInvetory/SGInventory.Presenters.Test/bin/Debug/SGInventory.Presenters.Test.DLL" adapterTypeName="Microsoft.VisualStudio.TestTools.TestTypes.Unit.UnitTestAdapter, Microsoft.VisualStudio.QualityTools.Tips.UnitTest.Adapter, Version=10.0.0.0, Culture=neutral, PublicKeyToken=b03f5f7f11d50a3a" className="SGInventory.Presenters.Test.DeliveryPresenterTest, SGInventory.Presenters.Test, Version=1.0.0.0, Culture=neutral, PublicKeyToken=null" name="DisableOrEnableSaveDeliveryButton_Given_SupplierName_IsIncorrectlyInput_Test" />
    </UnitTest>
    <UnitTest name="SwitchSearchMode_GivenFalse_Test" storage="e:\projects\sgiinventory\sginvetory\sginventory.presenters.test\bin\debug\sginventory.presenters.test.dll" id="d4371ab4-4581-fe2f-5f25-170497c8a690">
      <Execution id="37c986bf-11d8-45a6-b366-fff82d6e38cf" />
      <TestMethod codeBase="E:/Projects/SGIInventory/SGInvetory/SGInventory.Presenters.Test/bin/Debug/SGInventory.Presenters.Test.DLL" adapterTypeName="Microsoft.VisualStudio.TestTools.TestTypes.Unit.UnitTestAdapter, Microsoft.VisualStudio.QualityTools.Tips.UnitTest.Adapter, Version=10.0.0.0, Culture=neutral, PublicKeyToken=b03f5f7f11d50a3a" className="SGInventory.Presenters.Test.DeliveryPresenterTest, SGInventory.Presenters.Test, Version=1.0.0.0, Culture=neutral, PublicKeyToken=null" name="SwitchSearchMode_GivenFalse_Test" />
    </UnitTest>
    <UnitTest name="BuildDeliveryDetailsPanelWithAnInitialNonEmptyDeliveryAndWithAdditionalDamageTest" storage="e:\projects\sgiinventory\sginvetory\sginventory.presenters.test\bin\debug\sginventory.presenters.test.dll" id="5135972e-6238-db4e-d032-88e725990ef7">
      <Execution id="fd15a817-0a27-4bbc-9d39-1f7f0211c8ca" />
      <TestMethod codeBase="E:/Projects/SGIInventory/SGInvetory/SGInventory.Presenters.Test/bin/Debug/SGInventory.Presenters.Test.DLL" adapterTypeName="Microsoft.VisualStudio.TestTools.TestTypes.Unit.UnitTestAdapter, Microsoft.VisualStudio.QualityTools.Tips.UnitTest.Adapter, Version=10.0.0.0, Culture=neutral, PublicKeyToken=b03f5f7f11d50a3a" className="SGInventory.Presenters.Test.DeliveryPresenterTest, SGInventory.Presenters.Test, Version=1.0.0.0, Culture=neutral, PublicKeyToken=null" name="BuildDeliveryDetailsPanelWithAnInitialNonEmptyDeliveryAndWithAdditionalDamageTest" />
    </UnitTest>
    <UnitTest name="SelectDamageIsNotOtherTest" storage="e:\projects\sgiinventory\sginvetory\sginventory.presenters.test\bin\debug\sginventory.presenters.test.dll" id="2b6dab54-cc59-ad3c-8563-37eb80167637">
      <Execution id="2b94876b-6107-4455-949e-67d94ab52c50" />
      <TestMethod codeBase="E:/Projects/SGIInventory/SGInvetory/SGInventory.Presenters.Test/bin/Debug/SGInventory.Presenters.Test.DLL" adapterTypeName="Microsoft.VisualStudio.TestTools.TestTypes.Unit.UnitTestAdapter, Microsoft.VisualStudio.QualityTools.Tips.UnitTest.Adapter, Version=10.0.0.0, Culture=neutral, PublicKeyToken=b03f5f7f11d50a3a" className="SGInventory.Presenters.Test.DeliveryPresenterTest, SGInventory.Presenters.Test, Version=1.0.0.0, Culture=neutral, PublicKeyToken=null" name="SelectDamageIsNotOtherTest" />
    </UnitTest>
    <UnitTest name="BuildDeliveryDetailsPanelWithAnInitialEmptyDeliveryTest" storage="e:\projects\sgiinventory\sginvetory\sginventory.presenters.test\bin\debug\sginventory.presenters.test.dll" id="2099bdbf-5489-2689-5f62-4f14732e624e">
      <Execution id="2c2a6d04-e5e5-4105-b0fc-a931f2c2ba65" />
      <TestMethod codeBase="E:/Projects/SGIInventory/SGInvetory/SGInventory.Presenters.Test/bin/Debug/SGInventory.Presenters.Test.DLL" adapterTypeName="Microsoft.VisualStudio.TestTools.TestTypes.Unit.UnitTestAdapter, Microsoft.VisualStudio.QualityTools.Tips.UnitTest.Adapter, Version=10.0.0.0, Culture=neutral, PublicKeyToken=b03f5f7f11d50a3a" className="SGInventory.Presenters.Test.DeliveryPresenterTest, SGInventory.Presenters.Test, Version=1.0.0.0, Culture=neutral, PublicKeyToken=null" name="BuildDeliveryDetailsPanelWithAnInitialEmptyDeliveryTest" />
    </UnitTest>
    <UnitTest name="LoadCost_Given_Size_Is_Given_Test" storage="e:\projects\sgiinventory\sginvetory\sginventory.presenters.test\bin\debug\sginventory.presenters.test.dll" id="02169cf8-af27-3859-a0f5-77839280f6b1">
      <Execution id="e8c2478d-52a5-4b51-84a3-92d81825c30a" />
      <TestMethod codeBase="E:/Projects/SGIInventory/SGInvetory/SGInventory.Presenters.Test/bin/Debug/SGInventory.Presenters.Test.DLL" adapterTypeName="Microsoft.VisualStudio.TestTools.TestTypes.Unit.UnitTestAdapter, Microsoft.VisualStudio.QualityTools.Tips.UnitTest.Adapter, Version=10.0.0.0, Culture=neutral, PublicKeyToken=b03f5f7f11d50a3a" className="SGInventory.Presenters.Test.DeliveryPresenterTest, SGInventory.Presenters.Test, Version=1.0.0.0, Culture=neutral, PublicKeyToken=null" name="LoadCost_Given_Size_Is_Given_Test" />
    </UnitTest>
    <UnitTest name="DisableOrEnableSaveDeliveryButton_GivenInputDamageIsFabric_Test" storage="e:\projects\sgiinventory\sginvetory\sginventory.presenters.test\bin\debug\sginventory.presenters.test.dll" id="0caf0e9b-f83b-5c73-8740-3c54cefa2c31">
      <Execution id="7f94a959-a72a-4c77-a9db-f897b958dd80" />
      <TestMethod codeBase="E:/Projects/SGIInventory/SGInvetory/SGInventory.Presenters.Test/bin/Debug/SGInventory.Presenters.Test.DLL" adapterTypeName="Microsoft.VisualStudio.TestTools.TestTypes.Unit.UnitTestAdapter, Microsoft.VisualStudio.QualityTools.Tips.UnitTest.Adapter, Version=10.0.0.0, Culture=neutral, PublicKeyToken=b03f5f7f11d50a3a" className="SGInventory.Presenters.Test.DeliveryPresenterTest, SGInventory.Presenters.Test, Version=1.0.0.0, Culture=neutral, PublicKeyToken=null" name="DisableOrEnableSaveDeliveryButton_GivenInputDamageIsFabric_Test" />
    </UnitTest>
    <UnitTest name="LoadSelectedProductByProductTest" storage="e:\projects\sgiinventory\sginvetory\sginventory.presenters.test\bin\debug\sginventory.presenters.test.dll" id="8c1e773a-137a-9b93-574d-7de86f793fdf">
      <Execution id="48fdbbfc-86e9-4200-b92c-d1541f38dfb6" />
      <TestMethod codeBase="E:/Projects/SGIInventory/SGInvetory/SGInventory.Presenters.Test/bin/Debug/SGInventory.Presenters.Test.DLL" adapterTypeName="Microsoft.VisualStudio.TestTools.TestTypes.Unit.UnitTestAdapter, Microsoft.VisualStudio.QualityTools.Tips.UnitTest.Adapter, Version=10.0.0.0, Culture=neutral, PublicKeyToken=b03f5f7f11d50a3a" className="SGInventory.Presenters.Test.DeliveryPresenterTest, SGInventory.Presenters.Test, Version=1.0.0.0, Culture=neutral, PublicKeyToken=null" name="LoadSelectedProductByProductTest" />
    </UnitTest>
    <UnitTest name="LoadProductsByInputSearchByStockNumberNotEmptyTest" storage="e:\projects\sgiinventory\sginvetory\sginventory.presenters.test\bin\debug\sginventory.presenters.test.dll" id="36dc92e3-5d37-9a51-923b-71f3c61bef58">
      <Execution id="94e98940-dd48-4823-89fe-85b69b79967b" />
      <TestMethod codeBase="E:/Projects/SGIInventory/SGInvetory/SGInventory.Presenters.Test/bin/Debug/SGInventory.Presenters.Test.DLL" adapterTypeName="Microsoft.VisualStudio.TestTools.TestTypes.Unit.UnitTestAdapter, Microsoft.VisualStudio.QualityTools.Tips.UnitTest.Adapter, Version=10.0.0.0, Culture=neutral, PublicKeyToken=b03f5f7f11d50a3a" className="SGInventory.Presenters.Test.DeliveryPresenterTest, SGInventory.Presenters.Test, Version=1.0.0.0, Culture=neutral, PublicKeyToken=null" name="LoadProductsByInputSearchByStockNumberNotEmptyTest" />
    </UnitTest>
    <UnitTest name="SelectDamageIsOtherTest" storage="e:\projects\sgiinventory\sginvetory\sginventory.presenters.test\bin\debug\sginventory.presenters.test.dll" id="affc3c7b-2282-a1a7-f6ae-ff585a6ff85e">
      <Execution id="eb823787-2079-4e51-916d-dcf21ec3cff1" />
      <TestMethod codeBase="E:/Projects/SGIInventory/SGInvetory/SGInventory.Presenters.Test/bin/Debug/SGInventory.Presenters.Test.DLL" adapterTypeName="Microsoft.VisualStudio.TestTools.TestTypes.Unit.UnitTestAdapter, Microsoft.VisualStudio.QualityTools.Tips.UnitTest.Adapter, Version=10.0.0.0, Culture=neutral, PublicKeyToken=b03f5f7f11d50a3a" className="SGInventory.Presenters.Test.DeliveryPresenterTest, SGInventory.Presenters.Test, Version=1.0.0.0, Culture=neutral, PublicKeyToken=null" name="SelectDamageIsOtherTest" />
    </UnitTest>
    <UnitTest name="UseScannerIsOn_Test" storage="e:\projects\sgiinventory\sginvetory\sginventory.presenters.test\bin\debug\sginventory.presenters.test.dll" id="35909553-f0f2-4fa1-c52c-d6ba661a299b">
      <Execution id="59ad2f9b-5d52-4dd8-a2e7-7e6877325acb" />
      <TestMethod codeBase="E:/Projects/SGIInventory/SGInvetory/SGInventory.Presenters.Test/bin/Debug/SGInventory.Presenters.Test.DLL" adapterTypeName="Microsoft.VisualStudio.TestTools.TestTypes.Unit.UnitTestAdapter, Microsoft.VisualStudio.QualityTools.Tips.UnitTest.Adapter, Version=10.0.0.0, Culture=neutral, PublicKeyToken=b03f5f7f11d50a3a" className="SGInventory.Presenters.Test.DeliveryPresenterTest, SGInventory.Presenters.Test, Version=1.0.0.0, Culture=neutral, PublicKeyToken=null" name="UseScannerIsOn_Test" />
    </UnitTest>
    <UnitTest name="LoadAllProductDetailsTest" storage="e:\projects\sgiinventory\sginvetory\sginventory.presenters.test\bin\debug\sginventory.presenters.test.dll" id="dd88d382-a029-26c8-5280-fb736f8309c7">
      <Execution id="f6adc8b2-3cb1-49f9-81da-672880ec2648" />
      <TestMethod codeBase="E:/Projects/SGIInventory/SGInvetory/SGInventory.Presenters.Test/bin/Debug/SGInventory.Presenters.Test.DLL" adapterTypeName="Microsoft.VisualStudio.TestTools.TestTypes.Unit.UnitTestAdapter, Microsoft.VisualStudio.QualityTools.Tips.UnitTest.Adapter, Version=10.0.0.0, Culture=neutral, PublicKeyToken=b03f5f7f11d50a3a" className="SGInventory.Presenters.Test.DeliveryPresenterTest, SGInventory.Presenters.Test, Version=1.0.0.0, Culture=neutral, PublicKeyToken=null" name="LoadAllProductDetailsTest" />
    </UnitTest>
    <UnitTest name="SelectProductStatusIsDamageTest" storage="e:\projects\sgiinventory\sginvetory\sginventory.presenters.test\bin\debug\sginventory.presenters.test.dll" id="00cac12b-3959-d21b-cb9f-46e69e8d1f24">
      <Execution id="ee389593-5e12-4934-81fd-c10f7f7c723f" />
      <TestMethod codeBase="E:/Projects/SGIInventory/SGInvetory/SGInventory.Presenters.Test/bin/Debug/SGInventory.Presenters.Test.DLL" adapterTypeName="Microsoft.VisualStudio.TestTools.TestTypes.Unit.UnitTestAdapter, Microsoft.VisualStudio.QualityTools.Tips.UnitTest.Adapter, Version=10.0.0.0, Culture=neutral, PublicKeyToken=b03f5f7f11d50a3a" className="SGInventory.Presenters.Test.DeliveryPresenterTest, SGInventory.Presenters.Test, Version=1.0.0.0, Culture=neutral, PublicKeyToken=null" name="SelectProductStatusIsDamageTest" />
    </UnitTest>
    <UnitTest name="BuildDeliveryDetails_Issue_002_Test" storage="e:\projects\sgiinventory\sginvetory\sginventory.presenters.test\bin\debug\sginventory.presenters.test.dll" id="cfd73a2f-2089-bc77-de68-2eabe8bebc4e">
      <Execution id="c042fb98-1a93-4080-845c-02f3e2dfcf69" />
      <TestMethod codeBase="E:/Projects/SGIInventory/SGInvetory/SGInventory.Presenters.Test/bin/Debug/SGInventory.Presenters.Test.DLL" adapterTypeName="Microsoft.VisualStudio.TestTools.TestTypes.Unit.UnitTestAdapter, Microsoft.VisualStudio.QualityTools.Tips.UnitTest.Adapter, Version=10.0.0.0, Culture=neutral, PublicKeyToken=b03f5f7f11d50a3a" className="SGInventory.Presenters.Test.DeliveryPresenterTest, SGInventory.Presenters.Test, Version=1.0.0.0, Culture=neutral, PublicKeyToken=null" name="BuildDeliveryDetails_Issue_002_Test" />
    </UnitTest>
    <UnitTest name="DisableOrEnableSaveDeliveryButton_Given_EmptyOrNumber_Test" storage="e:\projects\sgiinventory\sginvetory\sginventory.presenters.test\bin\debug\sginventory.presenters.test.dll" id="53ca1852-49a0-a11c-e7e8-a284473e42dd">
      <Execution id="03a8cd1e-2055-4363-9ea2-ef4bf22357be" />
      <TestMethod codeBase="E:/Projects/SGIInventory/SGInvetory/SGInventory.Presenters.Test/bin/Debug/SGInventory.Presenters.Test.DLL" adapterTypeName="Microsoft.VisualStudio.TestTools.TestTypes.Unit.UnitTestAdapter, Microsoft.VisualStudio.QualityTools.Tips.UnitTest.Adapter, Version=10.0.0.0, Culture=neutral, PublicKeyToken=b03f5f7f11d50a3a" className="SGInventory.Presenters.Test.DeliveryPresenterTest, SGInventory.Presenters.Test, Version=1.0.0.0, Culture=neutral, PublicKeyToken=null" name="DisableOrEnableSaveDeliveryButton_Given_EmptyOrNumber_Test" />
    </UnitTest>
    <UnitTest name="BuildDeliveryDetailsPanelWithAnInitialNonEmptyDeliveryAndDamageWithSameSDamageDescriptionAndNoGoodProductTest" storage="e:\projects\sgiinventory\sginvetory\sginventory.presenters.test\bin\debug\sginventory.presenters.test.dll" id="136c57e6-f71e-252a-8a0a-6577bfe34217">
      <Execution id="36fdf7b4-a612-47e5-8b31-ce6ca0b734a6" />
      <TestMethod codeBase="E:/Projects/SGIInventory/SGInvetory/SGInventory.Presenters.Test/bin/Debug/SGInventory.Presenters.Test.DLL" adapterTypeName="Microsoft.VisualStudio.TestTools.TestTypes.Unit.UnitTestAdapter, Microsoft.VisualStudio.QualityTools.Tips.UnitTest.Adapter, Version=10.0.0.0, Culture=neutral, PublicKeyToken=b03f5f7f11d50a3a" className="SGInventory.Presenters.Test.DeliveryPresenterTest, SGInventory.Presenters.Test, Version=1.0.0.0, Culture=neutral, PublicKeyToken=null" name="BuildDeliveryDetailsPanelWithAnInitialNonEmptyDeliveryAndDamageWithSameSDamageDescriptionAndNoGoodProductTest" />
    </UnitTest>
    <UnitTest name="DisableOrEnableSaveDeliveryButton_GivenInputDamageSizeIsNull_Test" storage="e:\projects\sgiinventory\sginvetory\sginventory.presenters.test\bin\debug\sginventory.presenters.test.dll" id="af609df7-1ee3-6905-d4fe-3aa5fcb650a7">
      <Execution id="246c7921-20c6-4712-a4ad-507df0effa72" />
      <TestMethod codeBase="E:/Projects/SGIInventory/SGInvetory/SGInventory.Presenters.Test/bin/Debug/SGInventory.Presenters.Test.DLL" adapterTypeName="Microsoft.VisualStudio.TestTools.TestTypes.Unit.UnitTestAdapter, Microsoft.VisualStudio.QualityTools.Tips.UnitTest.Adapter, Version=10.0.0.0, Culture=neutral, PublicKeyToken=b03f5f7f11d50a3a" className="SGInventory.Presenters.Test.DeliveryPresenterTest, SGInventory.Presenters.Test, Version=1.0.0.0, Culture=neutral, PublicKeyToken=null" name="DisableOrEnableSaveDeliveryButton_GivenInputDamageSizeIsNull_Test" />
    </UnitTest>
    <UnitTest name="LoadDamageStatusTest" storage="e:\projects\sgiinventory\sginvetory\sginventory.presenters.test\bin\debug\sginventory.presenters.test.dll" id="542dead6-ed10-9222-74f9-a41b9a960344">
      <Execution id="2c89f6e5-93e2-497c-8032-402d33131935" />
      <TestMethod codeBase="E:/Projects/SGIInventory/SGInvetory/SGInventory.Presenters.Test/bin/Debug/SGInventory.Presenters.Test.DLL" adapterTypeName="Microsoft.VisualStudio.TestTools.TestTypes.Unit.UnitTestAdapter, Microsoft.VisualStudio.QualityTools.Tips.UnitTest.Adapter, Version=10.0.0.0, Culture=neutral, PublicKeyToken=b03f5f7f11d50a3a" className="SGInventory.Presenters.Test.DeliveryPresenterTest, SGInventory.Presenters.Test, Version=1.0.0.0, Culture=neutral, PublicKeyToken=null" name="LoadDamageStatusTest" />
    </UnitTest>
    <UnitTest name="DisableOrEnableSaveDeliveryButton_GivenInputDamageIsFabricAndEmptyDescription_Test" storage="e:\projects\sgiinventory\sginvetory\sginventory.presenters.test\bin\debug\sginventory.presenters.test.dll" id="0c517588-31c4-72ad-5cbd-e8cda94d0273">
      <Execution id="0ad1a935-ede3-435d-8460-ec1284075882" />
      <TestMethod codeBase="E:/Projects/SGIInventory/SGInvetory/SGInventory.Presenters.Test/bin/Debug/SGInventory.Presenters.Test.DLL" adapterTypeName="Microsoft.VisualStudio.TestTools.TestTypes.Unit.UnitTestAdapter, Microsoft.VisualStudio.QualityTools.Tips.UnitTest.Adapter, Version=10.0.0.0, Culture=neutral, PublicKeyToken=b03f5f7f11d50a3a" className="SGInventory.Presenters.Test.DeliveryPresenterTest, SGInventory.Presenters.Test, Version=1.0.0.0, Culture=neutral, PublicKeyToken=null" name="DisableOrEnableSaveDeliveryButton_GivenInputDamageIsFabricAndEmptyDescription_Test" />
    </UnitTest>
    <UnitTest name="InitialLoad_EditMode_Test" storage="e:\projects\sgiinventory\sginvetory\sginventory.presenters.test\bin\debug\sginventory.presenters.test.dll" id="ccf1d8fd-6364-029c-2047-b39fe5f42649">
      <Execution id="528e9f63-2617-41b5-8435-b85b1090fce7" />
      <TestMethod codeBase="E:/Projects/SGIInventory/SGInvetory/SGInventory.Presenters.Test/bin/Debug/SGInventory.Presenters.Test.DLL" adapterTypeName="Microsoft.VisualStudio.TestTools.TestTypes.Unit.UnitTestAdapter, Microsoft.VisualStudio.QualityTools.Tips.UnitTest.Adapter, Version=10.0.0.0, Culture=neutral, PublicKeyToken=b03f5f7f11d50a3a" className="SGInventory.Presenters.Test.DeliveryPresenterTest, SGInventory.Presenters.Test, Version=1.0.0.0, Culture=neutral, PublicKeyToken=null" name="InitialLoad_EditMode_Test" />
    </UnitTest>
    <UnitTest name="DisableOrEnableSaveDeliveryButton_GivenInputIsGoodTest" storage="e:\projects\sgiinventory\sginvetory\sginventory.presenters.test\bin\debug\sginventory.presenters.test.dll" id="04df712c-5b07-cd02-4c71-4dd31747814f">
      <Execution id="4ff802cf-645d-45a8-8525-5b9ca44506d7" />
      <TestMethod codeBase="E:/Projects/SGIInventory/SGInvetory/SGInventory.Presenters.Test/bin/Debug/SGInventory.Presenters.Test.DLL" adapterTypeName="Microsoft.VisualStudio.TestTools.TestTypes.Unit.UnitTestAdapter, Microsoft.VisualStudio.QualityTools.Tips.UnitTest.Adapter, Version=10.0.0.0, Culture=neutral, PublicKeyToken=b03f5f7f11d50a3a" className="SGInventory.Presenters.Test.DeliveryPresenterTest, SGInventory.Presenters.Test, Version=1.0.0.0, Culture=neutral, PublicKeyToken=null" name="DisableOrEnableSaveDeliveryButton_GivenInputIsGoodTest" />
    </UnitTest>
    <UnitTest name="UseScannerIsOff_Test" storage="e:\projects\sgiinventory\sginvetory\sginventory.presenters.test\bin\debug\sginventory.presenters.test.dll" id="615a6b46-1aee-dd6e-cd06-60e43626c58e">
      <Execution id="d2cc3c22-b429-41ae-b67c-e9f6f139b0a6" />
      <TestMethod codeBase="E:/Projects/SGIInventory/SGInvetory/SGInventory.Presenters.Test/bin/Debug/SGInventory.Presenters.Test.DLL" adapterTypeName="Microsoft.VisualStudio.TestTools.TestTypes.Unit.UnitTestAdapter, Microsoft.VisualStudio.QualityTools.Tips.UnitTest.Adapter, Version=10.0.0.0, Culture=neutral, PublicKeyToken=b03f5f7f11d50a3a" className="SGInventory.Presenters.Test.DeliveryPresenterTest, SGInventory.Presenters.Test, Version=1.0.0.0, Culture=neutral, PublicKeyToken=null" name="UseScannerIsOff_Test" />
    </UnitTest>
    <UnitTest name="SelectProductStatusIsGoodTest" storage="e:\projects\sgiinventory\sginvetory\sginventory.presenters.test\bin\debug\sginventory.presenters.test.dll" id="aef8684c-96d9-ce55-c302-0c7e0b2dc74a">
      <Execution id="243d0914-6ac8-4eaf-92d7-4acb40a4e862" />
      <TestMethod codeBase="E:/Projects/SGIInventory/SGInvetory/SGInventory.Presenters.Test/bin/Debug/SGInventory.Presenters.Test.DLL" adapterTypeName="Microsoft.VisualStudio.TestTools.TestTypes.Unit.UnitTestAdapter, Microsoft.VisualStudio.QualityTools.Tips.UnitTest.Adapter, Version=10.0.0.0, Culture=neutral, PublicKeyToken=b03f5f7f11d50a3a" className="SGInventory.Presenters.Test.DeliveryPresenterTest, SGInventory.Presenters.Test, Version=1.0.0.0, Culture=neutral, PublicKeyToken=null" name="SelectProductStatusIsGoodTest" />
    </UnitTest>
    <UnitTest name="DisableOrEnableSaveDeliveryButton_GivenAllInputsIsValid_Test" storage="e:\projects\sgiinventory\sginvetory\sginventory.presenters.test\bin\debug\sginventory.presenters.test.dll" id="cc497315-0e0f-da31-785d-e872c7d04ce1">
      <Execution id="3a04959f-5b81-49a1-a7f5-075c6761be44" />
      <TestMethod codeBase="E:/Projects/SGIInventory/SGInvetory/SGInventory.Presenters.Test/bin/Debug/SGInventory.Presenters.Test.DLL" adapterTypeName="Microsoft.VisualStudio.TestTools.TestTypes.Unit.UnitTestAdapter, Microsoft.VisualStudio.QualityTools.Tips.UnitTest.Adapter, Version=10.0.0.0, Culture=neutral, PublicKeyToken=b03f5f7f11d50a3a" className="SGInventory.Presenters.Test.DeliveryPresenterTest, SGInventory.Presenters.Test, Version=1.0.0.0, Culture=neutral, PublicKeyToken=null" name="DisableOrEnableSaveDeliveryButton_GivenAllInputsIsValid_Test" />
    </UnitTest>
    <UnitTest name="LoadProductsByInputSearchByBarcodeNotEmptyTest" storage="e:\projects\sgiinventory\sginvetory\sginventory.presenters.test\bin\debug\sginventory.presenters.test.dll" id="567d3c2b-4962-3d47-96ab-601a74aaffe5">
      <Execution id="6efc903b-2d29-46d8-bdd3-f3275231804a" />
      <TestMethod codeBase="E:/Projects/SGIInventory/SGInvetory/SGInventory.Presenters.Test/bin/Debug/SGInventory.Presenters.Test.DLL" adapterTypeName="Microsoft.VisualStudio.TestTools.TestTypes.Unit.UnitTestAdapter, Microsoft.VisualStudio.QualityTools.Tips.UnitTest.Adapter, Version=10.0.0.0, Culture=neutral, PublicKeyToken=b03f5f7f11d50a3a" className="SGInventory.Presenters.Test.DeliveryPresenterTest, SGInventory.Presenters.Test, Version=1.0.0.0, Culture=neutral, PublicKeyToken=null" name="LoadProductsByInputSearchByBarcodeNotEmptyTest" />
    </UnitTest>
    <UnitTest name="SaveDeliveryDetail_Given_ItemIsDamageAndOthers_Test" storage="e:\projects\sgiinventory\sginvetory\sginventory.presenters.test\bin\debug\sginventory.presenters.test.dll" id="e0bd1a5e-b53c-ba27-af82-db933039b2c8">
      <Execution id="3dddc90e-a844-4aab-be61-561ddcc0582a" />
      <TestMethod codeBase="E:/Projects/SGIInventory/SGInvetory/SGInventory.Presenters.Test/bin/Debug/SGInventory.Presenters.Test.DLL" adapterTypeName="Microsoft.VisualStudio.TestTools.TestTypes.Unit.UnitTestAdapter, Microsoft.VisualStudio.QualityTools.Tips.UnitTest.Adapter, Version=10.0.0.0, Culture=neutral, PublicKeyToken=b03f5f7f11d50a3a" className="SGInventory.Presenters.Test.DeliveryPresenterTest, SGInventory.Presenters.Test, Version=1.0.0.0, Culture=neutral, PublicKeyToken=null" name="SaveDeliveryDetail_Given_ItemIsDamageAndOthers_Test" />
    </UnitTest>
    <UnitTest name="BuildDeliveryDetailsPanelWithAnInitialNonEmptyDeliveryTest" storage="e:\projects\sgiinventory\sginvetory\sginventory.presenters.test\bin\debug\sginventory.presenters.test.dll" id="5c93c3b8-238e-e9ac-d3a5-9a2ef47a74cc">
      <Execution id="95348162-a2c1-4abc-8c76-3f4e6f7cce94" />
      <TestMethod codeBase="E:/Projects/SGIInventory/SGInvetory/SGInventory.Presenters.Test/bin/Debug/SGInventory.Presenters.Test.DLL" adapterTypeName="Microsoft.VisualStudio.TestTools.TestTypes.Unit.UnitTestAdapter, Microsoft.VisualStudio.QualityTools.Tips.UnitTest.Adapter, Version=10.0.0.0, Culture=neutral, PublicKeyToken=b03f5f7f11d50a3a" className="SGInventory.Presenters.Test.DeliveryPresenterTest, SGInventory.Presenters.Test, Version=1.0.0.0, Culture=neutral, PublicKeyToken=null" name="BuildDeliveryDetailsPanelWithAnInitialNonEmptyDeliveryTest" />
    </UnitTest>
    <UnitTest name="MonthGeneratorTest" storage="e:\projects\sgiinventory\sginvetory\sginventory.presenters.test\bin\debug\sginventory.presenters.test.dll" id="e44b57e1-5457-3e9a-ff44-547849a192a4">
      <Execution id="076ec598-4cb1-499f-bb6f-f9d716dd3623" />
      <TestMethod codeBase="E:/Projects/SGIInventory/SGInvetory/SGInventory.Presenters.Test/bin/Debug/SGInventory.Presenters.Test.DLL" adapterTypeName="Microsoft.VisualStudio.TestTools.TestTypes.Unit.UnitTestAdapter, Microsoft.VisualStudio.QualityTools.Tips.UnitTest.Adapter, Version=10.0.0.0, Culture=neutral, PublicKeyToken=b03f5f7f11d50a3a" className="SGInventory.Presenters.Test.DeliveryPresenterTest, SGInventory.Presenters.Test, Version=1.0.0.0, Culture=neutral, PublicKeyToken=null" name="MonthGeneratorTest" />
    </UnitTest>
    <UnitTest name="LoadSuppliersTest" storage="e:\projects\sgiinventory\sginvetory\sginventory.presenters.test\bin\debug\sginventory.presenters.test.dll" id="18879252-c743-f793-9403-301b2ccee4d1">
      <Execution id="348b1651-68ff-41ad-aec9-b062dea37241" />
      <TestMethod codeBase="E:/Projects/SGIInventory/SGInvetory/SGInventory.Presenters.Test/bin/Debug/SGInventory.Presenters.Test.DLL" adapterTypeName="Microsoft.VisualStudio.TestTools.TestTypes.Unit.UnitTestAdapter, Microsoft.VisualStudio.QualityTools.Tips.UnitTest.Adapter, Version=10.0.0.0, Culture=neutral, PublicKeyToken=b03f5f7f11d50a3a" className="SGInventory.Presenters.Test.DeliveryPresenterTest, SGInventory.Presenters.Test, Version=1.0.0.0, Culture=neutral, PublicKeyToken=null" name="LoadSuppliersTest" />
    </UnitTest>
    <UnitTest name="LoadCost_Given_All_Is_Given_And_ProductDetail_Null_Test" storage="e:\projects\sgiinventory\sginvetory\sginventory.presenters.test\bin\debug\sginventory.presenters.test.dll" id="1b737d7a-9771-3cc0-0a3c-20b6711fea3e">
      <Execution id="b8a41718-7d99-4a1b-8a05-b6309f4e1874" />
      <TestMethod codeBase="E:/Projects/SGIInventory/SGInvetory/SGInventory.Presenters.Test/bin/Debug/SGInventory.Presenters.Test.DLL" adapterTypeName="Microsoft.VisualStudio.TestTools.TestTypes.Unit.UnitTestAdapter, Microsoft.VisualStudio.QualityTools.Tips.UnitTest.Adapter, Version=10.0.0.0, Culture=neutral, PublicKeyToken=b03f5f7f11d50a3a" className="SGInventory.Presenters.Test.DeliveryPresenterTest, SGInventory.Presenters.Test, Version=1.0.0.0, Culture=neutral, PublicKeyToken=null" name="LoadCost_Given_All_Is_Given_And_ProductDetail_Null_Test" />
    </UnitTest>
    <UnitTest name="DisableOrEnableSaveDeliveryButton_Given_EmptySupplierName_Test" storage="e:\projects\sgiinventory\sginvetory\sginventory.presenters.test\bin\debug\sginventory.presenters.test.dll" id="c05dc14b-034b-5fd2-fd0b-143e3edaf55a">
      <Execution id="c1330df0-4822-410b-a66b-57882d2c1386" />
      <TestMethod codeBase="E:/Projects/SGIInventory/SGInvetory/SGInventory.Presenters.Test/bin/Debug/SGInventory.Presenters.Test.DLL" adapterTypeName="Microsoft.VisualStudio.TestTools.TestTypes.Unit.UnitTestAdapter, Microsoft.VisualStudio.QualityTools.Tips.UnitTest.Adapter, Version=10.0.0.0, Culture=neutral, PublicKeyToken=b03f5f7f11d50a3a" className="SGInventory.Presenters.Test.DeliveryPresenterTest, SGInventory.Presenters.Test, Version=1.0.0.0, Culture=neutral, PublicKeyToken=null" name="DisableOrEnableSaveDeliveryButton_Given_EmptySupplierName_Test" />
    </UnitTest>
    <UnitTest name="DisableOrEnableSaveDeliveryButton_Given_All_Has_Values_And_Status_Is_Good_Enable_Test" storage="e:\projects\sgiinventory\sginvetory\sginventory.presenters.test\bin\debug\sginventory.presenters.test.dll" id="3723b7e7-788b-5811-09c3-e80dac9c435b">
      <Execution id="3ba56e1e-e674-4aaf-8da5-12531ebcf09f" />
      <TestMethod codeBase="E:/Projects/SGIInventory/SGInvetory/SGInventory.Presenters.Test/bin/Debug/SGInventory.Presenters.Test.DLL" adapterTypeName="Microsoft.VisualStudio.TestTools.TestTypes.Unit.UnitTestAdapter, Microsoft.VisualStudio.QualityTools.Tips.UnitTest.Adapter, Version=10.0.0.0, Culture=neutral, PublicKeyToken=b03f5f7f11d50a3a" className="SGInventory.Presenters.Test.DeliveryPresenterTest, SGInventory.Presenters.Test, Version=1.0.0.0, Culture=neutral, PublicKeyToken=null" name="DisableOrEnableSaveDeliveryButton_Given_All_Has_Values_And_Status_Is_Good_Enable_Test" />
    </UnitTest>
    <UnitTest name="BuildDeliveryDetails_Issue_001_Test" storage="e:\projects\sgiinventory\sginvetory\sginventory.presenters.test\bin\debug\sginventory.presenters.test.dll" id="8a737c96-b1b7-c951-5c82-9f4289c05abe">
      <Execution id="24fff03a-eb07-4b33-9517-8a41fda7acec" />
      <TestMethod codeBase="E:/Projects/SGIInventory/SGInvetory/SGInventory.Presenters.Test/bin/Debug/SGInventory.Presenters.Test.DLL" adapterTypeName="Microsoft.VisualStudio.TestTools.TestTypes.Unit.UnitTestAdapter, Microsoft.VisualStudio.QualityTools.Tips.UnitTest.Adapter, Version=10.0.0.0, Culture=neutral, PublicKeyToken=b03f5f7f11d50a3a" className="SGInventory.Presenters.Test.DeliveryPresenterTest, SGInventory.Presenters.Test, Version=1.0.0.0, Culture=neutral, PublicKeyToken=null" name="BuildDeliveryDetails_Issue_001_Test" />
    </UnitTest>
    <UnitTest name="LoadCost_Given_All_Is_Given_And_ProductDetailOverrideCost_IsNotNull_Test" storage="e:\projects\sgiinventory\sginvetory\sginventory.presenters.test\bin\debug\sginventory.presenters.test.dll" id="85341c1c-02dc-c0cd-6e24-42de4de3c486">
      <Execution id="ee03f873-eaaa-4778-916d-3a44526ad616" />
      <TestMethod codeBase="E:/Projects/SGIInventory/SGInvetory/SGInventory.Presenters.Test/bin/Debug/SGInventory.Presenters.Test.DLL" adapterTypeName="Microsoft.VisualStudio.TestTools.TestTypes.Unit.UnitTestAdapter, Microsoft.VisualStudio.QualityTools.Tips.UnitTest.Adapter, Version=10.0.0.0, Culture=neutral, PublicKeyToken=b03f5f7f11d50a3a" className="SGInventory.Presenters.Test.DeliveryPresenterTest, SGInventory.Presenters.Test, Version=1.0.0.0, Culture=neutral, PublicKeyToken=null" name="LoadCost_Given_All_Is_Given_And_ProductDetailOverrideCost_IsNotNull_Test" />
    </UnitTest>
    <UnitTest name="LoadCost_Given_Color_Is_Given_Test" storage="e:\projects\sgiinventory\sginvetory\sginventory.presenters.test\bin\debug\sginventory.presenters.test.dll" id="247951d6-e32c-7ff8-32a0-e21fd0d47202">
      <Execution id="a2544429-2bda-47fa-950f-ca9670270cc9" />
      <TestMethod codeBase="E:/Projects/SGIInventory/SGInvetory/SGInventory.Presenters.Test/bin/Debug/SGInventory.Presenters.Test.DLL" adapterTypeName="Microsoft.VisualStudio.TestTools.TestTypes.Unit.UnitTestAdapter, Microsoft.VisualStudio.QualityTools.Tips.UnitTest.Adapter, Version=10.0.0.0, Culture=neutral, PublicKeyToken=b03f5f7f11d50a3a" className="SGInventory.Presenters.Test.DeliveryPresenterTest, SGInventory.Presenters.Test, Version=1.0.0.0, Culture=neutral, PublicKeyToken=null" name="LoadCost_Given_Color_Is_Given_Test" />
    </UnitTest>
    <UnitTest name="LoadCost_Given_All_Is_Given_And_ProductDetailOverrideCost_IsNull_Test" storage="e:\projects\sgiinventory\sginvetory\sginventory.presenters.test\bin\debug\sginventory.presenters.test.dll" id="a90dcb5c-5bc9-f719-7efd-3e8ef04ccecd">
      <Execution id="2b134275-757b-4a31-8024-0d51b0fb9231" />
      <TestMethod codeBase="E:/Projects/SGIInventory/SGInvetory/SGInventory.Presenters.Test/bin/Debug/SGInventory.Presenters.Test.DLL" adapterTypeName="Microsoft.VisualStudio.TestTools.TestTypes.Unit.UnitTestAdapter, Microsoft.VisualStudio.QualityTools.Tips.UnitTest.Adapter, Version=10.0.0.0, Culture=neutral, PublicKeyToken=b03f5f7f11d50a3a" className="SGInventory.Presenters.Test.DeliveryPresenterTest, SGInventory.Presenters.Test, Version=1.0.0.0, Culture=neutral, PublicKeyToken=null" name="LoadCost_Given_All_Is_Given_And_ProductDetailOverrideCost_IsNull_Test" />
    </UnitTest>
  </TestDefinitions>
  <TestLists>
    <TestList name="Results Not in a List" id="8c84fa94-04c1-424b-9868-57a2d4851a1d" />
    <TestList name="All Loaded Results" id="19431567-8539-422a-85d7-44ee4e166bda" />
  </TestLists>
  <TestEntries>
    <TestEntry testId="00cac12b-3959-d21b-cb9f-46e69e8d1f24" executionId="ee389593-5e12-4934-81fd-c10f7f7c723f" testListId="8c84fa94-04c1-424b-9868-57a2d4851a1d" />
    <TestEntry testId="02169cf8-af27-3859-a0f5-77839280f6b1" executionId="e8c2478d-52a5-4b51-84a3-92d81825c30a" testListId="8c84fa94-04c1-424b-9868-57a2d4851a1d" />
    <TestEntry testId="04df712c-5b07-cd02-4c71-4dd31747814f" executionId="4ff802cf-645d-45a8-8525-5b9ca44506d7" testListId="8c84fa94-04c1-424b-9868-57a2d4851a1d" />
    <TestEntry testId="08dc6b0f-3858-decb-7953-b26cf57e7287" executionId="c719de2f-5d64-4bf4-9eaf-ad22a5523915" testListId="8c84fa94-04c1-424b-9868-57a2d4851a1d" />
    <TestEntry testId="0c517588-31c4-72ad-5cbd-e8cda94d0273" executionId="0ad1a935-ede3-435d-8460-ec1284075882" testListId="8c84fa94-04c1-424b-9868-57a2d4851a1d" />
    <TestEntry testId="0caf0e9b-f83b-5c73-8740-3c54cefa2c31" executionId="7f94a959-a72a-4c77-a9db-f897b958dd80" testListId="8c84fa94-04c1-424b-9868-57a2d4851a1d" />
    <TestEntry testId="136c57e6-f71e-252a-8a0a-6577bfe34217" executionId="36fdf7b4-a612-47e5-8b31-ce6ca0b734a6" testListId="8c84fa94-04c1-424b-9868-57a2d4851a1d" />
    <TestEntry testId="18879252-c743-f793-9403-301b2ccee4d1" executionId="348b1651-68ff-41ad-aec9-b062dea37241" testListId="8c84fa94-04c1-424b-9868-57a2d4851a1d" />
    <TestEntry testId="1b737d7a-9771-3cc0-0a3c-20b6711fea3e" executionId="b8a41718-7d99-4a1b-8a05-b6309f4e1874" testListId="8c84fa94-04c1-424b-9868-57a2d4851a1d" />
    <TestEntry testId="2099bdbf-5489-2689-5f62-4f14732e624e" executionId="2c2a6d04-e5e5-4105-b0fc-a931f2c2ba65" testListId="8c84fa94-04c1-424b-9868-57a2d4851a1d" />
    <TestEntry testId="247951d6-e32c-7ff8-32a0-e21fd0d47202" executionId="a2544429-2bda-47fa-950f-ca9670270cc9" testListId="8c84fa94-04c1-424b-9868-57a2d4851a1d" />
    <TestEntry testId="284e77e3-a7f2-0e57-8ddf-dc3ad1476560" executionId="690ecb9d-f54e-4fb1-bad1-9104e0fc9d53" testListId="8c84fa94-04c1-424b-9868-57a2d4851a1d" />
    <TestEntry testId="2b6dab54-cc59-ad3c-8563-37eb80167637" executionId="2b94876b-6107-4455-949e-67d94ab52c50" testListId="8c84fa94-04c1-424b-9868-57a2d4851a1d" />
    <TestEntry testId="2e6cd78c-f356-f6bb-2338-7d56e4dfef0c" executionId="5c55568f-a22a-46bf-a910-2fc7b47b0e54" testListId="8c84fa94-04c1-424b-9868-57a2d4851a1d" />
    <TestEntry testId="35909553-f0f2-4fa1-c52c-d6ba661a299b" executionId="59ad2f9b-5d52-4dd8-a2e7-7e6877325acb" testListId="8c84fa94-04c1-424b-9868-57a2d4851a1d" />
    <TestEntry testId="36dc92e3-5d37-9a51-923b-71f3c61bef58" executionId="94e98940-dd48-4823-89fe-85b69b79967b" testListId="8c84fa94-04c1-424b-9868-57a2d4851a1d" />
    <TestEntry testId="3723b7e7-788b-5811-09c3-e80dac9c435b" executionId="3ba56e1e-e674-4aaf-8da5-12531ebcf09f" testListId="8c84fa94-04c1-424b-9868-57a2d4851a1d" />
    <TestEntry testId="3b4616a9-73ef-420a-08b6-6dcff08c24e1" executionId="3bc5e574-3298-4d60-aff4-4aee98d27813" testListId="8c84fa94-04c1-424b-9868-57a2d4851a1d" />
    <TestEntry testId="3efa30ea-c6d0-e809-4767-f9b87a4423fd" executionId="9ff60a2c-4b83-4dbd-92a2-f54a60b683cc" testListId="8c84fa94-04c1-424b-9868-57a2d4851a1d" />
    <TestEntry testId="4eb87f62-6044-b074-ea4d-e895f913a38d" executionId="c9cf4c8b-919a-4bf7-8c18-750f9bd0c8cc" testListId="8c84fa94-04c1-424b-9868-57a2d4851a1d" />
    <TestEntry testId="5135972e-6238-db4e-d032-88e725990ef7" executionId="fd15a817-0a27-4bbc-9d39-1f7f0211c8ca" testListId="8c84fa94-04c1-424b-9868-57a2d4851a1d" />
    <TestEntry testId="53ca1852-49a0-a11c-e7e8-a284473e42dd" executionId="03a8cd1e-2055-4363-9ea2-ef4bf22357be" testListId="8c84fa94-04c1-424b-9868-57a2d4851a1d" />
    <TestEntry testId="542dead6-ed10-9222-74f9-a41b9a960344" executionId="2c89f6e5-93e2-497c-8032-402d33131935" testListId="8c84fa94-04c1-424b-9868-57a2d4851a1d" />
    <TestEntry testId="567d3c2b-4962-3d47-96ab-601a74aaffe5" executionId="6efc903b-2d29-46d8-bdd3-f3275231804a" testListId="8c84fa94-04c1-424b-9868-57a2d4851a1d" />
    <TestEntry testId="5c93c3b8-238e-e9ac-d3a5-9a2ef47a74cc" executionId="95348162-a2c1-4abc-8c76-3f4e6f7cce94" testListId="8c84fa94-04c1-424b-9868-57a2d4851a1d" />
    <TestEntry testId="615a6b46-1aee-dd6e-cd06-60e43626c58e" executionId="d2cc3c22-b429-41ae-b67c-e9f6f139b0a6" testListId="8c84fa94-04c1-424b-9868-57a2d4851a1d" />
    <TestEntry testId="698ffbe7-b725-a227-e9f4-5258393318b2" executionId="01526616-c420-40eb-905a-db4508c69b2d" testListId="8c84fa94-04c1-424b-9868-57a2d4851a1d" />
    <TestEntry testId="776083fb-40d9-ace0-cafd-b575a93717af" executionId="b3d537ad-3510-49a6-ada9-219575d803c4" testListId="8c84fa94-04c1-424b-9868-57a2d4851a1d" />
    <TestEntry testId="85341c1c-02dc-c0cd-6e24-42de4de3c486" executionId="ee03f873-eaaa-4778-916d-3a44526ad616" testListId="8c84fa94-04c1-424b-9868-57a2d4851a1d" />
    <TestEntry testId="8a737c96-b1b7-c951-5c82-9f4289c05abe" executionId="24fff03a-eb07-4b33-9517-8a41fda7acec" testListId="8c84fa94-04c1-424b-9868-57a2d4851a1d" />
    <TestEntry testId="8c1e773a-137a-9b93-574d-7de86f793fdf" executionId="48fdbbfc-86e9-4200-b92c-d1541f38dfb6" testListId="8c84fa94-04c1-424b-9868-57a2d4851a1d" />
    <TestEntry testId="955b49e0-f828-eceb-3c2a-e295da2bb199" executionId="d5518e1e-1866-4d0c-ba0e-423b79ae02a2" testListId="8c84fa94-04c1-424b-9868-57a2d4851a1d" />
    <TestEntry testId="9b4b7832-1dfe-9ab1-20b0-314be6fd0d43" executionId="b0d5779c-c764-4d1c-8440-0241213dedef" testListId="8c84fa94-04c1-424b-9868-57a2d4851a1d" />
    <TestEntry testId="a90dcb5c-5bc9-f719-7efd-3e8ef04ccecd" executionId="2b134275-757b-4a31-8024-0d51b0fb9231" testListId="8c84fa94-04c1-424b-9868-57a2d4851a1d" />
    <TestEntry testId="aef8684c-96d9-ce55-c302-0c7e0b2dc74a" executionId="243d0914-6ac8-4eaf-92d7-4acb40a4e862" testListId="8c84fa94-04c1-424b-9868-57a2d4851a1d" />
    <TestEntry testId="af609df7-1ee3-6905-d4fe-3aa5fcb650a7" executionId="246c7921-20c6-4712-a4ad-507df0effa72" testListId="8c84fa94-04c1-424b-9868-57a2d4851a1d" />
    <TestEntry testId="affc3c7b-2282-a1a7-f6ae-ff585a6ff85e" executionId="eb823787-2079-4e51-916d-dcf21ec3cff1" testListId="8c84fa94-04c1-424b-9868-57a2d4851a1d" />
    <TestEntry testId="b589c64f-2b20-2250-9e4b-8559e7595006" executionId="ecd8b18d-943c-4d09-8d8a-4f371fecedcd" testListId="8c84fa94-04c1-424b-9868-57a2d4851a1d" />
    <TestEntry testId="c05dc14b-034b-5fd2-fd0b-143e3edaf55a" executionId="c1330df0-4822-410b-a66b-57882d2c1386" testListId="8c84fa94-04c1-424b-9868-57a2d4851a1d" />
    <TestEntry testId="c96a23c4-7149-5feb-e6c2-9f64455f0f9f" executionId="9c62ebd0-336c-4f69-837a-4e1f5611b23b" testListId="8c84fa94-04c1-424b-9868-57a2d4851a1d" />
    <TestEntry testId="cc497315-0e0f-da31-785d-e872c7d04ce1" executionId="3a04959f-5b81-49a1-a7f5-075c6761be44" testListId="8c84fa94-04c1-424b-9868-57a2d4851a1d" />
    <TestEntry testId="ccf1d8fd-6364-029c-2047-b39fe5f42649" executionId="528e9f63-2617-41b5-8435-b85b1090fce7" testListId="8c84fa94-04c1-424b-9868-57a2d4851a1d" />
    <TestEntry testId="cfd73a2f-2089-bc77-de68-2eabe8bebc4e" executionId="c042fb98-1a93-4080-845c-02f3e2dfcf69" testListId="8c84fa94-04c1-424b-9868-57a2d4851a1d" />
    <TestEntry testId="d4371ab4-4581-fe2f-5f25-170497c8a690" executionId="37c986bf-11d8-45a6-b366-fff82d6e38cf" testListId="8c84fa94-04c1-424b-9868-57a2d4851a1d" />
    <TestEntry testId="d9de7a0e-b476-721e-1ad3-17f7ad46f19c" executionId="e480aac7-5551-4bcc-814a-fafa0b9adbb3" testListId="8c84fa94-04c1-424b-9868-57a2d4851a1d" />
    <TestEntry testId="db04381d-9eba-9777-cc16-6508ab5fd323" executionId="39802502-1d07-497e-a33b-3e09a35f9da4" testListId="8c84fa94-04c1-424b-9868-57a2d4851a1d" />
    <TestEntry testId="dd88d382-a029-26c8-5280-fb736f8309c7" executionId="f6adc8b2-3cb1-49f9-81da-672880ec2648" testListId="8c84fa94-04c1-424b-9868-57a2d4851a1d" />
    <TestEntry testId="e0bd1a5e-b53c-ba27-af82-db933039b2c8" executionId="3dddc90e-a844-4aab-be61-561ddcc0582a" testListId="8c84fa94-04c1-424b-9868-57a2d4851a1d" />
    <TestEntry testId="e44b57e1-5457-3e9a-ff44-547849a192a4" executionId="076ec598-4cb1-499f-bb6f-f9d716dd3623" testListId="8c84fa94-04c1-424b-9868-57a2d4851a1d" />
    <TestEntry testId="faed0243-f7e8-cdd9-b5b9-3933b9a315c5" executionId="0dee7ef2-12a4-402e-a72d-f4ef1abb95fa" testListId="8c84fa94-04c1-424b-9868-57a2d4851a1d" />
  </TestEntries>
  <Results>
    <UnitTestResult executionId="ee389593-5e12-4934-81fd-c10f7f7c723f" testId="00cac12b-3959-d21b-cb9f-46e69e8d1f24" testName="SelectProductStatusIsDamageTest" computerName="ACERSANTOS" duration="00:00:00.7658087" startTime="2014-01-10T01:30:26.2723522+08:00" endTime="2014-01-10T01:30:27.4911022+08:00" testType="13cdc9d9-ddb5-4fa4-a97d-d965ccfc6d4b" outcome="Passed" testListId="8c84fa94-04c1-424b-9868-57a2d4851a1d" relativeResultsDirectory="ee389593-5e12-4934-81fd-c10f7f7c723f">
    </UnitTestResult>
    <UnitTestResult executionId="e8c2478d-52a5-4b51-84a3-92d81825c30a" testId="02169cf8-af27-3859-a0f5-77839280f6b1" testName="LoadCost_Given_Size_Is_Given_Test" computerName="ACERSANTOS" duration="00:00:00.0306332" startTime="2014-01-10T01:30:27.4911022+08:00" endTime="2014-01-10T01:30:27.5379772+08:00" testType="13cdc9d9-ddb5-4fa4-a97d-d965ccfc6d4b" outcome="Passed" testListId="8c84fa94-04c1-424b-9868-57a2d4851a1d" relativeResultsDirectory="e8c2478d-52a5-4b51-84a3-92d81825c30a">
    </UnitTestResult>
    <UnitTestResult executionId="4ff802cf-645d-45a8-8525-5b9ca44506d7" testId="04df712c-5b07-cd02-4c71-4dd31747814f" testName="DisableOrEnableSaveDeliveryButton_GivenInputIsGoodTest" computerName="ACERSANTOS" duration="00:00:00.0345602" startTime="2014-01-10T01:30:27.5379772+08:00" endTime="2014-01-10T01:30:27.5692272+08:00" testType="13cdc9d9-ddb5-4fa4-a97d-d965ccfc6d4b" outcome="Passed" testListId="8c84fa94-04c1-424b-9868-57a2d4851a1d" relativeResultsDirectory="4ff802cf-645d-45a8-8525-5b9ca44506d7">
    </UnitTestResult>
    <UnitTestResult executionId="c719de2f-5d64-4bf4-9eaf-ad22a5523915" testId="08dc6b0f-3858-decb-7953-b26cf57e7287" testName="BuildDeliveryDetailsPanelWithAnInitialNonEmptyDeliveryAndNoDamageTest" computerName="ACERSANTOS" duration="00:00:00.0573349" startTime="2014-01-10T01:30:27.5848522+08:00" endTime="2014-01-10T01:30:27.6473522+08:00" testType="13cdc9d9-ddb5-4fa4-a97d-d965ccfc6d4b" outcome="Passed" testListId="8c84fa94-04c1-424b-9868-57a2d4851a1d" relativeResultsDirectory="c719de2f-5d64-4bf4-9eaf-ad22a5523915">
    </UnitTestResult>
    <UnitTestResult executionId="0ad1a935-ede3-435d-8460-ec1284075882" testId="0c517588-31c4-72ad-5cbd-e8cda94d0273" testName="DisableOrEnableSaveDeliveryButton_GivenInputDamageIsFabricAndEmptyDescription_Test" computerName="ACERSANTOS" duration="00:00:00.0056683" startTime="2014-01-10T01:30:27.6473522+08:00" endTime="2014-01-10T01:30:27.6629772+08:00" testType="13cdc9d9-ddb5-4fa4-a97d-d965ccfc6d4b" outcome="Passed" testListId="8c84fa94-04c1-424b-9868-57a2d4851a1d" relativeResultsDirectory="0ad1a935-ede3-435d-8460-ec1284075882">
    </UnitTestResult>
    <UnitTestResult executionId="7f94a959-a72a-4c77-a9db-f897b958dd80" testId="0caf0e9b-f83b-5c73-8740-3c54cefa2c31" testName="DisableOrEnableSaveDeliveryButton_GivenInputDamageIsFabric_Test" computerName="ACERSANTOS" duration="00:00:00.0055906" startTime="2014-01-10T01:30:27.6629772+08:00" endTime="2014-01-10T01:30:27.6786022+08:00" testType="13cdc9d9-ddb5-4fa4-a97d-d965ccfc6d4b" outcome="Passed" testListId="8c84fa94-04c1-424b-9868-57a2d4851a1d" relativeResultsDirectory="7f94a959-a72a-4c77-a9db-f897b958dd80">
    </UnitTestResult>
    <UnitTestResult executionId="36fdf7b4-a612-47e5-8b31-ce6ca0b734a6" testId="136c57e6-f71e-252a-8a0a-6577bfe34217" testName="BuildDeliveryDetailsPanelWithAnInitialNonEmptyDeliveryAndDamageWithSameSDamageDescriptionAndNoGoodProductTest" computerName="ACERSANTOS" duration="00:00:00.0138458" startTime="2014-01-10T01:30:27.6786022+08:00" endTime="2014-01-10T01:30:27.6942272+08:00" testType="13cdc9d9-ddb5-4fa4-a97d-d965ccfc6d4b" outcome="Passed" testListId="8c84fa94-04c1-424b-9868-57a2d4851a1d" relativeResultsDirectory="36fdf7b4-a612-47e5-8b31-ce6ca0b734a6">
    </UnitTestResult>
    <UnitTestResult executionId="348b1651-68ff-41ad-aec9-b062dea37241" testId="18879252-c743-f793-9403-301b2ccee4d1" testName="LoadSuppliersTest" computerName="ACERSANTOS" duration="00:00:00.0121713" startTime="2014-01-10T01:30:27.6942272+08:00" endTime="2014-01-10T01:30:27.7254772+08:00" testType="13cdc9d9-ddb5-4fa4-a97d-d965ccfc6d4b" outcome="Passed" testListId="8c84fa94-04c1-424b-9868-57a2d4851a1d" relativeResultsDirectory="348b1651-68ff-41ad-aec9-b062dea37241">
    </UnitTestResult>
    <UnitTestResult executionId="b8a41718-7d99-4a1b-8a05-b6309f4e1874" testId="1b737d7a-9771-3cc0-0a3c-20b6711fea3e" testName="LoadCost_Given_All_Is_Given_And_ProductDetail_Null_Test" computerName="ACERSANTOS" duration="00:00:00.0106773" startTime="2014-01-10T01:30:27.7254772+08:00" endTime="2014-01-10T01:30:27.7411022+08:00" testType="13cdc9d9-ddb5-4fa4-a97d-d965ccfc6d4b" outcome="Passed" testListId="8c84fa94-04c1-424b-9868-57a2d4851a1d" relativeResultsDirectory="b8a41718-7d99-4a1b-8a05-b6309f4e1874">
    </UnitTestResult>
    <UnitTestResult executionId="2c2a6d04-e5e5-4105-b0fc-a931f2c2ba65" testId="2099bdbf-5489-2689-5f62-4f14732e624e" testName="BuildDeliveryDetailsPanelWithAnInitialEmptyDeliveryTest" computerName="ACERSANTOS" duration="00:00:00.0041326" startTime="2014-01-10T01:30:27.7411022+08:00" endTime="2014-01-10T01:30:27.7567272+08:00" testType="13cdc9d9-ddb5-4fa4-a97d-d965ccfc6d4b" outcome="Passed" testListId="8c84fa94-04c1-424b-9868-57a2d4851a1d" relativeResultsDirectory="2c2a6d04-e5e5-4105-b0fc-a931f2c2ba65">
    </UnitTestResult>
    <UnitTestResult executionId="a2544429-2bda-47fa-950f-ca9670270cc9" testId="247951d6-e32c-7ff8-32a0-e21fd0d47202" testName="LoadCost_Given_Color_Is_Given_Test" computerName="ACERSANTOS" duration="00:00:00.0044880" startTime="2014-01-10T01:30:27.7723522+08:00" endTime="2014-01-10T01:30:27.7723522+08:00" testType="13cdc9d9-ddb5-4fa4-a97d-d965ccfc6d4b" outcome="Passed" testListId="8c84fa94-04c1-424b-9868-57a2d4851a1d" relativeResultsDirectory="a2544429-2bda-47fa-950f-ca9670270cc9">
    </UnitTestResult>
    <UnitTestResult executionId="690ecb9d-f54e-4fb1-bad1-9104e0fc9d53" testId="284e77e3-a7f2-0e57-8ddf-dc3ad1476560" testName="BuildDeliveryDetailsPanelWithAnInitialNonEmptyDeliveryAndDamageWithSameSDamageDescriptionTest" computerName="ACERSANTOS" duration="00:00:00.0033040" startTime="2014-01-10T01:30:27.7723522+08:00" endTime="2014-01-10T01:30:27.7879772+08:00" testType="13cdc9d9-ddb5-4fa4-a97d-d965ccfc6d4b" outcome="Passed" testListId="8c84fa94-04c1-424b-9868-57a2d4851a1d" relativeResultsDirectory="690ecb9d-f54e-4fb1-bad1-9104e0fc9d53">
    </UnitTestResult>
    <UnitTestResult executionId="2b94876b-6107-4455-949e-67d94ab52c50" testId="2b6dab54-cc59-ad3c-8563-37eb80167637" testName="SelectDamageIsNotOtherTest" computerName="ACERSANTOS" duration="00:00:00.0021594" startTime="2014-01-10T01:30:27.7879772+08:00" endTime="2014-01-10T01:30:27.8036022+08:00" testType="13cdc9d9-ddb5-4fa4-a97d-d965ccfc6d4b" outcome="Passed" testListId="8c84fa94-04c1-424b-9868-57a2d4851a1d" relativeResultsDirectory="2b94876b-6107-4455-949e-67d94ab52c50">
    </UnitTestResult>
    <UnitTestResult executionId="5c55568f-a22a-46bf-a910-2fc7b47b0e54" testId="2e6cd78c-f356-f6bb-2338-7d56e4dfef0c" testName="SwitchSearchMode_GivenTrue_Test" computerName="ACERSANTOS" duration="00:00:00.0139718" startTime="2014-01-10T01:30:27.8036022+08:00" endTime="2014-01-10T01:30:27.8192272+08:00" testType="13cdc9d9-ddb5-4fa4-a97d-d965ccfc6d4b" outcome="Passed" testListId="8c84fa94-04c1-424b-9868-57a2d4851a1d" relativeResultsDirectory="5c55568f-a22a-46bf-a910-2fc7b47b0e54">
    </UnitTestResult>
    <UnitTestResult executionId="59ad2f9b-5d52-4dd8-a2e7-7e6877325acb" testId="35909553-f0f2-4fa1-c52c-d6ba661a299b" testName="UseScannerIsOn_Test" computerName="ACERSANTOS" duration="00:00:00.0065729" startTime="2014-01-10T01:30:27.8348522+08:00" endTime="2014-01-10T01:30:27.8348522+08:00" testType="13cdc9d9-ddb5-4fa4-a97d-d965ccfc6d4b" outcome="Passed" testListId="8c84fa94-04c1-424b-9868-57a2d4851a1d" relativeResultsDirectory="59ad2f9b-5d52-4dd8-a2e7-7e6877325acb">
    </UnitTestResult>
    <UnitTestResult executionId="94e98940-dd48-4823-89fe-85b69b79967b" testId="36dc92e3-5d37-9a51-923b-71f3c61bef58" testName="LoadProductsByInputSearchByStockNumberNotEmptyTest" computerName="ACERSANTOS" duration="00:00:00.0094070" startTime="2014-01-10T01:30:27.8504772+08:00" endTime="2014-01-10T01:30:27.8661022+08:00" testType="13cdc9d9-ddb5-4fa4-a97d-d965ccfc6d4b" outcome="Passed" testListId="8c84fa94-04c1-424b-9868-57a2d4851a1d" relativeResultsDirectory="94e98940-dd48-4823-89fe-85b69b79967b">
    </UnitTestResult>
    <UnitTestResult executionId="3ba56e1e-e674-4aaf-8da5-12531ebcf09f" testId="3723b7e7-788b-5811-09c3-e80dac9c435b" testName="DisableOrEnableSaveDeliveryButton_Given_All_Has_Values_And_Status_Is_Good_Enable_Test" computerName="ACERSANTOS" duration="00:00:00.0056412" startTime="2014-01-10T01:30:27.8661022+08:00" endTime="2014-01-10T01:30:27.8817272+08:00" testType="13cdc9d9-ddb5-4fa4-a97d-d965ccfc6d4b" outcome="Passed" testListId="8c84fa94-04c1-424b-9868-57a2d4851a1d" relativeResultsDirectory="3ba56e1e-e674-4aaf-8da5-12531ebcf09f">
    </UnitTestResult>
    <UnitTestResult executionId="3bc5e574-3298-4d60-aff4-4aee98d27813" testId="3b4616a9-73ef-420a-08b6-6dcff08c24e1" testName="ProcessItemCodeAfterScanning_ProductDetailExists_Test" computerName="ACERSANTOS" duration="00:00:00.0089352" startTime="2014-01-10T01:30:27.8817272+08:00" endTime="2014-01-10T01:30:27.8973522+08:00" testType="13cdc9d9-ddb5-4fa4-a97d-d965ccfc6d4b" outcome="Passed" testListId="8c84fa94-04c1-424b-9868-57a2d4851a1d" relativeResultsDirectory="3bc5e574-3298-4d60-aff4-4aee98d27813">
    </UnitTestResult>
    <UnitTestResult executionId="9ff60a2c-4b83-4dbd-92a2-f54a60b683cc" testId="3efa30ea-c6d0-e809-4767-f9b87a4423fd" testName="YearGeneratorTest" computerName="ACERSANTOS" duration="00:00:00.0016197" startTime="2014-01-10T01:30:27.9129772+08:00" endTime="2014-01-10T01:30:27.9129772+08:00" testType="13cdc9d9-ddb5-4fa4-a97d-d965ccfc6d4b" outcome="Passed" testListId="8c84fa94-04c1-424b-9868-57a2d4851a1d" relativeResultsDirectory="9ff60a2c-4b83-4dbd-92a2-f54a60b683cc">
    </UnitTestResult>
    <UnitTestResult executionId="c9cf4c8b-919a-4bf7-8c18-750f9bd0c8cc" testId="4eb87f62-6044-b074-ea4d-e895f913a38d" testName="LoadProductStatusTest" computerName="ACERSANTOS" duration="00:00:00.0073428" startTime="2014-01-10T01:30:27.9129772+08:00" endTime="2014-01-10T01:30:27.9286022+08:00" testType="13cdc9d9-ddb5-4fa4-a97d-d965ccfc6d4b" outcome="Passed" testListId="8c84fa94-04c1-424b-9868-57a2d4851a1d" relativeResultsDirectory="c9cf4c8b-919a-4bf7-8c18-750f9bd0c8cc">
    </UnitTestResult>
    <UnitTestResult executionId="fd15a817-0a27-4bbc-9d39-1f7f0211c8ca" testId="5135972e-6238-db4e-d032-88e725990ef7" testName="BuildDeliveryDetailsPanelWithAnInitialNonEmptyDeliveryAndWithAdditionalDamageTest" computerName="ACERSANTOS" duration="00:00:00.0039412" startTime="2014-01-10T01:30:27.9286022+08:00" endTime="2014-01-10T01:30:27.9442272+08:00" testType="13cdc9d9-ddb5-4fa4-a97d-d965ccfc6d4b" outcome="Passed" testListId="8c84fa94-04c1-424b-9868-57a2d4851a1d" relativeResultsDirectory="fd15a817-0a27-4bbc-9d39-1f7f0211c8ca">
    </UnitTestResult>
    <UnitTestResult executionId="03a8cd1e-2055-4363-9ea2-ef4bf22357be" testId="53ca1852-49a0-a11c-e7e8-a284473e42dd" testName="DisableOrEnableSaveDeliveryButton_Given_EmptyOrNumber_Test" computerName="ACERSANTOS" duration="00:00:00.0030459" startTime="2014-01-10T01:30:27.9442272+08:00" endTime="2014-01-10T01:30:27.9598522+08:00" testType="13cdc9d9-ddb5-4fa4-a97d-d965ccfc6d4b" outcome="Passed" testListId="8c84fa94-04c1-424b-9868-57a2d4851a1d" relativeResultsDirectory="03a8cd1e-2055-4363-9ea2-ef4bf22357be">
    </UnitTestResult>
    <UnitTestResult executionId="2c89f6e5-93e2-497c-8032-402d33131935" testId="542dead6-ed10-9222-74f9-a41b9a960344" testName="LoadDamageStatusTest" computerName="ACERSANTOS" duration="00:00:00.0054302" startTime="2014-01-10T01:30:27.9598522+08:00" endTime="2014-01-10T01:30:27.9754772+08:00" testType="13cdc9d9-ddb5-4fa4-a97d-d965ccfc6d4b" outcome="Passed" testListId="8c84fa94-04c1-424b-9868-57a2d4851a1d" relativeResultsDirectory="2c89f6e5-93e2-497c-8032-402d33131935">
    </UnitTestResult>
    <UnitTestResult executionId="6efc903b-2d29-46d8-bdd3-f3275231804a" testId="567d3c2b-4962-3d47-96ab-601a74aaffe5" testName="LoadProductsByInputSearchByBarcodeNotEmptyTest" computerName="ACERSANTOS" duration="00:00:00.0080901" startTime="2014-01-10T01:30:27.9754772+08:00" endTime="2014-01-10T01:30:27.9911022+08:00" testType="13cdc9d9-ddb5-4fa4-a97d-d965ccfc6d4b" outcome="Passed" testListId="8c84fa94-04c1-424b-9868-57a2d4851a1d" relativeResultsDirectory="6efc903b-2d29-46d8-bdd3-f3275231804a">
    </UnitTestResult>
    <UnitTestResult executionId="95348162-a2c1-4abc-8c76-3f4e6f7cce94" testId="5c93c3b8-238e-e9ac-d3a5-9a2ef47a74cc" testName="BuildDeliveryDetailsPanelWithAnInitialNonEmptyDeliveryTest" computerName="ACERSANTOS" duration="00:00:00.0042393" startTime="2014-01-10T01:30:27.9911022+08:00" endTime="2014-01-10T01:30:28.0067272+08:00" testType="13cdc9d9-ddb5-4fa4-a97d-d965ccfc6d4b" outcome="Passed" testListId="8c84fa94-04c1-424b-9868-57a2d4851a1d" relativeResultsDirectory="95348162-a2c1-4abc-8c76-3f4e6f7cce94">
    </UnitTestResult>
    <UnitTestResult executionId="d2cc3c22-b429-41ae-b67c-e9f6f139b0a6" testId="615a6b46-1aee-dd6e-cd06-60e43626c58e" testName="UseScannerIsOff_Test" computerName="ACERSANTOS" duration="00:00:00.0069609" startTime="2014-01-10T01:30:28.0067272+08:00" endTime="2014-01-10T01:30:28.0223522+08:00" testType="13cdc9d9-ddb5-4fa4-a97d-d965ccfc6d4b" outcome="Passed" testListId="8c84fa94-04c1-424b-9868-57a2d4851a1d" relativeResultsDirectory="d2cc3c22-b429-41ae-b67c-e9f6f139b0a6">
    </UnitTestResult>
    <UnitTestResult executionId="01526616-c420-40eb-905a-db4508c69b2d" testId="698ffbe7-b725-a227-e9f4-5258393318b2" testName="SaveDeliveryDetail_Given_ItemIsGood_Test" computerName="ACERSANTOS" duration="00:00:00.0431099" startTime="2014-01-10T01:30:28.0223522+08:00" endTime="2014-01-10T01:30:28.0848522+08:00" testType="13cdc9d9-ddb5-4fa4-a97d-d965ccfc6d4b" outcome="Passed" testListId="8c84fa94-04c1-424b-9868-57a2d4851a1d" relativeResultsDirectory="01526616-c420-40eb-905a-db4508c69b2d">
    </UnitTestResult>
    <UnitTestResult executionId="b3d537ad-3510-49a6-ada9-219575d803c4" testId="776083fb-40d9-ace0-cafd-b575a93717af" testName="BuildDeliveryDetailsPanelWithAnInitialNonEmptyDeliveryAndNoDamageAndAddedSameSizeTest" computerName="ACERSANTOS" duration="00:00:00.0041533" startTime="2014-01-10T01:30:28.0848522+08:00" endTime="2014-01-10T01:30:28.1004772+08:00" testType="13cdc9d9-ddb5-4fa4-a97d-d965ccfc6d4b" outcome="Passed" testListId="8c84fa94-04c1-424b-9868-57a2d4851a1d" relativeResultsDirectory="b3d537ad-3510-49a6-ada9-219575d803c4">
    </UnitTestResult>
    <UnitTestResult executionId="ee03f873-eaaa-4778-916d-3a44526ad616" testId="85341c1c-02dc-c0cd-6e24-42de4de3c486" testName="LoadCost_Given_All_Is_Given_And_ProductDetailOverrideCost_IsNotNull_Test" computerName="ACERSANTOS" duration="00:00:00.0110631" startTime="2014-01-10T01:30:28.1161022+08:00" endTime="2014-01-10T01:30:28.1317272+08:00" testType="13cdc9d9-ddb5-4fa4-a97d-d965ccfc6d4b" outcome="Passed" testListId="8c84fa94-04c1-424b-9868-57a2d4851a1d" relativeResultsDirectory="ee03f873-eaaa-4778-916d-3a44526ad616">
    </UnitTestResult>
    <UnitTestResult executionId="24fff03a-eb07-4b33-9517-8a41fda7acec" testId="8a737c96-b1b7-c951-5c82-9f4289c05abe" testName="BuildDeliveryDetails_Issue_001_Test" computerName="ACERSANTOS" duration="00:00:00.0035409" startTime="2014-01-10T01:30:28.1317272+08:00" endTime="2014-01-10T01:30:28.1473522+08:00" testType="13cdc9d9-ddb5-4fa4-a97d-d965ccfc6d4b" outcome="Passed" testListId="8c84fa94-04c1-424b-9868-57a2d4851a1d" relativeResultsDirectory="24fff03a-eb07-4b33-9517-8a41fda7acec">
    </UnitTestResult>
    <UnitTestResult executionId="48fdbbfc-86e9-4200-b92c-d1541f38dfb6" testId="8c1e773a-137a-9b93-574d-7de86f793fdf" testName="LoadSelectedProductByProductTest" computerName="ACERSANTOS" duration="00:00:00.0071866" startTime="2014-01-10T01:30:28.1473522+08:00" endTime="2014-01-10T01:30:28.1629772+08:00" testType="13cdc9d9-ddb5-4fa4-a97d-d965ccfc6d4b" outcome="Passed" testListId="8c84fa94-04c1-424b-9868-57a2d4851a1d" relativeResultsDirectory="48fdbbfc-86e9-4200-b92c-d1541f38dfb6">
    </UnitTestResult>
    <UnitTestResult executionId="d5518e1e-1866-4d0c-ba0e-423b79ae02a2" testId="955b49e0-f828-eceb-3c2a-e295da2bb199" testName="SaveDeliveryDetail_Given_ItemIsDamageAndNonOthers_Test" computerName="ACERSANTOS" duration="00:00:00.0220455" startTime="2014-01-10T01:30:28.1786022+08:00" endTime="2014-01-10T01:30:28.2098522+08:00" testType="13cdc9d9-ddb5-4fa4-a97d-d965ccfc6d4b" outcome="Passed" testListId="8c84fa94-04c1-424b-9868-57a2d4851a1d" relativeResultsDirectory="d5518e1e-1866-4d0c-ba0e-423b79ae02a2">
    </UnitTestResult>
    <UnitTestResult executionId="b0d5779c-c764-4d1c-8440-0241213dedef" testId="9b4b7832-1dfe-9ab1-20b0-314be6fd0d43" testName="SaveDelivery_Given_Delivery_Detail_IsNull" computerName="ACERSANTOS" duration="00:00:00.0233722" startTime="2014-01-10T01:30:28.2254772+08:00" endTime="2014-01-10T01:30:28.2567272+08:00" testType="13cdc9d9-ddb5-4fa4-a97d-d965ccfc6d4b" outcome="Passed" testListId="8c84fa94-04c1-424b-9868-57a2d4851a1d" relativeResultsDirectory="b0d5779c-c764-4d1c-8440-0241213dedef">
    </UnitTestResult>
    <UnitTestResult executionId="2b134275-757b-4a31-8024-0d51b0fb9231" testId="a90dcb5c-5bc9-f719-7efd-3e8ef04ccecd" testName="LoadCost_Given_All_Is_Given_And_ProductDetailOverrideCost_IsNull_Test" computerName="ACERSANTOS" duration="00:00:00.0106080" startTime="2014-01-10T01:30:28.2567272+08:00" endTime="2014-01-10T01:30:28.2723522+08:00" testType="13cdc9d9-ddb5-4fa4-a97d-d965ccfc6d4b" outcome="Passed" testListId="8c84fa94-04c1-424b-9868-57a2d4851a1d" relativeResultsDirectory="2b134275-757b-4a31-8024-0d51b0fb9231">
    </UnitTestResult>
    <UnitTestResult executionId="243d0914-6ac8-4eaf-92d7-4acb40a4e862" testId="aef8684c-96d9-ce55-c302-0c7e0b2dc74a" testName="SelectProductStatusIsGoodTest" computerName="ACERSANTOS" duration="00:00:00.0018921" startTime="2014-01-10T01:30:28.2879772+08:00" endTime="2014-01-10T01:30:28.3036022+08:00" testType="13cdc9d9-ddb5-4fa4-a97d-d965ccfc6d4b" outcome="Passed" testListId="8c84fa94-04c1-424b-9868-57a2d4851a1d" relativeResultsDirectory="243d0914-6ac8-4eaf-92d7-4acb40a4e862">
    </UnitTestResult>
    <UnitTestResult executionId="246c7921-20c6-4712-a4ad-507df0effa72" testId="af609df7-1ee3-6905-d4fe-3aa5fcb650a7" testName="DisableOrEnableSaveDeliveryButton_GivenInputDamageSizeIsNull_Test" computerName="ACERSANTOS" duration="00:00:00.0081960" startTime="2014-01-10T01:30:28.3036022+08:00" endTime="2014-01-10T01:30:28.3348522+08:00" testType="13cdc9d9-ddb5-4fa4-a97d-d965ccfc6d4b" outcome="Passed" testListId="8c84fa94-04c1-424b-9868-57a2d4851a1d" relativeResultsDirectory="246c7921-20c6-4712-a4ad-507df0effa72">
    </UnitTestResult>
    <UnitTestResult executionId="eb823787-2079-4e51-916d-dcf21ec3cff1" testId="affc3c7b-2282-a1a7-f6ae-ff585a6ff85e" testName="SelectDamageIsOtherTest" computerName="ACERSANTOS" duration="00:00:00.0022614" startTime="2014-01-10T01:30:28.3348522+08:00" endTime="2014-01-10T01:30:28.3504772+08:00" testType="13cdc9d9-ddb5-4fa4-a97d-d965ccfc6d4b" outcome="Passed" testListId="8c84fa94-04c1-424b-9868-57a2d4851a1d" relativeResultsDirectory="eb823787-2079-4e51-916d-dcf21ec3cff1">
    </UnitTestResult>
    <UnitTestResult executionId="ecd8b18d-943c-4d09-8d8a-4f371fecedcd" testId="b589c64f-2b20-2250-9e4b-8559e7595006" testName="ProcessItemCodeAfterScanning_ProductDetailNotExists_Test" computerName="ACERSANTOS" duration="00:00:00.0056993" startTime="2014-01-10T01:30:28.3504772+08:00" endTime="2014-01-10T01:30:28.3661022+08:00" testType="13cdc9d9-ddb5-4fa4-a97d-d965ccfc6d4b" outcome="Passed" testListId="8c84fa94-04c1-424b-9868-57a2d4851a1d" relativeResultsDirectory="ecd8b18d-943c-4d09-8d8a-4f371fecedcd">
    </UnitTestResult>
    <UnitTestResult executionId="c1330df0-4822-410b-a66b-57882d2c1386" testId="c05dc14b-034b-5fd2-fd0b-143e3edaf55a" testName="DisableOrEnableSaveDeliveryButton_Given_EmptySupplierName_Test" computerName="ACERSANTOS" duration="00:00:00.0045726" startTime="2014-01-10T01:30:28.3661022+08:00" endTime="2014-01-10T01:30:28.3817272+08:00" testType="13cdc9d9-ddb5-4fa4-a97d-d965ccfc6d4b" outcome="Passed" testListId="8c84fa94-04c1-424b-9868-57a2d4851a1d" relativeResultsDirectory="c1330df0-4822-410b-a66b-57882d2c1386">
    </UnitTestResult>
    <UnitTestResult executionId="9c62ebd0-336c-4f69-837a-4e1f5611b23b" testId="c96a23c4-7149-5feb-e6c2-9f64455f0f9f" testName="LoadCost_Given_Washing_Is_Given_Test" computerName="ACERSANTOS" duration="00:00:00.0154678" startTime="2014-01-10T01:30:28.3817272+08:00" endTime="2014-01-10T01:30:28.4129772+08:00" testType="13cdc9d9-ddb5-4fa4-a97d-d965ccfc6d4b" outcome="Passed" testListId="8c84fa94-04c1-424b-9868-57a2d4851a1d" relativeResultsDirectory="9c62ebd0-336c-4f69-837a-4e1f5611b23b">
    </UnitTestResult>
    <UnitTestResult executionId="3a04959f-5b81-49a1-a7f5-075c6761be44" testId="cc497315-0e0f-da31-785d-e872c7d04ce1" testName="DisableOrEnableSaveDeliveryButton_GivenAllInputsIsValid_Test" computerName="ACERSANTOS" duration="00:00:00.0065371" startTime="2014-01-10T01:30:28.4129772+08:00" endTime="2014-01-10T01:30:28.4442272+08:00" testType="13cdc9d9-ddb5-4fa4-a97d-d965ccfc6d4b" outcome="Passed" testListId="8c84fa94-04c1-424b-9868-57a2d4851a1d" relativeResultsDirectory="3a04959f-5b81-49a1-a7f5-075c6761be44">
    </UnitTestResult>
    <UnitTestResult executionId="528e9f63-2617-41b5-8435-b85b1090fce7" testId="ccf1d8fd-6364-029c-2047-b39fe5f42649" testName="InitialLoad_EditMode_Test" computerName="ACERSANTOS" duration="00:00:00.0395209" startTime="2014-01-10T01:30:28.4442272+08:00" endTime="2014-01-10T01:30:28.5067272+08:00" testType="13cdc9d9-ddb5-4fa4-a97d-d965ccfc6d4b" outcome="Passed" testListId="8c84fa94-04c1-424b-9868-57a2d4851a1d" relativeResultsDirectory="528e9f63-2617-41b5-8435-b85b1090fce7">
    </UnitTestResult>
    <UnitTestResult executionId="c042fb98-1a93-4080-845c-02f3e2dfcf69" testId="cfd73a2f-2089-bc77-de68-2eabe8bebc4e" testName="BuildDeliveryDetails_Issue_002_Test" computerName="ACERSANTOS" duration="00:00:00.0037655" startTime="2014-01-10T01:30:28.5067272+08:00" endTime="2014-01-10T01:30:28.5223522+08:00" testType="13cdc9d9-ddb5-4fa4-a97d-d965ccfc6d4b" outcome="Passed" testListId="8c84fa94-04c1-424b-9868-57a2d4851a1d" relativeResultsDirectory="c042fb98-1a93-4080-845c-02f3e2dfcf69">
    </UnitTestResult>
    <UnitTestResult executionId="37c986bf-11d8-45a6-b366-fff82d6e38cf" testId="d4371ab4-4581-fe2f-5f25-170497c8a690" testName="SwitchSearchMode_GivenFalse_Test" computerName="ACERSANTOS" duration="00:00:00.0044656" startTime="2014-01-10T01:30:28.5223522+08:00" endTime="2014-01-10T01:30:28.5379772+08:00" testType="13cdc9d9-ddb5-4fa4-a97d-d965ccfc6d4b" outcome="Passed" testListId="8c84fa94-04c1-424b-9868-57a2d4851a1d" relativeResultsDirectory="37c986bf-11d8-45a6-b366-fff82d6e38cf">
    </UnitTestResult>
    <UnitTestResult executionId="e480aac7-5551-4bcc-814a-fafa0b9adbb3" testId="d9de7a0e-b476-721e-1ad3-17f7ad46f19c" testName="LoadSelectedProductProductDetailTest" computerName="ACERSANTOS" duration="00:00:00.0091209" startTime="2014-01-10T01:30:28.5536022+08:00" endTime="2014-01-10T01:30:28.5692272+08:00" testType="13cdc9d9-ddb5-4fa4-a97d-d965ccfc6d4b" outcome="Passed" testListId="8c84fa94-04c1-424b-9868-57a2d4851a1d" relativeResultsDirectory="e480aac7-5551-4bcc-814a-fafa0b9adbb3">
    </UnitTestResult>
    <UnitTestResult executionId="39802502-1d07-497e-a33b-3e09a35f9da4" testId="db04381d-9eba-9777-cc16-6508ab5fd323" testName="BuildDeliveryDetailsPanelTest" computerName="ACERSANTOS" duration="00:00:00.0032668" startTime="2014-01-10T01:30:28.5692272+08:00" endTime="2014-01-10T01:30:28.5848522+08:00" testType="13cdc9d9-ddb5-4fa4-a97d-d965ccfc6d4b" outcome="Passed" testListId="8c84fa94-04c1-424b-9868-57a2d4851a1d" relativeResultsDirectory="39802502-1d07-497e-a33b-3e09a35f9da4">
    </UnitTestResult>
    <UnitTestResult executionId="f6adc8b2-3cb1-49f9-81da-672880ec2648" testId="dd88d382-a029-26c8-5280-fb736f8309c7" testName="LoadAllProductDetailsTest" computerName="ACERSANTOS" duration="00:00:00.0078962" startTime="2014-01-10T01:30:28.5848522+08:00" endTime="2014-01-10T01:30:28.6004772+08:00" testType="13cdc9d9-ddb5-4fa4-a97d-d965ccfc6d4b" outcome="Passed" testListId="8c84fa94-04c1-424b-9868-57a2d4851a1d" relativeResultsDirectory="f6adc8b2-3cb1-49f9-81da-672880ec2648">
    </UnitTestResult>
    <UnitTestResult executionId="3dddc90e-a844-4aab-be61-561ddcc0582a" testId="e0bd1a5e-b53c-ba27-af82-db933039b2c8" testName="SaveDeliveryDetail_Given_ItemIsDamageAndOthers_Test" computerName="ACERSANTOS" duration="00:00:00.0469629" startTime="2014-01-10T01:30:28.6161022+08:00" endTime="2014-01-10T01:30:28.6629772+08:00" testType="13cdc9d9-ddb5-4fa4-a97d-d965ccfc6d4b" outcome="Failed" testListId="8c84fa94-04c1-424b-9868-57a2d4851a1d" relativeResultsDirectory="3dddc90e-a844-4aab-be61-561ddcc0582a">
      <Output>
        <ErrorInfo>
          <Message>Test method SGInventory.Presenters.Test.DeliveryPresenterTest.SaveDeliveryDetail_Given_ItemIsDamageAndOthers_Test threw exception: 
Moq.MockException: IDeliveryPresenterView.ShouldUseScanner() invocation failed with mock behavior Strict.
All invocations on the mock must have a corresponding setup.</Message>
          <StackTrace>    at Moq.Interceptor.Intercept(ICallContext invocation)
   at Moq.Proxy.CastleProxyFactory.Interceptor.Intercept(IInvocation invocation)
   at Castle.DynamicProxy.AbstractInvocation.Proceed()
   at Castle.Proxies.IDeliveryPresenterViewProxy.ShouldUseScanner()
   at SGInventory.Presenters.DeliveryPresenter.SaveDeliveryDetail(DeliveryDetail deliveryDetail) in E:\Projects\SGIInventory\SGInvetory\SGInventory.Presenter\DeliveryPresenter.cs:line 622
   at SGInventory.Presenters.Test.DeliveryPresenterTest.SaveDeliveryDetail_Given_ItemIsDamageAndOthers_Test() in E:\Projects\SGIInventory\SGInvetory\SGInventory.Presenters.Test\DeliveryPresenterTest.cs:line 976
</StackTrace>
        </ErrorInfo>
      </Output>
    </UnitTestResult>
    <UnitTestResult executionId="076ec598-4cb1-499f-bb6f-f9d716dd3623" testId="e44b57e1-5457-3e9a-ff44-547849a192a4" testName="MonthGeneratorTest" computerName="ACERSANTOS" duration="00:00:00.0030632" startTime="2014-01-10T01:30:28.6629772+08:00" endTime="2014-01-10T01:30:28.6786022+08:00" testType="13cdc9d9-ddb5-4fa4-a97d-d965ccfc6d4b" outcome="Passed" testListId="8c84fa94-04c1-424b-9868-57a2d4851a1d" relativeResultsDirectory="076ec598-4cb1-499f-bb6f-f9d716dd3623">
    </UnitTestResult>
    <UnitTestResult executionId="0dee7ef2-12a4-402e-a72d-f4ef1abb95fa" testId="faed0243-f7e8-cdd9-b5b9-3933b9a315c5" testName="DisableOrEnableSaveDeliveryButton_Given_SupplierName_IsIncorrectlyInput_Test" computerName="ACERSANTOS" duration="00:00:00.0330259" startTime="2014-01-10T01:30:28.6786022+08:00" endTime="2014-01-10T01:30:28.7254772+08:00" testType="13cdc9d9-ddb5-4fa4-a97d-d965ccfc6d4b" outcome="Passed" testListId="8c84fa94-04c1-424b-9868-57a2d4851a1d" relativeResultsDirectory="0dee7ef2-12a4-402e-a72d-f4ef1abb95fa">
    </UnitTestResult>
  </Results>
</TestRun>